<?xml version="1.0"?>
<link_info>
   <banner>TMS320C55x Linker PC v4.4.1</banner>
   <copyright>Copyright (c) 1996-2012 Texas Instruments Incorporated</copyright>
   <link_time>0x62cf026d</link_time>
   <output_file>SoundTrapOffloader.out</output_file>
   <entry_point>
      <name>_c_int00</name>
      <address>0x1db64</address>
   </entry_point>
   <input_file_list>
      <input_file id="fl-2">
         <path>.\</path>
         <kind>object</kind>
         <file>config.obj</file>
         <name>config.obj</name>
      </input_file>
      <input_file id="fl-3">
         <path>.\</path>
         <kind>object</kind>
         <file>crc.obj</file>
         <name>crc.obj</name>
      </input_file>
      <input_file id="fl-4">
         <path>.\</path>
         <kind>object</kind>
         <file>crc_asm.obj</file>
         <name>crc_asm.obj</name>
      </input_file>
      <input_file id="fl-5">
         <path>.\</path>
         <kind>object</kind>
         <file>dma.obj</file>
         <name>dma.obj</name>
      </input_file>
      <input_file id="fl-6">
         <path>.\</path>
         <kind>object</kind>
         <file>gpio.obj</file>
         <name>gpio.obj</name>
      </input_file>
      <input_file id="fl-7">
         <path>.\</path>
         <kind>object</kind>
         <file>hid.obj</file>
         <name>hid.obj</name>
      </input_file>
      <input_file id="fl-8">
         <path>.\</path>
         <kind>object</kind>
         <file>ioExpander.obj</file>
         <name>ioExpander.obj</name>
      </input_file>
      <input_file id="fl-9">
         <path>.\</path>
         <kind>object</kind>
         <file>irq.obj</file>
         <name>irq.obj</name>
      </input_file>
      <input_file id="fl-a">
         <path>.\</path>
         <kind>object</kind>
         <file>memCardSelect.obj</file>
         <name>memCardSelect.obj</name>
      </input_file>
      <input_file id="fl-b">
         <path>.\</path>
         <kind>object</kind>
         <file>mspif.obj</file>
         <name>mspif.obj</name>
      </input_file>
      <input_file id="fl-c">
         <path>.\</path>
         <kind>object</kind>
         <file>sar.obj</file>
         <name>sar.obj</name>
      </input_file>
      <input_file id="fl-d">
         <path>.\</path>
         <kind>object</kind>
         <file>sd.obj</file>
         <name>sd.obj</name>
      </input_file>
      <input_file id="fl-e">
         <path>.\</path>
         <kind>object</kind>
         <file>serialEepromV2.obj</file>
         <name>serialEepromV2.obj</name>
      </input_file>
      <input_file id="fl-f">
         <path>.\</path>
         <kind>object</kind>
         <file>sine.obj</file>
         <name>sine.obj</name>
      </input_file>
      <input_file id="fl-10">
         <path>.\</path>
         <kind>object</kind>
         <file>uart.obj</file>
         <name>uart.obj</name>
      </input_file>
      <input_file id="fl-11">
         <path>.\src\</path>
         <kind>object</kind>
         <file>Commands.obj</file>
         <name>Commands.obj</name>
      </input_file>
      <input_file id="fl-12">
         <path>.\src\</path>
         <kind>object</kind>
         <file>MessageProcessor.obj</file>
         <name>MessageProcessor.obj</name>
      </input_file>
      <input_file id="fl-13">
         <path>.\src\</path>
         <kind>object</kind>
         <file>audioTest.obj</file>
         <name>audioTest.obj</name>
      </input_file>
      <input_file id="fl-14">
         <path>.\src\</path>
         <kind>object</kind>
         <file>flash.obj</file>
         <name>flash.obj</name>
      </input_file>
      <input_file id="fl-15">
         <path>.\src\</path>
         <kind>object</kind>
         <file>i2cPolled.obj</file>
         <name>i2cPolled.obj</name>
      </input_file>
      <input_file id="fl-16">
         <path>.\src\</path>
         <kind>object</kind>
         <file>irCom.obj</file>
         <name>irCom.obj</name>
      </input_file>
      <input_file id="fl-17">
         <path>.\src\</path>
         <kind>object</kind>
         <file>main.obj</file>
         <name>main.obj</name>
      </input_file>
      <input_file id="fl-18">
         <path>.\src\</path>
         <kind>object</kind>
         <file>msp.obj</file>
         <name>msp.obj</name>
      </input_file>
      <input_file id="fl-19">
         <path>.\src\</path>
         <kind>object</kind>
         <file>psense.obj</file>
         <name>psense.obj</name>
      </input_file>
      <input_file id="fl-1a">
         <path>.\src\</path>
         <kind>object</kind>
         <file>spi.obj</file>
         <name>spi.obj</name>
      </input_file>
      <input_file id="fl-1b">
         <path>.\src\</path>
         <kind>object</kind>
         <file>sysControl.obj</file>
         <name>sysControl.obj</name>
      </input_file>
      <input_file id="fl-1c">
         <path>.\src\</path>
         <kind>object</kind>
         <file>tick.obj</file>
         <name>tick.obj</name>
      </input_file>
      <input_file id="fl-1d">
         <path>.\src\</path>
         <kind>object</kind>
         <file>timer.obj</file>
         <name>timer.obj</name>
      </input_file>
      <input_file id="fl-1e">
         <path>.\src\</path>
         <kind>object</kind>
         <file>usb.obj</file>
         <name>usb.obj</name>
      </input_file>
      <input_file id="fl-23">
         <path>C:\Users\Middy\workspace_v8\cslVC5505\Release\</path>
         <kind>archive</kind>
         <file>cslVC5505.lib</file>
         <name>csl_dma.obj</name>
      </input_file>
      <input_file id="fl-24">
         <path>C:\Users\Middy\workspace_v8\cslVC5505\Release\</path>
         <kind>archive</kind>
         <file>cslVC5505.lib</file>
         <name>csl_i2s.obj</name>
      </input_file>
      <input_file id="fl-25">
         <path>C:\Users\Middy\workspace_v8\cslVC5505\Release\</path>
         <kind>archive</kind>
         <file>cslVC5505.lib</file>
         <name>csl_intc.obj</name>
      </input_file>
      <input_file id="fl-26">
         <path>C:\Users\Middy\workspace_v8\cslVC5505\Release\</path>
         <kind>archive</kind>
         <file>cslVC5505.lib</file>
         <name>csl_irqplug.obj</name>
      </input_file>
      <input_file id="fl-27">
         <path>C:\Users\Middy\workspace_v8\cslVC5505\Release\</path>
         <kind>archive</kind>
         <file>cslVC5505.lib</file>
         <name>csl_pll.obj</name>
      </input_file>
      <input_file id="fl-28">
         <path>C:\Users\Middy\workspace_v8\cslVC5505\Release\</path>
         <kind>archive</kind>
         <file>cslVC5505.lib</file>
         <name>csl_usb.obj</name>
      </input_file>
      <input_file id="fl-29">
         <path>C:\Users\Middy\workspace_v8\cslVC5505\Release\</path>
         <kind>archive</kind>
         <file>cslVC5505.lib</file>
         <name>vectors.obj</name>
      </input_file>
      <input_file id="fl-3d">
         <path>C:\ti\ccsv8\tools\compiler\c5500_4.4.1\lib\</path>
         <kind>archive</kind>
         <file>rts55x.lib</file>
         <name>addd.obj</name>
      </input_file>
      <input_file id="fl-3e">
         <path>C:\ti\ccsv8\tools\compiler\c5500_4.4.1\lib\</path>
         <kind>archive</kind>
         <file>rts55x.lib</file>
         <name>boot.obj</name>
      </input_file>
      <input_file id="fl-3f">
         <path>C:\ti\ccsv8\tools\compiler\c5500_4.4.1\lib\</path>
         <kind>archive</kind>
         <file>rts55x.lib</file>
         <name>divd.obj</name>
      </input_file>
      <input_file id="fl-40">
         <path>C:\ti\ccsv8\tools\compiler\c5500_4.4.1\lib\</path>
         <kind>archive</kind>
         <file>rts55x.lib</file>
         <name>divul.obj</name>
      </input_file>
      <input_file id="fl-41">
         <path>C:\ti\ccsv8\tools\compiler\c5500_4.4.1\lib\</path>
         <kind>archive</kind>
         <file>rts55x.lib</file>
         <name>exit.obj</name>
      </input_file>
      <input_file id="fl-42">
         <path>C:\ti\ccsv8\tools\compiler\c5500_4.4.1\lib\</path>
         <kind>archive</kind>
         <file>rts55x.lib</file>
         <name>fixdi.obj</name>
      </input_file>
      <input_file id="fl-43">
         <path>C:\ti\ccsv8\tools\compiler\c5500_4.4.1\lib\</path>
         <kind>archive</kind>
         <file>rts55x.lib</file>
         <name>fixdli.obj</name>
      </input_file>
      <input_file id="fl-44">
         <path>C:\ti\ccsv8\tools\compiler\c5500_4.4.1\lib\</path>
         <kind>archive</kind>
         <file>rts55x.lib</file>
         <name>fixdu.obj</name>
      </input_file>
      <input_file id="fl-45">
         <path>C:\ti\ccsv8\tools\compiler\c5500_4.4.1\lib\</path>
         <kind>archive</kind>
         <file>rts55x.lib</file>
         <name>fixdul.obj</name>
      </input_file>
      <input_file id="fl-46">
         <path>C:\ti\ccsv8\tools\compiler\c5500_4.4.1\lib\</path>
         <kind>archive</kind>
         <file>rts55x.lib</file>
         <name>fltud.obj</name>
      </input_file>
      <input_file id="fl-47">
         <path>C:\ti\ccsv8\tools\compiler\c5500_4.4.1\lib\</path>
         <kind>archive</kind>
         <file>rts55x.lib</file>
         <name>fltuld.obj</name>
      </input_file>
      <input_file id="fl-48">
         <path>C:\ti\ccsv8\tools\compiler\c5500_4.4.1\lib\</path>
         <kind>archive</kind>
         <file>rts55x.lib</file>
         <name>frcmpyd_div.obj</name>
      </input_file>
      <input_file id="fl-49">
         <path>C:\ti\ccsv8\tools\compiler\c5500_4.4.1\lib\</path>
         <kind>archive</kind>
         <file>rts55x.lib</file>
         <name>lmpy.obj</name>
      </input_file>
      <input_file id="fl-4a">
         <path>C:\ti\ccsv8\tools\compiler\c5500_4.4.1\lib\</path>
         <kind>archive</kind>
         <file>rts55x.lib</file>
         <name>log.obj</name>
      </input_file>
      <input_file id="fl-4b">
         <path>C:\ti\ccsv8\tools\compiler\c5500_4.4.1\lib\</path>
         <kind>archive</kind>
         <file>rts55x.lib</file>
         <name>memcpy.obj</name>
      </input_file>
      <input_file id="fl-4c">
         <path>C:\ti\ccsv8\tools\compiler\c5500_4.4.1\lib\</path>
         <kind>archive</kind>
         <file>rts55x.lib</file>
         <name>memset.obj</name>
      </input_file>
      <input_file id="fl-4d">
         <path>C:\ti\ccsv8\tools\compiler\c5500_4.4.1\lib\</path>
         <kind>archive</kind>
         <file>rts55x.lib</file>
         <name>mpyd.obj</name>
      </input_file>
      <input_file id="fl-4e">
         <path>C:\ti\ccsv8\tools\compiler\c5500_4.4.1\lib\</path>
         <kind>archive</kind>
         <file>rts55x.lib</file>
         <name>pow.obj</name>
      </input_file>
      <input_file id="fl-4f">
         <path>C:\ti\ccsv8\tools\compiler\c5500_4.4.1\lib\</path>
         <kind>archive</kind>
         <file>rts55x.lib</file>
         <name>printf.obj</name>
      </input_file>
      <input_file id="fl-50">
         <path>C:\ti\ccsv8\tools\compiler\c5500_4.4.1\lib\</path>
         <kind>archive</kind>
         <file>rts55x.lib</file>
         <name>round.obj</name>
      </input_file>
      <input_file id="fl-51">
         <path>C:\ti\ccsv8\tools\compiler\c5500_4.4.1\lib\</path>
         <kind>archive</kind>
         <file>rts55x.lib</file>
         <name>subd.obj</name>
      </input_file>
      <input_file id="fl-52">
         <path>C:\ti\ccsv8\tools\compiler\c5500_4.4.1\lib\</path>
         <kind>archive</kind>
         <file>rts55x.lib</file>
         <name>trunc.obj</name>
      </input_file>
      <input_file id="fl-53">
         <path>C:\ti\ccsv8\tools\compiler\c5500_4.4.1\lib\</path>
         <kind>archive</kind>
         <file>rts55x.lib</file>
         <name>vectors.obj</name>
      </input_file>
      <input_file id="fl-54">
         <path>C:\ti\ccsv8\tools\compiler\c5500_4.4.1\lib\</path>
         <kind>archive</kind>
         <file>rts55x.lib</file>
         <name>_lock.obj</name>
      </input_file>
      <input_file id="fl-55">
         <path>C:\ti\ccsv8\tools\compiler\c5500_4.4.1\lib\</path>
         <kind>archive</kind>
         <file>rts55x.lib</file>
         <name>_printfi.obj</name>
      </input_file>
      <input_file id="fl-56">
         <path>C:\ti\ccsv8\tools\compiler\c5500_4.4.1\lib\</path>
         <kind>archive</kind>
         <file>rts55x.lib</file>
         <name>args_main.obj</name>
      </input_file>
      <input_file id="fl-57">
         <path>C:\ti\ccsv8\tools\compiler\c5500_4.4.1\lib\</path>
         <kind>archive</kind>
         <file>rts55x.lib</file>
         <name>atoi.obj</name>
      </input_file>
      <input_file id="fl-58">
         <path>C:\ti\ccsv8\tools\compiler\c5500_4.4.1\lib\</path>
         <kind>archive</kind>
         <file>rts55x.lib</file>
         <name>autoinit.obj</name>
      </input_file>
      <input_file id="fl-59">
         <path>C:\ti\ccsv8\tools\compiler\c5500_4.4.1\lib\</path>
         <kind>archive</kind>
         <file>rts55x.lib</file>
         <name>cmpd.obj</name>
      </input_file>
      <input_file id="fl-5a">
         <path>C:\ti\ccsv8\tools\compiler\c5500_4.4.1\lib\</path>
         <kind>archive</kind>
         <file>rts55x.lib</file>
         <name>ctype.obj</name>
      </input_file>
      <input_file id="fl-5b">
         <path>C:\ti\ccsv8\tools\compiler\c5500_4.4.1\lib\</path>
         <kind>archive</kind>
         <file>rts55x.lib</file>
         <name>defs.obj</name>
      </input_file>
      <input_file id="fl-5c">
         <path>C:\ti\ccsv8\tools\compiler\c5500_4.4.1\lib\</path>
         <kind>archive</kind>
         <file>rts55x.lib</file>
         <name>errno.obj</name>
      </input_file>
      <input_file id="fl-5d">
         <path>C:\ti\ccsv8\tools\compiler\c5500_4.4.1\lib\</path>
         <kind>archive</kind>
         <file>rts55x.lib</file>
         <name>fltid.obj</name>
      </input_file>
      <input_file id="fl-5e">
         <path>C:\ti\ccsv8\tools\compiler\c5500_4.4.1\lib\</path>
         <kind>archive</kind>
         <file>rts55x.lib</file>
         <name>fltlid.obj</name>
      </input_file>
      <input_file id="fl-5f">
         <path>C:\ti\ccsv8\tools\compiler\c5500_4.4.1\lib\</path>
         <kind>archive</kind>
         <file>rts55x.lib</file>
         <name>fputc.obj</name>
      </input_file>
      <input_file id="fl-60">
         <path>C:\ti\ccsv8\tools\compiler\c5500_4.4.1\lib\</path>
         <kind>archive</kind>
         <file>rts55x.lib</file>
         <name>fputs.obj</name>
      </input_file>
      <input_file id="fl-61">
         <path>C:\ti\ccsv8\tools\compiler\c5500_4.4.1\lib\</path>
         <kind>archive</kind>
         <file>rts55x.lib</file>
         <name>frcmpyd.obj</name>
      </input_file>
      <input_file id="fl-62">
         <path>C:\ti\ccsv8\tools\compiler\c5500_4.4.1\lib\</path>
         <kind>archive</kind>
         <file>rts55x.lib</file>
         <name>frexp.obj</name>
      </input_file>
      <input_file id="fl-63">
         <path>C:\ti\ccsv8\tools\compiler\c5500_4.4.1\lib\</path>
         <kind>archive</kind>
         <file>rts55x.lib</file>
         <name>isinf.obj</name>
      </input_file>
      <input_file id="fl-64">
         <path>C:\ti\ccsv8\tools\compiler\c5500_4.4.1\lib\</path>
         <kind>archive</kind>
         <file>rts55x.lib</file>
         <name>ldexp.obj</name>
      </input_file>
      <input_file id="fl-65">
         <path>C:\ti\ccsv8\tools\compiler\c5500_4.4.1\lib\</path>
         <kind>archive</kind>
         <file>rts55x.lib</file>
         <name>llmpy.obj</name>
      </input_file>
      <input_file id="fl-66">
         <path>C:\ti\ccsv8\tools\compiler\c5500_4.4.1\lib\</path>
         <kind>archive</kind>
         <file>rts55x.lib</file>
         <name>lowlev.obj</name>
      </input_file>
      <input_file id="fl-67">
         <path>C:\ti\ccsv8\tools\compiler\c5500_4.4.1\lib\</path>
         <kind>archive</kind>
         <file>rts55x.lib</file>
         <name>ltoa.obj</name>
      </input_file>
      <input_file id="fl-68">
         <path>C:\ti\ccsv8\tools\compiler\c5500_4.4.1\lib\</path>
         <kind>archive</kind>
         <file>rts55x.lib</file>
         <name>memccpy.obj</name>
      </input_file>
      <input_file id="fl-69">
         <path>C:\ti\ccsv8\tools\compiler\c5500_4.4.1\lib\</path>
         <kind>archive</kind>
         <file>rts55x.lib</file>
         <name>modf.obj</name>
      </input_file>
      <input_file id="fl-6a">
         <path>C:\ti\ccsv8\tools\compiler\c5500_4.4.1\lib\</path>
         <kind>archive</kind>
         <file>rts55x.lib</file>
         <name>negd.obj</name>
      </input_file>
      <input_file id="fl-6b">
         <path>C:\ti\ccsv8\tools\compiler\c5500_4.4.1\lib\</path>
         <kind>archive</kind>
         <file>rts55x.lib</file>
         <name>remli.obj</name>
      </input_file>
      <input_file id="fl-6c">
         <path>C:\ti\ccsv8\tools\compiler\c5500_4.4.1\lib\</path>
         <kind>archive</kind>
         <file>rts55x.lib</file>
         <name>remul.obj</name>
      </input_file>
      <input_file id="fl-6d">
         <path>C:\ti\ccsv8\tools\compiler\c5500_4.4.1\lib\</path>
         <kind>archive</kind>
         <file>rts55x.lib</file>
         <name>trgdrv.obj</name>
      </input_file>
      <input_file id="fl-6e">
         <path>C:\ti\ccsv8\tools\compiler\c5500_4.4.1\lib\</path>
         <kind>archive</kind>
         <file>rts55x.lib</file>
         <name>trgmsg.obj</name>
      </input_file>
      <input_file id="fl-6f">
         <path>C:\ti\ccsv8\tools\compiler\c5500_4.4.1\lib\</path>
         <kind>archive</kind>
         <file>rts55x.lib</file>
         <name>udiv.obj</name>
      </input_file>
      <input_file id="fl-70">
         <path>C:\ti\ccsv8\tools\compiler\c5500_4.4.1\lib\</path>
         <kind>archive</kind>
         <file>rts55x.lib</file>
         <name>_io_perm.obj</name>
      </input_file>
      <input_file id="fl-71">
         <path>C:\ti\ccsv8\tools\compiler\c5500_4.4.1\lib\</path>
         <kind>archive</kind>
         <file>rts55x.lib</file>
         <name>divli.obj</name>
      </input_file>
      <input_file id="fl-72">
         <path>C:\ti\ccsv8\tools\compiler\c5500_4.4.1\lib\</path>
         <kind>archive</kind>
         <file>rts55x.lib</file>
         <name>fflush.obj</name>
      </input_file>
      <input_file id="fl-73">
         <path>C:\ti\ccsv8\tools\compiler\c5500_4.4.1\lib\</path>
         <kind>archive</kind>
         <file>rts55x.lib</file>
         <name>fseek.obj</name>
      </input_file>
      <input_file id="fl-74">
         <path>C:\ti\ccsv8\tools\compiler\c5500_4.4.1\lib\</path>
         <kind>archive</kind>
         <file>rts55x.lib</file>
         <name>setvbuf.obj</name>
      </input_file>
      <input_file id="fl-75">
         <path>C:\ti\ccsv8\tools\compiler\c5500_4.4.1\lib\</path>
         <kind>archive</kind>
         <file>rts55x.lib</file>
         <name>fopen.obj</name>
      </input_file>
      <input_file id="fl-76">
         <path>C:\ti\ccsv8\tools\compiler\c5500_4.4.1\lib\</path>
         <kind>archive</kind>
         <file>rts55x.lib</file>
         <name>memory.obj</name>
      </input_file>
      <input_file id="fl-77">
         <path>C:\ti\ccsv8\tools\compiler\c5500_4.4.1\lib\</path>
         <kind>archive</kind>
         <file>rts55x.lib</file>
         <name>fclose.obj</name>
      </input_file>
      <input_file id="fl-78">
         <path>C:\ti\ccsv8\tools\compiler\c5500_4.4.1\lib\</path>
         <kind>archive</kind>
         <file>rts55x.lib</file>
         <name>remove.obj</name>
      </input_file>
   </input_file_list>
   <object_component_list>
      <object_component id="oc-f3">
         <name>vectors</name>
         <load_address>0x100</load_address>
         <run_address>0x100</run_address>
         <size>0x100</size>
         <input_file_ref idref="fl-29"/>
      </object_component>
      <object_component id="oc-15c">
         <name>vectors</name>
         <load_address>0x200</load_address>
         <run_address>0x200</run_address>
         <size>0x100</size>
         <input_file_ref idref="fl-53"/>
      </object_component>
      <object_component id="oc-fb">
         <name>.stack</name>
         <uninitialized>true</uninitialized>
         <run_address>0x40000</run_address>
         <size>0x0</size>
         <input_file_ref idref="fl-3e"/>
      </object_component>
      <object_component id="oc-234">
         <name>.stack</name>
         <uninitialized>true</uninitialized>
         <run_address>0x40000</run_address>
         <size>0x0</size>
      </object_component>
      <object_component id="oc-205">
         <name>.sysstack</name>
         <uninitialized>true</uninitialized>
         <run_address>0x41000</run_address>
         <size>0x0</size>
         <input_file_ref idref="fl-3e"/>
      </object_component>
      <object_component id="oc-236">
         <name>.sysstack</name>
         <uninitialized>true</uninitialized>
         <run_address>0x41000</run_address>
         <size>0x0</size>
      </object_component>
      <object_component id="oc-ec">
         <name>.text</name>
         <load_address>0x10000</load_address>
         <run_address>0x10000</run_address>
         <size>0x1a14</size>
         <input_file_ref idref="fl-28"/>
      </object_component>
      <object_component id="oc-166">
         <name>.text</name>
         <load_address>0x11a14</load_address>
         <run_address>0x11a14</run_address>
         <size>0x15a4</size>
         <input_file_ref idref="fl-55"/>
      </object_component>
      <object_component id="oc-d1">
         <name>.text</name>
         <load_address>0x12fb8</load_address>
         <run_address>0x12fb8</run_address>
         <size>0x1191</size>
         <input_file_ref idref="fl-23"/>
      </object_component>
      <object_component id="oc-c8">
         <name>.text</name>
         <load_address>0x14149</load_address>
         <run_address>0x14149</run_address>
         <size>0xf63</size>
         <input_file_ref idref="fl-1e"/>
      </object_component>
      <object_component id="oc-57">
         <name>.text</name>
         <load_address>0x150ac</load_address>
         <run_address>0x150ac</run_address>
         <size>0x8c7</size>
         <input_file_ref idref="fl-d"/>
      </object_component>
      <object_component id="oc-71">
         <name>.text</name>
         <load_address>0x15973</load_address>
         <run_address>0x15973</run_address>
         <size>0x7d3</size>
         <input_file_ref idref="fl-11"/>
      </object_component>
      <object_component id="oc-4a">
         <name>.text</name>
         <load_address>0x16146</load_address>
         <run_address>0x16146</run_address>
         <size>0x7cd</size>
         <input_file_ref idref="fl-b"/>
      </object_component>
      <object_component id="oc-d6">
         <name>.text</name>
         <load_address>0x16913</load_address>
         <run_address>0x16913</run_address>
         <size>0x74a</size>
         <input_file_ref idref="fl-24"/>
      </object_component>
      <object_component id="oc-7e">
         <name>.text</name>
         <load_address>0x1705d</load_address>
         <run_address>0x1705d</run_address>
         <size>0x5ef</size>
         <input_file_ref idref="fl-13"/>
      </object_component>
      <object_component id="oc-142">
         <name>.text</name>
         <load_address>0x1764c</load_address>
         <run_address>0x1764c</run_address>
         <size>0x5a6</size>
         <input_file_ref idref="fl-4e"/>
      </object_component>
      <object_component id="oc-1ae">
         <name>.text</name>
         <load_address>0x17bf2</load_address>
         <run_address>0x17bf2</run_address>
         <size>0x543</size>
         <input_file_ref idref="fl-66"/>
      </object_component>
      <object_component id="oc-1cd">
         <name>.text</name>
         <load_address>0x18135</load_address>
         <run_address>0x18135</run_address>
         <size>0x528</size>
         <input_file_ref idref="fl-6d"/>
      </object_component>
      <object_component id="oc-1f6">
         <name>.text</name>
         <load_address>0x1865d</load_address>
         <run_address>0x1865d</run_address>
         <size>0x4b5</size>
         <input_file_ref idref="fl-76"/>
      </object_component>
      <object_component id="oc-ff">
         <name>.text</name>
         <load_address>0x18b12</load_address>
         <run_address>0x18b12</run_address>
         <size>0x3cc</size>
         <input_file_ref idref="fl-3f"/>
      </object_component>
      <object_component id="oc-dd">
         <name>.text</name>
         <load_address>0x18ede</load_address>
         <run_address>0x18ede</run_address>
         <size>0x3ad</size>
         <input_file_ref idref="fl-25"/>
      </object_component>
      <object_component id="oc-8f">
         <name>.text</name>
         <load_address>0x1928b</load_address>
         <run_address>0x1928b</run_address>
         <size>0x367</size>
         <input_file_ref idref="fl-15"/>
      </object_component>
      <object_component id="oc-9c">
         <name>.text</name>
         <load_address>0x195f2</load_address>
         <run_address>0x195f2</run_address>
         <size>0x328</size>
         <input_file_ref idref="fl-17"/>
      </object_component>
      <object_component id="oc-78">
         <name>.text</name>
         <load_address>0x1991a</load_address>
         <run_address>0x1991a</run_address>
         <size>0x317</size>
         <input_file_ref idref="fl-12"/>
      </object_component>
      <object_component id="oc-a4">
         <name>.text</name>
         <load_address>0x19c31</load_address>
         <run_address>0x19c31</run_address>
         <size>0x2f7</size>
         <input_file_ref idref="fl-18"/>
      </object_component>
      <object_component id="oc-87">
         <name>.text</name>
         <load_address>0x19f28</load_address>
         <run_address>0x19f28</run_address>
         <size>0x2cc</size>
         <input_file_ref idref="fl-14"/>
      </object_component>
      <object_component id="oc-cc">
         <name>.text:retain</name>
         <load_address>0x1a1f4</load_address>
         <run_address>0x1a1f4</run_address>
         <size>0x2bc</size>
         <input_file_ref idref="fl-1e"/>
      </object_component>
      <object_component id="oc-1f0">
         <name>.text</name>
         <load_address>0x1a4b0</load_address>
         <run_address>0x1a4b0</run_address>
         <size>0x27f</size>
         <input_file_ref idref="fl-75"/>
      </object_component>
      <object_component id="oc-2c">
         <name>.text</name>
         <load_address>0x1a72f</load_address>
         <run_address>0x1a72f</run_address>
         <size>0x25e</size>
         <input_file_ref idref="fl-6"/>
      </object_component>
      <object_component id="oc-1aa">
         <name>.text</name>
         <load_address>0x1a98d</load_address>
         <run_address>0x1a98d</run_address>
         <size>0x25e</size>
         <input_file_ref idref="fl-65"/>
      </object_component>
      <object_component id="oc-f7">
         <name>.text</name>
         <load_address>0x1abeb</load_address>
         <run_address>0x1abeb</run_address>
         <size>0x25a</size>
         <input_file_ref idref="fl-3d"/>
      </object_component>
      <object_component id="oc-5e">
         <name>.text</name>
         <load_address>0x1ae45</load_address>
         <run_address>0x1ae45</run_address>
         <size>0x20b</size>
         <input_file_ref idref="fl-e"/>
      </object_component>
      <object_component id="oc-178">
         <name>.text</name>
         <load_address>0x1b050</load_address>
         <run_address>0x1b050</run_address>
         <size>0x1ea</size>
         <input_file_ref idref="fl-59"/>
      </object_component>
      <object_component id="oc-e7">
         <name>.text</name>
         <load_address>0x1b23a</load_address>
         <run_address>0x1b23a</run_address>
         <size>0x1d4</size>
         <input_file_ref idref="fl-27"/>
      </object_component>
      <object_component id="oc-ba">
         <name>.text</name>
         <load_address>0x1b40e</load_address>
         <run_address>0x1b40e</run_address>
         <size>0x1c5</size>
         <input_file_ref idref="fl-1c"/>
      </object_component>
      <object_component id="oc-69">
         <name>.text</name>
         <load_address>0x1b5d3</load_address>
         <run_address>0x1b5d3</run_address>
         <size>0x1c0</size>
         <input_file_ref idref="fl-10"/>
      </object_component>
      <object_component id="oc-2f">
         <name>.text:retain</name>
         <load_address>0x1b793</load_address>
         <run_address>0x1b793</run_address>
         <size>0x173</size>
         <input_file_ref idref="fl-6"/>
      </object_component>
      <object_component id="oc-193">
         <name>.text</name>
         <load_address>0x1b906</load_address>
         <run_address>0x1b906</run_address>
         <size>0x163</size>
         <input_file_ref idref="fl-60"/>
      </object_component>
      <object_component id="oc-28">
         <name>.text:retain</name>
         <load_address>0x1ba69</load_address>
         <run_address>0x1ba69</run_address>
         <size>0x162</size>
         <input_file_ref idref="fl-5"/>
      </object_component>
      <object_component id="oc-13">
         <name>.text</name>
         <load_address>0x1bbcb</load_address>
         <run_address>0x1bbcb</run_address>
         <size>0x161</size>
         <input_file_ref idref="fl-2"/>
      </object_component>
      <object_component id="oc-c4">
         <name>.text:retain</name>
         <load_address>0x1bd2c</load_address>
         <run_address>0x1bd2c</run_address>
         <size>0x158</size>
         <input_file_ref idref="fl-1d"/>
      </object_component>
      <object_component id="oc-13e">
         <name>.text</name>
         <load_address>0x1be84</load_address>
         <run_address>0x1be84</run_address>
         <size>0x14c</size>
         <input_file_ref idref="fl-4d"/>
      </object_component>
      <object_component id="oc-5a">
         <name>.text:retain</name>
         <load_address>0x1bfd0</load_address>
         <run_address>0x1bfd0</run_address>
         <size>0x143</size>
         <input_file_ref idref="fl-d"/>
      </object_component>
      <object_component id="oc-ae">
         <name>.text</name>
         <load_address>0x1c113</load_address>
         <run_address>0x1c113</run_address>
         <size>0x12e</size>
         <input_file_ref idref="fl-1a"/>
      </object_component>
      <object_component id="oc-6d">
         <name>.text:retain</name>
         <load_address>0x1c241</load_address>
         <run_address>0x1c241</run_address>
         <size>0x127</size>
         <input_file_ref idref="fl-10"/>
      </object_component>
      <object_component id="oc-40">
         <name>.text</name>
         <load_address>0x1c368</load_address>
         <run_address>0x1c368</run_address>
         <size>0x100</size>
         <input_file_ref idref="fl-9"/>
      </object_component>
      <object_component id="oc-3b">
         <name>.text</name>
         <load_address>0x1c468</load_address>
         <run_address>0x1c468</run_address>
         <size>0xf6</size>
         <input_file_ref idref="fl-8"/>
      </object_component>
      <object_component id="oc-1a5">
         <name>.text</name>
         <load_address>0x1c55e</load_address>
         <run_address>0x1c55e</run_address>
         <size>0xf2</size>
         <input_file_ref idref="fl-64"/>
      </object_component>
      <object_component id="oc-12f">
         <name>.text</name>
         <load_address>0x1c650</load_address>
         <run_address>0x1c650</run_address>
         <size>0xeb</size>
         <input_file_ref idref="fl-4a"/>
      </object_component>
      <object_component id="oc-1ec">
         <name>.text</name>
         <load_address>0x1c73b</load_address>
         <run_address>0x1c73b</run_address>
         <size>0xe6</size>
         <input_file_ref idref="fl-74"/>
      </object_component>
      <object_component id="oc-1dc">
         <name>.text</name>
         <load_address>0x1c821</load_address>
         <run_address>0x1c821</run_address>
         <size>0xdd</size>
         <input_file_ref idref="fl-70"/>
      </object_component>
      <object_component id="oc-c1">
         <name>.text</name>
         <load_address>0x1c8fe</load_address>
         <run_address>0x1c8fe</run_address>
         <size>0xdb</size>
         <input_file_ref idref="fl-1d"/>
      </object_component>
      <object_component id="oc-33">
         <name>.text</name>
         <load_address>0x1c9d9</load_address>
         <run_address>0x1c9d9</run_address>
         <size>0xd0</size>
         <input_file_ref idref="fl-7"/>
      </object_component>
      <object_component id="oc-19c">
         <name>.text</name>
         <load_address>0x1caa9</load_address>
         <run_address>0x1caa9</run_address>
         <size>0xcc</size>
         <input_file_ref idref="fl-62"/>
      </object_component>
      <object_component id="oc-1e4">
         <name>.text</name>
         <load_address>0x1cb75</load_address>
         <run_address>0x1cb75</run_address>
         <size>0xc2</size>
         <input_file_ref idref="fl-72"/>
      </object_component>
      <object_component id="oc-1bc">
         <name>.text</name>
         <load_address>0x1cc37</load_address>
         <run_address>0x1cc37</run_address>
         <size>0xbf</size>
         <input_file_ref idref="fl-69"/>
      </object_component>
      <object_component id="oc-1d5">
         <name>.text:CIO_breakpoint</name>
         <load_address>0x1ccf6</load_address>
         <run_address>0x1ccf6</run_address>
         <size>0xba</size>
         <input_file_ref idref="fl-6e"/>
      </object_component>
      <object_component id="oc-b4">
         <name>.text</name>
         <load_address>0x1cdb0</load_address>
         <run_address>0x1cdb0</run_address>
         <size>0xb3</size>
         <input_file_ref idref="fl-1b"/>
      </object_component>
      <object_component id="oc-18f">
         <name>.text</name>
         <load_address>0x1ce63</load_address>
         <run_address>0x1ce63</run_address>
         <size>0xa6</size>
         <input_file_ref idref="fl-5f"/>
      </object_component>
      <object_component id="oc-103">
         <name>.text</name>
         <load_address>0x1cf09</load_address>
         <run_address>0x1cf09</run_address>
         <size>0xa1</size>
         <input_file_ref idref="fl-40"/>
      </object_component>
      <object_component id="oc-a9">
         <name>.text</name>
         <load_address>0x1cfaa</load_address>
         <run_address>0x1cfaa</run_address>
         <size>0x92</size>
         <input_file_ref idref="fl-19"/>
      </object_component>
      <object_component id="oc-45">
         <name>.text</name>
         <load_address>0x1d03c</load_address>
         <run_address>0x1d03c</run_address>
         <size>0x8f</size>
         <input_file_ref idref="fl-a"/>
      </object_component>
      <object_component id="oc-e3">
         <name>.text</name>
         <load_address>0x1d0cb</load_address>
         <run_address>0x1d0cb</run_address>
         <size>0x8c</size>
         <input_file_ref idref="fl-26"/>
      </object_component>
      <object_component id="oc-51">
         <name>.text</name>
         <load_address>0x1d157</load_address>
         <run_address>0x1d157</run_address>
         <size>0x87</size>
         <input_file_ref idref="fl-c"/>
      </object_component>
      <object_component id="oc-1b4">
         <name>.text</name>
         <load_address>0x1d1de</load_address>
         <run_address>0x1d1de</run_address>
         <size>0x7d</size>
         <input_file_ref idref="fl-67"/>
      </object_component>
      <object_component id="oc-1fd">
         <name>.text</name>
         <load_address>0x1d25b</load_address>
         <run_address>0x1d25b</run_address>
         <size>0x7b</size>
         <input_file_ref idref="fl-77"/>
      </object_component>
      <object_component id="oc-11a">
         <name>.text</name>
         <load_address>0x1d2d6</load_address>
         <run_address>0x1d2d6</run_address>
         <size>0x77</size>
         <input_file_ref idref="fl-45"/>
      </object_component>
      <object_component id="oc-198">
         <name>.text</name>
         <load_address>0x1d34d</load_address>
         <run_address>0x1d34d</run_address>
         <size>0x76</size>
         <input_file_ref idref="fl-61"/>
      </object_component>
      <object_component id="oc-127">
         <name>.text</name>
         <load_address>0x1d3c3</load_address>
         <run_address>0x1d3c3</run_address>
         <size>0x73</size>
         <input_file_ref idref="fl-48"/>
      </object_component>
      <object_component id="oc-1c9">
         <name>.text</name>
         <load_address>0x1d436</load_address>
         <run_address>0x1d436</run_address>
         <size>0x72</size>
         <input_file_ref idref="fl-6c"/>
      </object_component>
      <object_component id="oc-112">
         <name>.text</name>
         <load_address>0x1d4a8</load_address>
         <run_address>0x1d4a8</run_address>
         <size>0x6f</size>
         <input_file_ref idref="fl-43"/>
      </object_component>
      <object_component id="oc-f2">
         <name>.text</name>
         <load_address>0x1d517</load_address>
         <run_address>0x1d517</run_address>
         <size>0x6d</size>
         <input_file_ref idref="fl-29"/>
      </object_component>
      <object_component id="oc-1d2">
         <name>.text</name>
         <load_address>0x1d584</load_address>
         <run_address>0x1d584</run_address>
         <size>0x6d</size>
         <input_file_ref idref="fl-6e"/>
      </object_component>
      <object_component id="oc-1e8">
         <name>.text</name>
         <load_address>0x1d5f1</load_address>
         <run_address>0x1d5f1</run_address>
         <size>0x6b</size>
         <input_file_ref idref="fl-73"/>
      </object_component>
      <object_component id="oc-18a">
         <name>.text</name>
         <load_address>0x1d65c</load_address>
         <run_address>0x1d65c</run_address>
         <size>0x67</size>
         <input_file_ref idref="fl-5e"/>
      </object_component>
      <object_component id="oc-64">
         <name>.text</name>
         <load_address>0x1d6c3</load_address>
         <run_address>0x1d6c3</run_address>
         <size>0x60</size>
         <input_file_ref idref="fl-f"/>
      </object_component>
      <object_component id="oc-19">
         <name>.text</name>
         <load_address>0x1d723</load_address>
         <run_address>0x1d723</run_address>
         <size>0x5f</size>
         <input_file_ref idref="fl-3"/>
      </object_component>
      <object_component id="oc-14d">
         <name>.text</name>
         <load_address>0x1d782</load_address>
         <run_address>0x1d782</run_address>
         <size>0x5f</size>
         <input_file_ref idref="fl-50"/>
      </object_component>
      <object_component id="oc-170">
         <name>.text</name>
         <load_address>0x1d7e1</load_address>
         <run_address>0x1d7e1</run_address>
         <size>0x5c</size>
         <input_file_ref idref="fl-57"/>
      </object_component>
      <object_component id="oc-122">
         <name>.text</name>
         <load_address>0x1d83d</load_address>
         <run_address>0x1d83d</run_address>
         <size>0x5b</size>
         <input_file_ref idref="fl-47"/>
      </object_component>
      <object_component id="oc-24">
         <name>.text</name>
         <load_address>0x1d898</load_address>
         <run_address>0x1d898</run_address>
         <size>0x55</size>
         <input_file_ref idref="fl-5"/>
      </object_component>
      <object_component id="oc-149">
         <name>.text</name>
         <load_address>0x1d8ed</load_address>
         <run_address>0x1d8ed</run_address>
         <size>0x50</size>
         <input_file_ref idref="fl-4f"/>
      </object_component>
      <object_component id="oc-174">
         <name>.text</name>
         <load_address>0x1d93d</load_address>
         <run_address>0x1d93d</run_address>
         <size>0x4d</size>
         <input_file_ref idref="fl-58"/>
      </object_component>
      <object_component id="oc-16c">
         <name>.text</name>
         <load_address>0x1d98a</load_address>
         <run_address>0x1d98a</run_address>
         <size>0x4b</size>
         <input_file_ref idref="fl-56"/>
      </object_component>
      <object_component id="oc-1c5">
         <name>.text</name>
         <load_address>0x1d9d5</load_address>
         <run_address>0x1d9d5</run_address>
         <size>0x4b</size>
         <input_file_ref idref="fl-6b"/>
      </object_component>
      <object_component id="oc-1e0">
         <name>.text</name>
         <load_address>0x1da20</load_address>
         <run_address>0x1da20</run_address>
         <size>0x48</size>
         <input_file_ref idref="fl-71"/>
      </object_component>
      <object_component id="oc-156">
         <name>.text</name>
         <load_address>0x1da68</load_address>
         <run_address>0x1da68</run_address>
         <size>0x41</size>
         <input_file_ref idref="fl-52"/>
      </object_component>
      <object_component id="oc-136">
         <name>.text</name>
         <load_address>0x1daa9</load_address>
         <run_address>0x1daa9</run_address>
         <size>0x3f</size>
         <input_file_ref idref="fl-4b"/>
      </object_component>
      <object_component id="oc-20">
         <name>.text</name>
         <load_address>0x1dae8</load_address>
         <run_address>0x1dae8</run_address>
         <size>0x3e</size>
         <input_file_ref idref="fl-4"/>
      </object_component>
      <object_component id="oc-107">
         <name>.text</name>
         <load_address>0x1db26</load_address>
         <run_address>0x1db26</run_address>
         <size>0x3e</size>
         <input_file_ref idref="fl-41"/>
      </object_component>
      <object_component id="oc-12">
         <name>.text</name>
         <load_address>0x1db64</load_address>
         <run_address>0x1db64</run_address>
         <size>0x34</size>
         <input_file_ref idref="fl-3e"/>
      </object_component>
      <object_component id="oc-10e">
         <name>.text</name>
         <load_address>0x1db98</load_address>
         <run_address>0x1db98</run_address>
         <size>0x2a</size>
         <input_file_ref idref="fl-42"/>
      </object_component>
      <object_component id="oc-1d8">
         <name>.text</name>
         <load_address>0x1dbc2</load_address>
         <run_address>0x1dbc2</run_address>
         <size>0x2a</size>
         <input_file_ref idref="fl-6f"/>
      </object_component>
      <object_component id="oc-1b8">
         <name>.text</name>
         <load_address>0x1dbec</load_address>
         <run_address>0x1dbec</run_address>
         <size>0x23</size>
         <input_file_ref idref="fl-68"/>
      </object_component>
      <object_component id="oc-116">
         <name>.text</name>
         <load_address>0x1dc0f</load_address>
         <run_address>0x1dc0f</run_address>
         <size>0x1b</size>
         <input_file_ref idref="fl-44"/>
      </object_component>
      <object_component id="oc-1a1">
         <name>.text</name>
         <load_address>0x1dc2a</load_address>
         <run_address>0x1dc2a</run_address>
         <size>0x1a</size>
         <input_file_ref idref="fl-63"/>
      </object_component>
      <object_component id="oc-95">
         <name>.text</name>
         <load_address>0x1dc44</load_address>
         <run_address>0x1dc44</run_address>
         <size>0x14</size>
         <input_file_ref idref="fl-16"/>
      </object_component>
      <object_component id="oc-152">
         <name>.text</name>
         <load_address>0x1dc58</load_address>
         <run_address>0x1dc58</run_address>
         <size>0x14</size>
         <input_file_ref idref="fl-51"/>
      </object_component>
      <object_component id="oc-12b">
         <name>.text</name>
         <load_address>0x1dc6c</load_address>
         <run_address>0x1dc6c</run_address>
         <size>0x13</size>
         <input_file_ref idref="fl-49"/>
      </object_component>
      <object_component id="oc-160">
         <name>.text</name>
         <load_address>0x1dc7f</load_address>
         <run_address>0x1dc7f</run_address>
         <size>0x12</size>
         <input_file_ref idref="fl-54"/>
      </object_component>
      <object_component id="oc-13a">
         <name>.text</name>
         <load_address>0x1dc91</load_address>
         <run_address>0x1dc91</run_address>
         <size>0x11</size>
         <input_file_ref idref="fl-4c"/>
      </object_component>
      <object_component id="oc-1c1">
         <name>.text</name>
         <load_address>0x1dca2</load_address>
         <run_address>0x1dca2</run_address>
         <size>0x10</size>
         <input_file_ref idref="fl-6a"/>
      </object_component>
      <object_component id="oc-11e">
         <name>.text</name>
         <load_address>0x1dcb2</load_address>
         <run_address>0x1dcb2</run_address>
         <size>0xe</size>
         <input_file_ref idref="fl-46"/>
      </object_component>
      <object_component id="oc-186">
         <name>.text</name>
         <load_address>0x1dcc0</load_address>
         <run_address>0x1dcc0</run_address>
         <size>0xc</size>
         <input_file_ref idref="fl-5d"/>
      </object_component>
      <object_component id="oc-201">
         <name>.text</name>
         <load_address>0x1dccc</load_address>
         <run_address>0x1dccc</run_address>
         <size>0xa</size>
         <input_file_ref idref="fl-78"/>
      </object_component>
      <object_component id="oc-10b">
         <name>.text:CIO_breakpoint</name>
         <load_address>0x1dcd6</load_address>
         <run_address>0x1dcd6</run_address>
         <size>0x7</size>
         <input_file_ref idref="fl-41"/>
      </object_component>
      <object_component id="oc-15b">
         <name>.text</name>
         <load_address>0x1dcdd</load_address>
         <run_address>0x1dcdd</run_address>
         <size>0x2</size>
         <input_file_ref idref="fl-53"/>
      </object_component>
      <object_component id="oc-65">
         <name>.data:.text</name>
         <load_address>0x22454</load_address>
         <run_address>0x22454</run_address>
         <size>0x2</size>
         <input_file_ref idref="fl-f"/>
      </object_component>
      <object_component id="oc-79">
         <name>.bss</name>
         <load_address>0x1dce0</load_address>
         <run_address>0x1dce0</run_address>
         <size>0x189a</size>
         <input_file_ref idref="fl-12"/>
      </object_component>
      <object_component id="oc-72">
         <name>.bss</name>
         <load_address>0x1f57a</load_address>
         <run_address>0x1f57a</run_address>
         <size>0x7d2</size>
         <input_file_ref idref="fl-11"/>
      </object_component>
      <object_component id="oc-34">
         <name>.bss</name>
         <load_address>0x1fd4c</load_address>
         <run_address>0x1fd4c</run_address>
         <size>0x4</size>
         <input_file_ref idref="fl-7"/>
      </object_component>
      <object_component id="oc-c9">
         <name>.bss</name>
         <load_address>0x1fd50</load_address>
         <run_address>0x1fd50</run_address>
         <size>0x630</size>
         <input_file_ref idref="fl-1e"/>
      </object_component>
      <object_component id="oc-ed">
         <name>.bss</name>
         <load_address>0x20380</load_address>
         <run_address>0x20380</run_address>
         <size>0x37c</size>
         <input_file_ref idref="fl-28"/>
      </object_component>
      <object_component id="oc-17e">
         <name>.bss</name>
         <load_address>0x206fc</load_address>
         <run_address>0x206fc</run_address>
         <size>0x232</size>
         <input_file_ref idref="fl-5b"/>
      </object_component>
      <object_component id="oc-90">
         <name>.bss</name>
         <load_address>0x2092e</load_address>
         <run_address>0x2092e</run_address>
         <size>0x2</size>
         <input_file_ref idref="fl-15"/>
      </object_component>
      <object_component id="oc-88">
         <name>.bss</name>
         <load_address>0x20930</load_address>
         <run_address>0x20930</run_address>
         <size>0x21a</size>
         <input_file_ref idref="fl-14"/>
      </object_component>
      <object_component id="oc-1a">
         <name>.bss</name>
         <load_address>0x20b4a</load_address>
         <run_address>0x20b4a</run_address>
         <size>0x200</size>
         <input_file_ref idref="fl-3"/>
      </object_component>
      <object_component id="oc-1ce">
         <name>.bss</name>
         <load_address>0x20d4a</load_address>
         <run_address>0x20d4a</run_address>
         <size>0x1a0</size>
         <input_file_ref idref="fl-6d"/>
      </object_component>
      <object_component id="oc-182">
         <name>.bss</name>
         <load_address>0x20eea</load_address>
         <run_address>0x20eea</run_address>
         <size>0x2</size>
         <input_file_ref idref="fl-5c"/>
      </object_component>
      <object_component id="oc-de">
         <name>.bss</name>
         <load_address>0x20eec</load_address>
         <run_address>0x20eec</run_address>
         <size>0x108</size>
         <input_file_ref idref="fl-25"/>
      </object_component>
      <object_component id="oc-58">
         <name>.bss</name>
         <load_address>0x20ff4</load_address>
         <run_address>0x20ff4</run_address>
         <size>0xe4</size>
         <input_file_ref idref="fl-d"/>
      </object_component>
      <object_component id="oc-1af">
         <name>.bss</name>
         <load_address>0x210d8</load_address>
         <run_address>0x210d8</run_address>
         <size>0xe2</size>
         <input_file_ref idref="fl-66"/>
      </object_component>
      <object_component id="oc-1f1">
         <name>.bss</name>
         <load_address>0x211ba</load_address>
         <run_address>0x211ba</run_address>
         <size>0x2</size>
         <input_file_ref idref="fl-75"/>
      </object_component>
      <object_component id="oc-bb">
         <name>.bss</name>
         <load_address>0x211bc</load_address>
         <run_address>0x211bc</run_address>
         <size>0xb2</size>
         <input_file_ref idref="fl-1c"/>
      </object_component>
      <object_component id="oc-52">
         <name>.bss</name>
         <load_address>0x2126e</load_address>
         <run_address>0x2126e</run_address>
         <size>0x2</size>
         <input_file_ref idref="fl-c"/>
      </object_component>
      <object_component id="oc-2d">
         <name>.bss</name>
         <load_address>0x21270</load_address>
         <run_address>0x21270</run_address>
         <size>0x84</size>
         <input_file_ref idref="fl-6"/>
      </object_component>
      <object_component id="oc-5f">
         <name>.bss</name>
         <load_address>0x212f4</load_address>
         <run_address>0x212f4</run_address>
         <size>0x84</size>
         <input_file_ref idref="fl-e"/>
      </object_component>
      <object_component id="oc-143">
         <name>.bss</name>
         <load_address>0x21378</load_address>
         <run_address>0x21378</run_address>
         <size>0x74</size>
         <input_file_ref idref="fl-4e"/>
      </object_component>
      <object_component id="oc-14">
         <name>.bss</name>
         <load_address>0x213ec</load_address>
         <run_address>0x213ec</run_address>
         <size>0x70</size>
         <input_file_ref idref="fl-2"/>
      </object_component>
      <object_component id="oc-7f">
         <name>.bss</name>
         <load_address>0x2145c</load_address>
         <run_address>0x2145c</run_address>
         <size>0x6a</size>
         <input_file_ref idref="fl-13"/>
      </object_component>
      <object_component id="oc-d7">
         <name>.bss</name>
         <load_address>0x214c6</load_address>
         <run_address>0x214c6</run_address>
         <size>0x54</size>
         <input_file_ref idref="fl-24"/>
      </object_component>
      <object_component id="oc-af">
         <name>.bss</name>
         <load_address>0x2151a</load_address>
         <run_address>0x2151a</run_address>
         <size>0x2</size>
         <input_file_ref idref="fl-1a"/>
      </object_component>
      <object_component id="oc-25">
         <name>.bss</name>
         <load_address>0x2151c</load_address>
         <run_address>0x2151c</run_address>
         <size>0x42</size>
         <input_file_ref idref="fl-5"/>
      </object_component>
      <object_component id="oc-b5">
         <name>.bss</name>
         <load_address>0x2155e</load_address>
         <run_address>0x2155e</run_address>
         <size>0x2</size>
         <input_file_ref idref="fl-1b"/>
      </object_component>
      <object_component id="oc-9d">
         <name>.bss</name>
         <load_address>0x21560</load_address>
         <run_address>0x21560</run_address>
         <size>0x3e</size>
         <input_file_ref idref="fl-17"/>
      </object_component>
      <object_component id="oc-130">
         <name>.bss</name>
         <load_address>0x215a0</load_address>
         <run_address>0x215a0</run_address>
         <size>0x20</size>
         <input_file_ref idref="fl-4a"/>
      </object_component>
      <object_component id="oc-c2">
         <name>.bss</name>
         <load_address>0x215c0</load_address>
         <run_address>0x215c0</run_address>
         <size>0x12</size>
         <input_file_ref idref="fl-1d"/>
      </object_component>
      <object_component id="oc-1f7">
         <name>.bss</name>
         <load_address>0x215d4</load_address>
         <run_address>0x215d4</run_address>
         <size>0xc</size>
         <input_file_ref idref="fl-76"/>
      </object_component>
      <object_component id="oc-161">
         <name>.bss</name>
         <load_address>0x215e0</load_address>
         <run_address>0x215e0</run_address>
         <size>0x8</size>
         <input_file_ref idref="fl-54"/>
      </object_component>
      <object_component id="oc-108">
         <name>.bss</name>
         <load_address>0x215e8</load_address>
         <run_address>0x215e8</run_address>
         <size>0x8</size>
         <input_file_ref idref="fl-41"/>
      </object_component>
      <object_component id="oc-6a">
         <name>.bss</name>
         <load_address>0x215f0</load_address>
         <run_address>0x215f0</run_address>
         <size>0x8</size>
         <input_file_ref idref="fl-10"/>
      </object_component>
      <object_component id="oc-4b">
         <name>.bss</name>
         <load_address>0x215f8</load_address>
         <run_address>0x215f8</run_address>
         <size>0x6</size>
         <input_file_ref idref="fl-b"/>
      </object_component>
      <object_component id="oc-96">
         <name>.bss</name>
         <load_address>0x215fe</load_address>
         <run_address>0x215fe</run_address>
         <size>0x4</size>
         <input_file_ref idref="fl-16"/>
      </object_component>
      <object_component id="oc-1c">
         <name>.cinit</name>
         <load_address>0x21602</load_address>
         <run_address>0x21602</run_address>
         <size>0x206</size>
         <input_file_ref idref="fl-3"/>
      </object_component>
      <object_component id="oc-cb">
         <name>.cinit</name>
         <load_address>0x21808</load_address>
         <run_address>0x21808</run_address>
         <size>0xce</size>
         <input_file_ref idref="fl-1e"/>
      </object_component>
      <object_component id="oc-145">
         <name>.cinit</name>
         <load_address>0x218d6</load_address>
         <run_address>0x218d6</run_address>
         <size>0x8c</size>
         <input_file_ref idref="fl-4e"/>
      </object_component>
      <object_component id="oc-1b1">
         <name>.cinit</name>
         <load_address>0x21962</load_address>
         <run_address>0x21962</run_address>
         <size>0x5a</size>
         <input_file_ref idref="fl-66"/>
      </object_component>
      <object_component id="oc-180">
         <name>.cinit</name>
         <load_address>0x219bc</load_address>
         <run_address>0x219bc</run_address>
         <size>0x54</size>
         <input_file_ref idref="fl-5b"/>
      </object_component>
      <object_component id="oc-81">
         <name>.cinit</name>
         <load_address>0x21a10</load_address>
         <run_address>0x21a10</run_address>
         <size>0x28</size>
         <input_file_ref idref="fl-13"/>
      </object_component>
      <object_component id="oc-132">
         <name>.cinit</name>
         <load_address>0x21a38</load_address>
         <run_address>0x21a38</run_address>
         <size>0x26</size>
         <input_file_ref idref="fl-4a"/>
      </object_component>
      <object_component id="oc-9f">
         <name>.cinit</name>
         <load_address>0x21a5e</load_address>
         <run_address>0x21a5e</run_address>
         <size>0x20</size>
         <input_file_ref idref="fl-17"/>
      </object_component>
      <object_component id="oc-bd">
         <name>.cinit</name>
         <load_address>0x21a7e</load_address>
         <run_address>0x21a7e</run_address>
         <size>0x1c</size>
         <input_file_ref idref="fl-1c"/>
      </object_component>
      <object_component id="oc-163">
         <name>.cinit</name>
         <load_address>0x21a9a</load_address>
         <run_address>0x21a9a</run_address>
         <size>0x14</size>
         <input_file_ref idref="fl-54"/>
      </object_component>
      <object_component id="oc-10a">
         <name>.cinit</name>
         <load_address>0x21aae</load_address>
         <run_address>0x21aae</run_address>
         <size>0x14</size>
         <input_file_ref idref="fl-41"/>
      </object_component>
      <object_component id="oc-d9">
         <name>.cinit</name>
         <load_address>0x21ac2</load_address>
         <run_address>0x21ac2</run_address>
         <size>0x10</size>
         <input_file_ref idref="fl-24"/>
      </object_component>
      <object_component id="oc-8a">
         <name>.cinit</name>
         <load_address>0x21ad2</load_address>
         <run_address>0x21ad2</run_address>
         <size>0x10</size>
         <input_file_ref idref="fl-14"/>
      </object_component>
      <object_component id="oc-36">
         <name>.cinit</name>
         <load_address>0x21ae2</load_address>
         <run_address>0x21ae2</run_address>
         <size>0x10</size>
         <input_file_ref idref="fl-7"/>
      </object_component>
      <object_component id="oc-98">
         <name>.cinit</name>
         <load_address>0x21af2</load_address>
         <run_address>0x21af2</run_address>
         <size>0xa</size>
         <input_file_ref idref="fl-16"/>
      </object_component>
      <object_component id="oc-6c">
         <name>.cinit</name>
         <load_address>0x21afc</load_address>
         <run_address>0x21afc</run_address>
         <size>0xa</size>
         <input_file_ref idref="fl-10"/>
      </object_component>
      <object_component id="oc-27">
         <name>.cinit</name>
         <load_address>0x21b06</load_address>
         <run_address>0x21b06</run_address>
         <size>0x8</size>
         <input_file_ref idref="fl-5"/>
      </object_component>
      <object_component id="oc-184">
         <name>.cinit</name>
         <load_address>0x21b0e</load_address>
         <run_address>0x21b0e</run_address>
         <size>0x8</size>
         <input_file_ref idref="fl-5c"/>
      </object_component>
      <object_component id="oc-1f3">
         <name>.cinit</name>
         <load_address>0x21b16</load_address>
         <run_address>0x21b16</run_address>
         <size>0x8</size>
         <input_file_ref idref="fl-75"/>
      </object_component>
      <object_component id="oc-1f9">
         <name>.cinit</name>
         <load_address>0x21b1e</load_address>
         <run_address>0x21b1e</run_address>
         <size>0x8</size>
         <input_file_ref idref="fl-76"/>
      </object_component>
      <object_component id="oc-21a">
         <name>.const:__ctypes_</name>
         <load_address>0x21b28</load_address>
         <run_address>0x21b28</run_address>
         <size>0x202</size>
         <input_file_ref idref="fl-5a"/>
      </object_component>
      <object_component id="oc-210">
         <name>.const:_$P$T0$1</name>
         <load_address>0x21d2a</load_address>
         <run_address>0x21d2a</run_address>
         <size>0x2</size>
         <input_file_ref idref="fl-11"/>
      </object_component>
      <object_component id="oc-cd">
         <name>.const:.string</name>
         <load_address>0x21d2c</load_address>
         <run_address>0x21d2c</run_address>
         <size>0x13e</size>
         <input_file_ref idref="fl-1e"/>
      </object_component>
      <object_component id="oc-213">
         <name>.const:_$P$T1$2</name>
         <load_address>0x21e6a</load_address>
         <run_address>0x21e6a</run_address>
         <size>0x2</size>
         <input_file_ref idref="fl-19"/>
      </object_component>
      <object_component id="oc-169">
         <name>.const:.string</name>
         <load_address>0x21e6c</load_address>
         <run_address>0x21e6c</run_address>
         <size>0x48</size>
         <input_file_ref idref="fl-55"/>
      </object_component>
      <object_component id="oc-37">
         <name>.const:.string</name>
         <load_address>0x21eb4</load_address>
         <run_address>0x21eb4</run_address>
         <size>0x44</size>
         <input_file_ref idref="fl-7"/>
      </object_component>
      <object_component id="oc-146">
         <name>.const</name>
         <load_address>0x21ef8</load_address>
         <run_address>0x21ef8</run_address>
         <size>0x38</size>
         <input_file_ref idref="fl-4e"/>
      </object_component>
      <object_component id="oc-4d">
         <name>.const</name>
         <load_address>0x21f30</load_address>
         <run_address>0x21f30</run_address>
         <size>0x24</size>
         <input_file_ref idref="fl-b"/>
      </object_component>
      <object_component id="oc-168">
         <name>.const</name>
         <load_address>0x21f54</load_address>
         <run_address>0x21f54</run_address>
         <size>0x18</size>
         <input_file_ref idref="fl-55"/>
      </object_component>
      <object_component id="oc-206">
         <name>.const:_$P$T8$9</name>
         <load_address>0x21f6c</load_address>
         <run_address>0x21f6c</run_address>
         <size>0x16</size>
         <input_file_ref idref="fl-b"/>
      </object_component>
      <object_component id="oc-1a7">
         <name>.const</name>
         <load_address>0x21f84</load_address>
         <run_address>0x21f84</run_address>
         <size>0x14</size>
         <input_file_ref idref="fl-64"/>
      </object_component>
      <object_component id="oc-133">
         <name>.const</name>
         <load_address>0x21f98</load_address>
         <run_address>0x21f98</run_address>
         <size>0x14</size>
         <input_file_ref idref="fl-4a"/>
      </object_component>
      <object_component id="oc-219">
         <name>.const:_initial_approx$1</name>
         <load_address>0x21fac</load_address>
         <run_address>0x21fac</run_address>
         <size>0x10</size>
         <input_file_ref idref="fl-3f"/>
      </object_component>
      <object_component id="oc-19e">
         <name>.const</name>
         <load_address>0x21fbc</load_address>
         <run_address>0x21fbc</run_address>
         <size>0x10</size>
         <input_file_ref idref="fl-62"/>
      </object_component>
      <object_component id="oc-14f">
         <name>.const</name>
         <load_address>0x21fcc</load_address>
         <run_address>0x21fcc</run_address>
         <size>0x10</size>
         <input_file_ref idref="fl-50"/>
      </object_component>
      <object_component id="oc-74">
         <name>.const:.string</name>
         <load_address>0x21fdc</load_address>
         <run_address>0x21fdc</run_address>
         <size>0xc</size>
         <input_file_ref idref="fl-11"/>
      </object_component>
      <object_component id="oc-83">
         <name>.const</name>
         <load_address>0x21fe8</load_address>
         <run_address>0x21fe8</run_address>
         <size>0xc</size>
         <input_file_ref idref="fl-13"/>
      </object_component>
      <object_component id="oc-1be">
         <name>.const</name>
         <load_address>0x21ff4</load_address>
         <run_address>0x21ff4</run_address>
         <size>0xc</size>
         <input_file_ref idref="fl-69"/>
      </object_component>
      <object_component id="oc-158">
         <name>.const</name>
         <load_address>0x22000</load_address>
         <run_address>0x22000</run_address>
         <size>0x8</size>
         <input_file_ref idref="fl-52"/>
      </object_component>
      <object_component id="oc-207">
         <name>.const:_$P$T6$7</name>
         <load_address>0x22008</load_address>
         <run_address>0x22008</run_address>
         <size>0x6</size>
         <input_file_ref idref="fl-b"/>
      </object_component>
      <object_component id="oc-195">
         <name>.const:.string</name>
         <load_address>0x22010</load_address>
         <run_address>0x22010</run_address>
         <size>0x4</size>
         <input_file_ref idref="fl-60"/>
      </object_component>
      <object_component id="oc-209">
         <name>.const:_$P$T0$1</name>
         <load_address>0x22014</load_address>
         <run_address>0x22014</run_address>
         <size>0x4</size>
         <input_file_ref idref="fl-b"/>
      </object_component>
      <object_component id="oc-212">
         <name>.const:_$P$T0$1</name>
         <load_address>0x22018</load_address>
         <run_address>0x22018</run_address>
         <size>0x4</size>
         <input_file_ref idref="fl-19"/>
      </object_component>
      <object_component id="oc-208">
         <name>.const:_$P$T1$2</name>
         <load_address>0x2201c</load_address>
         <run_address>0x2201c</run_address>
         <size>0x4</size>
         <input_file_ref idref="fl-b"/>
      </object_component>
      <object_component id="oc-20d">
         <name>.const:_$P$T2$3</name>
         <load_address>0x22020</load_address>
         <run_address>0x22020</run_address>
         <size>0x4</size>
         <input_file_ref idref="fl-b"/>
      </object_component>
      <object_component id="oc-214">
         <name>.const:_$P$T2$3</name>
         <load_address>0x22024</load_address>
         <run_address>0x22024</run_address>
         <size>0x4</size>
         <input_file_ref idref="fl-19"/>
      </object_component>
      <object_component id="oc-20b">
         <name>.const:_$P$T3$4</name>
         <load_address>0x22028</load_address>
         <run_address>0x22028</run_address>
         <size>0x4</size>
         <input_file_ref idref="fl-b"/>
      </object_component>
      <object_component id="oc-20f">
         <name>.const:_$P$T4$5</name>
         <load_address>0x2202c</load_address>
         <run_address>0x2202c</run_address>
         <size>0x4</size>
         <input_file_ref idref="fl-b"/>
      </object_component>
      <object_component id="oc-20c">
         <name>.const:_$P$T5$6</name>
         <load_address>0x22030</load_address>
         <run_address>0x22030</run_address>
         <size>0x4</size>
         <input_file_ref idref="fl-b"/>
      </object_component>
      <object_component id="oc-20e">
         <name>.const:_$P$T7$8</name>
         <load_address>0x22034</load_address>
         <run_address>0x22034</run_address>
         <size>0x4</size>
         <input_file_ref idref="fl-b"/>
      </object_component>
      <object_component id="oc-20a">
         <name>.const:_$P$T9$10</name>
         <load_address>0x22038</load_address>
         <run_address>0x22038</run_address>
         <size>0x4</size>
         <input_file_ref idref="fl-b"/>
      </object_component>
      <object_component id="oc-a0">
         <name>.const</name>
         <load_address>0x2203c</load_address>
         <run_address>0x2203c</run_address>
         <size>0x4</size>
         <input_file_ref idref="fl-17"/>
      </object_component>
      <object_component id="oc-18c">
         <name>.const</name>
         <load_address>0x22040</load_address>
         <run_address>0x22040</run_address>
         <size>0x4</size>
         <input_file_ref idref="fl-5e"/>
      </object_component>
      <object_component id="oc-124">
         <name>.const</name>
         <load_address>0x22044</load_address>
         <run_address>0x22044</run_address>
         <size>0x4</size>
         <input_file_ref idref="fl-47"/>
      </object_component>
      <object_component id="oc-211">
         <name>.switch:_executeCommand</name>
         <load_address>0x22288</load_address>
         <run_address>0x22288</run_address>
         <size>0xdc</size>
         <input_file_ref idref="fl-11"/>
      </object_component>
      <object_component id="oc-217">
         <name>.switch:_DMA_config</name>
         <load_address>0x22364</load_address>
         <run_address>0x22364</run_address>
         <size>0x40</size>
         <input_file_ref idref="fl-23"/>
      </object_component>
      <object_component id="oc-216">
         <name>.switch:_DMA_getConfig</name>
         <load_address>0x223a4</load_address>
         <run_address>0x223a4</run_address>
         <size>0x40</size>
         <input_file_ref idref="fl-23"/>
      </object_component>
      <object_component id="oc-215">
         <name>.switch:_DMA_reset</name>
         <load_address>0x223e4</load_address>
         <run_address>0x223e4</run_address>
         <size>0x40</size>
         <input_file_ref idref="fl-23"/>
      </object_component>
      <object_component id="oc-218">
         <name>.switch:_USB_coreEventProcessEp0</name>
         <load_address>0x22424</load_address>
         <run_address>0x22424</run_address>
         <size>0x30</size>
         <input_file_ref idref="fl-28"/>
      </object_component>
      <object_component id="oc-1fa">
         <name>.sysmem</name>
         <uninitialized>true</uninitialized>
         <run_address>0x10000</run_address>
         <size>0x0</size>
         <input_file_ref idref="fl-76"/>
      </object_component>
      <object_component id="oc-235">
         <name>.sysmem</name>
         <uninitialized>true</uninitialized>
         <run_address>0x10000</run_address>
         <size>0x0</size>
      </object_component>
      <object_component id="oc-1d4">
         <name>.cio</name>
         <uninitialized>true</uninitialized>
         <run_address>0x22048</run_address>
         <size>0x240</size>
         <input_file_ref idref="fl-6e"/>
      </object_component>
      <object_component id="oc-82">
         <name>.audioBuf</name>
         <uninitialized>true</uninitialized>
         <run_address>0x8400</run_address>
         <size>0x2c00</size>
         <input_file_ref idref="fl-13"/>
      </object_component>
      <object_component id="oc-8b">
         <name>.flashBuffer</name>
         <uninitialized>true</uninitialized>
         <run_address>0x400</run_address>
         <size>0x8000</size>
         <input_file_ref idref="fl-14"/>
      </object_component>
      <object_component id="oc-15">
         <name>.debug_info</name>
         <load_address>0x0</load_address>
         <run_address>0x0</run_address>
         <size>0x1058</size>
         <input_file_ref idref="fl-2"/>
      </object_component>
      <object_component id="oc-1b">
         <name>.debug_info</name>
         <load_address>0x1058</load_address>
         <run_address>0x1058</run_address>
         <size>0x7ca</size>
         <input_file_ref idref="fl-3"/>
      </object_component>
      <object_component id="oc-21">
         <name>.debug_info</name>
         <load_address>0x1822</load_address>
         <run_address>0x1822</run_address>
         <size>0x149</size>
         <input_file_ref idref="fl-4"/>
      </object_component>
      <object_component id="oc-26">
         <name>.debug_info</name>
         <load_address>0x196b</load_address>
         <run_address>0x196b</run_address>
         <size>0x1121</size>
         <input_file_ref idref="fl-5"/>
      </object_component>
      <object_component id="oc-2e">
         <name>.debug_info</name>
         <load_address>0x2a8c</load_address>
         <run_address>0x2a8c</run_address>
         <size>0x115d</size>
         <input_file_ref idref="fl-6"/>
      </object_component>
      <object_component id="oc-35">
         <name>.debug_info</name>
         <load_address>0x3be9</load_address>
         <run_address>0x3be9</run_address>
         <size>0x79b</size>
         <input_file_ref idref="fl-7"/>
      </object_component>
      <object_component id="oc-3c">
         <name>.debug_info</name>
         <load_address>0x4384</load_address>
         <run_address>0x4384</run_address>
         <size>0xc56</size>
         <input_file_ref idref="fl-8"/>
      </object_component>
      <object_component id="oc-41">
         <name>.debug_info</name>
         <load_address>0x4fda</load_address>
         <run_address>0x4fda</run_address>
         <size>0xd13</size>
         <input_file_ref idref="fl-9"/>
      </object_component>
      <object_component id="oc-46">
         <name>.debug_info</name>
         <load_address>0x5ced</load_address>
         <run_address>0x5ced</run_address>
         <size>0x787</size>
         <input_file_ref idref="fl-a"/>
      </object_component>
      <object_component id="oc-4c">
         <name>.debug_info</name>
         <load_address>0x6474</load_address>
         <run_address>0x6474</run_address>
         <size>0x38b2</size>
         <input_file_ref idref="fl-b"/>
      </object_component>
      <object_component id="oc-53">
         <name>.debug_info</name>
         <load_address>0x9d26</load_address>
         <run_address>0x9d26</run_address>
         <size>0x8e0</size>
         <input_file_ref idref="fl-c"/>
      </object_component>
      <object_component id="oc-59">
         <name>.debug_info</name>
         <load_address>0xa606</load_address>
         <run_address>0xa606</run_address>
         <size>0x3c20</size>
         <input_file_ref idref="fl-d"/>
      </object_component>
      <object_component id="oc-60">
         <name>.debug_info</name>
         <load_address>0xe226</load_address>
         <run_address>0xe226</run_address>
         <size>0x1038</size>
         <input_file_ref idref="fl-e"/>
      </object_component>
      <object_component id="oc-66">
         <name>.debug_info</name>
         <load_address>0xf25e</load_address>
         <run_address>0xf25e</run_address>
         <size>0x143</size>
         <input_file_ref idref="fl-f"/>
      </object_component>
      <object_component id="oc-6b">
         <name>.debug_info</name>
         <load_address>0xf3a1</load_address>
         <run_address>0xf3a1</run_address>
         <size>0x187f</size>
         <input_file_ref idref="fl-10"/>
      </object_component>
      <object_component id="oc-73">
         <name>.debug_info</name>
         <load_address>0x10c20</load_address>
         <run_address>0x10c20</run_address>
         <size>0x3564</size>
         <input_file_ref idref="fl-11"/>
      </object_component>
      <object_component id="oc-7a">
         <name>.debug_info</name>
         <load_address>0x14184</load_address>
         <run_address>0x14184</run_address>
         <size>0x12e8</size>
         <input_file_ref idref="fl-12"/>
      </object_component>
      <object_component id="oc-80">
         <name>.debug_info</name>
         <load_address>0x1546c</load_address>
         <run_address>0x1546c</run_address>
         <size>0x32af</size>
         <input_file_ref idref="fl-13"/>
      </object_component>
      <object_component id="oc-89">
         <name>.debug_info</name>
         <load_address>0x1871b</load_address>
         <run_address>0x1871b</run_address>
         <size>0x10a5</size>
         <input_file_ref idref="fl-14"/>
      </object_component>
      <object_component id="oc-91">
         <name>.debug_info</name>
         <load_address>0x197c0</load_address>
         <run_address>0x197c0</run_address>
         <size>0x1173</size>
         <input_file_ref idref="fl-15"/>
      </object_component>
      <object_component id="oc-97">
         <name>.debug_info</name>
         <load_address>0x1a933</load_address>
         <run_address>0x1a933</run_address>
         <size>0x5f7</size>
         <input_file_ref idref="fl-16"/>
      </object_component>
      <object_component id="oc-9e">
         <name>.debug_info</name>
         <load_address>0x1af2a</load_address>
         <run_address>0x1af2a</run_address>
         <size>0x1cd1</size>
         <input_file_ref idref="fl-17"/>
      </object_component>
      <object_component id="oc-a5">
         <name>.debug_info</name>
         <load_address>0x1cbfb</load_address>
         <run_address>0x1cbfb</run_address>
         <size>0x1335</size>
         <input_file_ref idref="fl-18"/>
      </object_component>
      <object_component id="oc-aa">
         <name>.debug_info</name>
         <load_address>0x1df30</load_address>
         <run_address>0x1df30</run_address>
         <size>0x842</size>
         <input_file_ref idref="fl-19"/>
      </object_component>
      <object_component id="oc-b0">
         <name>.debug_info</name>
         <load_address>0x1e772</load_address>
         <run_address>0x1e772</run_address>
         <size>0xa44</size>
         <input_file_ref idref="fl-1a"/>
      </object_component>
      <object_component id="oc-b6">
         <name>.debug_info</name>
         <load_address>0x1f1b6</load_address>
[...]
      <symbol id="sm-9a5">
         <name>_USB_getSetupPacket</name>
         <value>0x10d5b</value>
         <object_component_ref idref="oc-ec"/>
      </symbol>
      <symbol id="sm-9ef">
         <name>_VECSTART</name>
         <value>0x100</value>
         <object_component_ref idref="oc-f3"/>
      </symbol>
      <symbol id="sm-9f0">
         <name>RST</name>
         <value>0x100</value>
         <object_component_ref idref="oc-f3"/>
      </symbol>
      <symbol id="sm-9fa">
         <name>__addd</name>
         <value>0x1abeb</value>
         <object_component_ref idref="oc-f7"/>
      </symbol>
      <symbol id="sm-a06">
         <name>__sysstack</name>
         <value>0x41000</value>
         <object_component_ref idref="oc-205"/>
      </symbol>
      <symbol id="sm-a07">
         <name>_c_int00</name>
         <value>0x1db64</value>
         <object_component_ref idref="oc-12"/>
      </symbol>
      <symbol id="sm-a08">
         <name>__stack</name>
         <value>0x40000</value>
         <object_component_ref idref="oc-fb"/>
      </symbol>
      <symbol id="sm-a14">
         <name>__divd</name>
         <value>0x18b12</value>
         <object_component_ref idref="oc-ff"/>
      </symbol>
      <symbol id="sm-a1f">
         <name>__divul</name>
         <value>0x1cf09</value>
         <object_component_ref idref="oc-103"/>
      </symbol>
      <symbol id="sm-a2f">
         <name>C$$EXIT</name>
         <value>0x1dcd7</value>
         <object_component_ref idref="oc-10b"/>
      </symbol>
      <symbol id="sm-a30">
         <name>_exit</name>
         <value>0x1db26</value>
         <object_component_ref idref="oc-107"/>
      </symbol>
      <symbol id="sm-a31">
         <name>_abort</name>
         <value>0x1dcd6</value>
         <object_component_ref idref="oc-10b"/>
      </symbol>
      <symbol id="sm-a32">
         <name>__cleanup_ptr</name>
         <value>0x215e8</value>
         <object_component_ref idref="oc-108"/>
      </symbol>
      <symbol id="sm-a33">
         <name>__dtors_ptr</name>
         <value>0x215ec</value>
         <object_component_ref idref="oc-108"/>
      </symbol>
      <symbol id="sm-a3d">
         <name>__fixdi</name>
         <value>0x1db98</value>
         <object_component_ref idref="oc-10e"/>
      </symbol>
      <symbol id="sm-a47">
         <name>__fixdli</name>
         <value>0x1d4a8</value>
         <object_component_ref idref="oc-112"/>
      </symbol>
      <symbol id="sm-a51">
         <name>__fixdu</name>
         <value>0x1dc0f</value>
         <object_component_ref idref="oc-116"/>
      </symbol>
      <symbol id="sm-a5b">
         <name>__fixdul</name>
         <value>0x1d2d6</value>
         <object_component_ref idref="oc-11a"/>
      </symbol>
      <symbol id="sm-a65">
         <name>__fltud</name>
         <value>0x1dcb2</value>
         <object_component_ref idref="oc-11e"/>
      </symbol>
      <symbol id="sm-a71">
         <name>__fltuld</name>
         <value>0x1d83d</value>
         <object_component_ref idref="oc-122"/>
      </symbol>
      <symbol id="sm-a7b">
         <name>__frcmpyd_div</name>
         <value>0x1d3c3</value>
         <object_component_ref idref="oc-127"/>
      </symbol>
      <symbol id="sm-a83">
         <name>__mpyli</name>
         <value>0x1dc6c</value>
         <object_component_ref idref="oc-12b"/>
      </symbol>
      <symbol id="sm-a84">
         <name>I$$LMPY</name>
         <value>0x1dc6c</value>
         <object_component_ref idref="oc-12b"/>
      </symbol>
      <symbol id="sm-a95">
         <name>_log</name>
         <value>0x1c650</value>
         <object_component_ref idref="oc-12f"/>
      </symbol>
      <symbol id="sm-a9d">
         <name>_memcpy</name>
         <value>0x1daa9</value>
         <object_component_ref idref="oc-136"/>
      </symbol>
      <symbol id="sm-aa7">
         <name>_memset</name>
         <value>0x1dc91</value>
         <object_component_ref idref="oc-13a"/>
      </symbol>
      <symbol id="sm-ab1">
         <name>__mpyd</name>
         <value>0x1be84</value>
         <object_component_ref idref="oc-13e"/>
      </symbol>
      <symbol id="sm-ac2">
         <name>_pow</name>
         <value>0x1764c</value>
         <object_component_ref idref="oc-142"/>
      </symbol>
      <symbol id="sm-acc">
         <name>_printf</name>
         <value>0x1d8ed</value>
         <object_component_ref idref="oc-149"/>
      </symbol>
      <symbol id="sm-ad8">
         <name>__nround</name>
         <value>0x1d782</value>
         <object_component_ref idref="oc-14d"/>
      </symbol>
      <symbol id="sm-ae2">
         <name>__subd</name>
         <value>0x1dc58</value>
         <object_component_ref idref="oc-152"/>
      </symbol>
      <symbol id="sm-aee">
         <name>__trunc</name>
         <value>0x1da68</value>
         <object_component_ref idref="oc-156"/>
      </symbol>
      <symbol id="sm-af8">
         <name>_Reset</name>
         <value>0x200</value>
         <object_component_ref idref="oc-15c"/>
      </symbol>
      <symbol id="sm-b06">
         <name>__unlock</name>
         <value>0x215e4</value>
         <object_component_ref idref="oc-161"/>
      </symbol>
      <symbol id="sm-b07">
         <name>__lock</name>
         <value>0x215e0</value>
         <object_component_ref idref="oc-161"/>
      </symbol>
      <symbol id="sm-b08">
         <name>__register_lock</name>
         <value>0x1dc87</value>
         <object_component_ref idref="oc-160"/>
      </symbol>
      <symbol id="sm-b09">
         <name>__nop</name>
         <value>0x1dc8f</value>
         <object_component_ref idref="oc-160"/>
      </symbol>
      <symbol id="sm-b0a">
         <name>__register_unlock</name>
         <value>0x1dc7f</value>
         <object_component_ref idref="oc-160"/>
      </symbol>
      <symbol id="sm-b1c">
         <name>__printfi</name>
         <value>0x12d76</value>
         <object_component_ref idref="oc-166"/>
      </symbol>
      <symbol id="sm-b26">
         <name>__args_main</name>
         <value>0x1d98a</value>
         <object_component_ref idref="oc-16c"/>
      </symbol>
      <symbol id="sm-b27">
         <name>__TI_args_main</name>
         <value>0x1</value>
      </symbol>
      <symbol id="sm-b31">
         <name>_atoi</name>
         <value>0x1d7e1</value>
         <object_component_ref idref="oc-170"/>
      </symbol>
      <symbol id="sm-b39">
         <name>_auto_init</name>
         <value>0x1d93d</value>
         <object_component_ref idref="oc-174"/>
      </symbol>
      <symbol id="sm-b43">
         <name>__eqld</name>
         <value>0x1b1ae</value>
         <object_component_ref idref="oc-178"/>
      </symbol>
      <symbol id="sm-b44">
         <name>__cmpd</name>
         <value>0x1b1e2</value>
         <object_component_ref idref="oc-178"/>
      </symbol>
      <symbol id="sm-b45">
         <name>__neqd</name>
         <value>0x1b050</value>
         <object_component_ref idref="oc-178"/>
      </symbol>
      <symbol id="sm-b46">
         <name>__gtrd</name>
         <value>0x1b119</value>
         <object_component_ref idref="oc-178"/>
      </symbol>
      <symbol id="sm-b47">
         <name>__geqd</name>
         <value>0x1b164</value>
         <object_component_ref idref="oc-178"/>
      </symbol>
      <symbol id="sm-b48">
         <name>__leqd</name>
         <value>0x1b0cc</value>
         <object_component_ref idref="oc-178"/>
      </symbol>
      <symbol id="sm-b49">
         <name>__lssd</name>
         <value>0x1b084</value>
         <object_component_ref idref="oc-178"/>
      </symbol>
      <symbol id="sm-b51">
         <name>__ctypes_</name>
         <value>0x21b28</value>
         <object_component_ref idref="oc-21a"/>
      </symbol>
      <symbol id="sm-b5b">
         <name>__tmpnams</name>
         <value>0x207ec</value>
         <object_component_ref idref="oc-17e"/>
      </symbol>
      <symbol id="sm-b5c">
         <name>__ft_end</name>
         <value>0x2092c</value>
         <object_component_ref idref="oc-17e"/>
      </symbol>
      <symbol id="sm-b5d">
         <name>__ftable</name>
         <value>0x206fc</value>
         <object_component_ref idref="oc-17e"/>
      </symbol>
      <symbol id="sm-b67">
         <name>_errno</name>
         <value>0x20eea</value>
         <object_component_ref idref="oc-182"/>
      </symbol>
      <symbol id="sm-b71">
         <name>__fltid</name>
         <value>0x1dcc0</value>
         <object_component_ref idref="oc-186"/>
      </symbol>
      <symbol id="sm-b7d">
         <name>__fltlid</name>
         <value>0x1d65c</value>
         <object_component_ref idref="oc-18a"/>
      </symbol>
      <symbol id="sm-b87">
         <name>_putchar</name>
         <value>0x1cefa</value>
         <object_component_ref idref="oc-18f"/>
      </symbol>
      <symbol id="sm-b88">
         <name>_putc</name>
         <value>0x1ce63</value>
         <object_component_ref idref="oc-18f"/>
      </symbol>
      <symbol id="sm-b89">
         <name>_fputc</name>
         <value>0x1ce63</value>
         <object_component_ref idref="oc-18f"/>
      </symbol>
      <symbol id="sm-b97">
         <name>_puts</name>
         <value>0x1ba3b</value>
         <object_component_ref idref="oc-193"/>
      </symbol>
      <symbol id="sm-b98">
         <name>_fputs</name>
         <value>0x1b906</value>
         <object_component_ref idref="oc-193"/>
      </symbol>
      <symbol id="sm-ba2">
         <name>__frcmpyd</name>
         <value>0x1d34d</value>
         <object_component_ref idref="oc-198"/>
      </symbol>
      <symbol id="sm-bae">
         <name>_frexp</name>
         <value>0x1caa9</value>
         <object_component_ref idref="oc-19c"/>
      </symbol>
      <symbol id="sm-bb8">
         <name>___isinf</name>
         <value>0x1dc2a</value>
         <object_component_ref idref="oc-1a1"/>
      </symbol>
      <symbol id="sm-bc4">
         <name>_ldexp</name>
         <value>0x1c55e</value>
         <object_component_ref idref="oc-1a5"/>
      </symbol>
      <symbol id="sm-bce">
         <name>__divull</name>
         <value>0x1aac2</value>
         <object_component_ref idref="oc-1aa"/>
      </symbol>
      <symbol id="sm-bcf">
         <name>__mpylli</name>
         <value>0x1aa0a</value>
         <object_component_ref idref="oc-1aa"/>
      </symbol>
      <symbol id="sm-bd0">
         <name>__remlli</name>
         <value>0x1a9db</value>
         <object_component_ref idref="oc-1aa"/>
      </symbol>
      <symbol id="sm-bd1">
         <name>__divlli</name>
         <value>0x1abb6</value>
         <object_component_ref idref="oc-1aa"/>
      </symbol>
      <symbol id="sm-bd2">
         <name>__remull</name>
         <value>0x1a98d</value>
         <object_component_ref idref="oc-1aa"/>
      </symbol>
      <symbol id="sm-be4">
         <name>_add_device</name>
         <value>0x18045</value>
         <object_component_ref idref="oc-1ae"/>
      </symbol>
      <symbol id="sm-be5">
         <name>_rename</name>
         <value>0x17d67</value>
         <object_component_ref idref="oc-1ae"/>
      </symbol>
      <symbol id="sm-be6">
         <name>_read</name>
         <value>0x17df6</value>
         <object_component_ref idref="oc-1ae"/>
      </symbol>
      <symbol id="sm-be7">
         <name>_unlink</name>
         <value>0x17d34</value>
         <object_component_ref idref="oc-1ae"/>
      </symbol>
      <symbol id="sm-be8">
         <name>_remove_device</name>
         <value>0x17dc0</value>
         <object_component_ref idref="oc-1ae"/>
      </symbol>
      <symbol id="sm-be9">
         <name>_open</name>
         <value>0x17ea4</value>
         <object_component_ref idref="oc-1ae"/>
      </symbol>
      <symbol id="sm-bea">
         <name>_find_registered_device</name>
         <value>0x17fc9</value>
         <object_component_ref idref="oc-1ae"/>
      </symbol>
      <symbol id="sm-beb">
         <name>_lseek</name>
         <value>0x17f63</value>
         <object_component_ref idref="oc-1ae"/>
      </symbol>
      <symbol id="sm-bec">
         <name>_close</name>
         <value>0x17fd2</value>
         <object_component_ref idref="oc-1ae"/>
      </symbol>
      <symbol id="sm-bed">
         <name>_write</name>
         <value>0x17bf2</value>
         <object_component_ref idref="oc-1ae"/>
      </symbol>
      <symbol id="sm-bf7">
         <name>_ltoa</name>
         <value>0x1d1de</value>
         <object_component_ref idref="oc-1b4"/>
      </symbol>
      <symbol id="sm-c02">
         <name>_memccpy</name>
         <value>0x1dbec</value>
         <object_component_ref idref="oc-1b8"/>
      </symbol>
      <symbol id="sm-c0e">
         <name>_modf</name>
         <value>0x1cc37</value>
         <object_component_ref idref="oc-1bc"/>
      </symbol>
      <symbol id="sm-c18">
         <name>__negd</name>
         <value>0x1dca2</value>
         <object_component_ref idref="oc-1c1"/>
      </symbol>
      <symbol id="sm-c22">
         <name>__remli</name>
         <value>0x1d9d5</value>
         <object_component_ref idref="oc-1c5"/>
      </symbol>
      <symbol id="sm-c2d">
         <name>__remul</name>
         <value>0x1d436</value>
         <object_component_ref idref="oc-1c9"/>
      </symbol>
      <symbol id="sm-c39">
         <name>_HOSTopen</name>
         <value>0x18440</value>
         <object_component_ref idref="oc-1cd"/>
      </symbol>
      <symbol id="sm-c3a">
         <name>_HOSTread</name>
         <value>0x183b3</value>
         <object_component_ref idref="oc-1cd"/>
      </symbol>
      <symbol id="sm-c3b">
         <name>_HOSTtime</name>
         <value>0x182a7</value>
         <object_component_ref idref="oc-1cd"/>
      </symbol>
      <symbol id="sm-c3c">
         <name>_getenv</name>
         <value>0x18135</value>
         <object_component_ref idref="oc-1cd"/>
      </symbol>
      <symbol id="sm-c3d">
         <name>_HOSTrename</name>
         <value>0x18305</value>
         <object_component_ref idref="oc-1cd"/>
      </symbol>
      <symbol id="sm-c3e">
         <name>_HOSTclock</name>
         <value>0x185ff</value>
         <object_component_ref idref="oc-1cd"/>
      </symbol>
      <symbol id="sm-c3f">
         <name>_HOSTwrite</name>
         <value>0x181b0</value>
         <object_component_ref idref="oc-1cd"/>
      </symbol>
      <symbol id="sm-c40">
         <name>_HOSTlseek</name>
         <value>0x184df</value>
         <object_component_ref idref="oc-1cd"/>
      </symbol>
      <symbol id="sm-c41">
         <name>_HOSTunlink</name>
         <value>0x1823d</value>
         <object_component_ref idref="oc-1cd"/>
      </symbol>
      <symbol id="sm-c42">
         <name>_HOSTclose</name>
         <value>0x18594</value>
         <object_component_ref idref="oc-1cd"/>
      </symbol>
      <symbol id="sm-c54">
         <name>C$$IO$$</name>
         <value>0x1cdab</value>
         <object_component_ref idref="oc-1d5"/>
      </symbol>
      <symbol id="sm-c55">
         <name>__CIOBUF_</name>
         <value>0x22048</value>
         <object_component_ref idref="oc-1d4"/>
      </symbol>
      <symbol id="sm-c56">
         <name>_readmsg</name>
         <value>0x1d584</value>
         <object_component_ref idref="oc-1d2"/>
      </symbol>
      <symbol id="sm-c57">
         <name>_writemsg</name>
         <value>0x1ccf6</value>
         <object_component_ref idref="oc-1d5"/>
      </symbol>
      <symbol id="sm-c5f">
         <name>__remu</name>
         <value>0x1dbd7</value>
         <object_component_ref idref="oc-1d8"/>
      </symbol>
      <symbol id="sm-c60">
         <name>__divu</name>
         <value>0x1dbc2</value>
         <object_component_ref idref="oc-1d8"/>
      </symbol>
      <symbol id="sm-c61">
         <name>I$$UMOD</name>
         <value>0x1dbd7</value>
         <object_component_ref idref="oc-1d8"/>
      </symbol>
      <symbol id="sm-c62">
         <name>I$$UDIV</name>
         <value>0x1dbc2</value>
         <object_component_ref idref="oc-1d8"/>
      </symbol>
      <symbol id="sm-c6c">
         <name>__rd_ok</name>
         <value>0x1c8a1</value>
         <object_component_ref idref="oc-1dc"/>
      </symbol>
      <symbol id="sm-c6d">
         <name>__wrt_ok</name>
         <value>0x1c821</value>
         <object_component_ref idref="oc-1dc"/>
      </symbol>
      <symbol id="sm-c77">
         <name>__divli</name>
         <value>0x1da20</value>
         <object_component_ref idref="oc-1e0"/>
      </symbol>
      <symbol id="sm-c81">
         <name>__doflush</name>
         <value>0x1cb75</value>
         <object_component_ref idref="oc-1e4"/>
      </symbol>
      <symbol id="sm-c82">
         <name>_fflush</name>
         <value>0x1cbde</value>
         <object_component_ref idref="oc-1e4"/>
      </symbol>
      <symbol id="sm-c8c">
         <name>_fseek</name>
         <value>0x1d5f1</value>
         <object_component_ref idref="oc-1e8"/>
      </symbol>
      <symbol id="sm-c96">
         <name>_setvbuf</name>
         <value>0x1c73b</value>
         <object_component_ref idref="oc-1ec"/>
      </symbol>
      <symbol id="sm-ca5">
         <name>__cleanup</name>
         <value>0x1a5d1</value>
         <object_component_ref idref="oc-1f0"/>
      </symbol>
      <symbol id="sm-ca6">
         <name>_fopen</name>
         <value>0x1a6f4</value>
         <object_component_ref idref="oc-1f0"/>
      </symbol>
      <symbol id="sm-ca7">
         <name>_freopen</name>
         <value>0x1a62b</value>
         <object_component_ref idref="oc-1f0"/>
      </symbol>
      <symbol id="sm-cb7">
         <name>__sys_memory</name>
         <value>0x10000</value>
         <object_component_ref idref="oc-1fa"/>
      </symbol>
      <symbol id="sm-cb8">
         <name>_chkheap</name>
         <value>0x18ae4</value>
         <object_component_ref idref="oc-1f6"/>
      </symbol>
      <symbol id="sm-cb9">
         <name>_realloc</name>
         <value>0x18883</value>
         <object_component_ref idref="oc-1f6"/>
      </symbol>
      <symbol id="sm-cba">
         <name>_free_memory</name>
         <value>0x18a8e</value>
         <object_component_ref idref="oc-1f6"/>
      </symbol>
      <symbol id="sm-cbb">
         <name>_max_free</name>
         <value>0x18a34</value>
         <object_component_ref idref="oc-1f6"/>
      </symbol>
      <symbol id="sm-cbc">
         <name>_free</name>
         <value>0x1865d</value>
         <object_component_ref idref="oc-1f6"/>
      </symbol>
      <symbol id="sm-cbd">
         <name>_calloc</name>
         <value>0x18aec</value>
         <object_component_ref idref="oc-1f6"/>
      </symbol>
      <symbol id="sm-cbe">
         <name>_malloc</name>
         <value>0x1878e</value>
         <object_component_ref idref="oc-1f6"/>
      </symbol>
      <symbol id="sm-cbf">
         <name>_minit</name>
         <value>0x18729</value>
         <object_component_ref idref="oc-1f6"/>
      </symbol>
      <symbol id="sm-cc9">
         <name>_fclose</name>
         <value>0x1d25b</value>
         <object_component_ref idref="oc-1fd"/>
      </symbol>
      <symbol id="sm-cd3">
         <name>_remove</name>
         <value>0x1dccc</value>
         <object_component_ref idref="oc-201"/>
      </symbol>
   </symbol_table>
</link_info>
