<?xml version="1.0"?>
<link_info>
   <banner>TMS320C55x Linker PC v4.4.1</banner>
   <copyright>Copyright (c) 1996-2012 Texas Instruments Incorporated</copyright>
   <link_time>0x62cf9245</link_time>
   <output_file>SoundTrapMainApp.out</output_file>
   <entry_point>
      <name>_c_int00</name>
      <address>0x3aa7b</address>
   </entry_point>
   <input_file_list>
      <input_file id="fl-2">
         <path>.\src\</path>
         <kind>object</kind>
         <file>accelerometer.obj</file>
         <name>accelerometer.obj</name>
      </input_file>
      <input_file id="fl-3">
         <path>.\src\</path>
         <kind>object</kind>
         <file>adcLogger.obj</file>
         <name>adcLogger.obj</name>
      </input_file>
      <input_file id="fl-4">
         <path>.\src\</path>
         <kind>object</kind>
         <file>audio.obj</file>
         <name>audio.obj</name>
      </input_file>
      <input_file id="fl-5">
         <path>.\src\</path>
         <kind>object</kind>
         <file>audioOut.obj</file>
         <name>audioOut.obj</name>
      </input_file>
      <input_file id="fl-6">
         <path>.\src\</path>
         <kind>object</kind>
         <file>audio_if.obj</file>
         <name>audio_if.obj</name>
      </input_file>
      <input_file id="fl-7">
         <path>.\src\</path>
         <kind>object</kind>
         <file>blkpwr.obj</file>
         <name>blkpwr.obj</name>
      </input_file>
      <input_file id="fl-8">
         <path>.\src\</path>
         <kind>object</kind>
         <file>blkpwr_asm.obj</file>
         <name>blkpwr_asm.obj</name>
      </input_file>
      <input_file id="fl-9">
         <path>.\src\</path>
         <kind>object</kind>
         <file>board.obj</file>
         <name>board.obj</name>
      </input_file>
      <input_file id="fl-a">
         <path>.\src\</path>
         <kind>object</kind>
         <file>bpwr.obj</file>
         <name>bpwr.obj</name>
      </input_file>
      <input_file id="fl-b">
         <path>.\src\</path>
         <kind>object</kind>
         <file>bwdet.obj</file>
         <name>bwdet.obj</name>
      </input_file>
      <input_file id="fl-c">
         <path>.\src\</path>
         <kind>object</kind>
         <file>cdet_v2.obj</file>
         <name>cdet_v2.obj</name>
      </input_file>
      <input_file id="fl-d">
         <path>.\src\</path>
         <kind>object</kind>
         <file>cfg.obj</file>
         <name>cfg.obj</name>
      </input_file>
      <input_file id="fl-e">
         <path>.\src\</path>
         <kind>object</kind>
         <file>config.obj</file>
         <name>config.obj</name>
      </input_file>
      <input_file id="fl-f">
         <path>.\src\</path>
         <kind>object</kind>
         <file>crc.obj</file>
         <name>crc.obj</name>
      </input_file>
      <input_file id="fl-10">
         <path>.\src\</path>
         <kind>object</kind>
         <file>crc_asm.obj</file>
         <name>crc_asm.obj</name>
      </input_file>
      <input_file id="fl-11">
         <path>.\src\</path>
         <kind>object</kind>
         <file>data.obj</file>
         <name>data.obj</name>
      </input_file>
      <input_file id="fl-12">
         <path>.\src\</path>
         <kind>object</kind>
         <file>decfilt.obj</file>
         <name>decfilt.obj</name>
      </input_file>
      <input_file id="fl-13">
         <path>.\src\</path>
         <kind>object</kind>
         <file>decm.obj</file>
         <name>decm.obj</name>
      </input_file>
      <input_file id="fl-14">
         <path>.\src\</path>
         <kind>object</kind>
         <file>decmc_asm.obj</file>
         <name>decmc_asm.obj</name>
      </input_file>
      <input_file id="fl-15">
         <path>.\src\</path>
         <kind>object</kind>
         <file>devdep.obj</file>
         <name>devdep.obj</name>
      </input_file>
      <input_file id="fl-16">
         <path>.\src\</path>
         <kind>object</kind>
         <file>dma.obj</file>
         <name>dma.obj</name>
      </input_file>
      <input_file id="fl-17">
         <path>.\src\</path>
         <kind>object</kind>
         <file>dmem.obj</file>
         <name>dmem.obj</name>
      </input_file>
      <input_file id="fl-18">
         <path>.\src\</path>
         <kind>object</kind>
         <file>fft.obj</file>
         <name>fft.obj</name>
      </input_file>
      <input_file id="fl-19">
         <path>.\src\</path>
         <kind>object</kind>
         <file>filt.obj</file>
         <name>filt.obj</name>
      </input_file>
      <input_file id="fl-1a">
         <path>.\src\</path>
         <kind>object</kind>
         <file>filtmc_asm.obj</file>
         <name>filtmc_asm.obj</name>
      </input_file>
      <input_file id="fl-1b">
         <path>.\src\</path>
         <kind>object</kind>
         <file>flsh.obj</file>
         <name>flsh.obj</name>
      </input_file>
      <input_file id="fl-1c">
         <path>.\src\</path>
         <kind>object</kind>
         <file>fmem.obj</file>
         <name>fmem.obj</name>
      </input_file>
      <input_file id="fl-1d">
         <path>.\src\</path>
         <kind>object</kind>
         <file>fs.obj</file>
         <name>fs.obj</name>
      </input_file>
      <input_file id="fl-1e">
         <path>.\src\</path>
         <kind>object</kind>
         <file>gpio.obj</file>
         <name>gpio.obj</name>
      </input_file>
      <input_file id="fl-1f">
         <path>.\src\</path>
         <kind>object</kind>
         <file>gpsLogger.obj</file>
         <name>gpsLogger.obj</name>
      </input_file>
      <input_file id="fl-20">
         <path>.\src\</path>
         <kind>object</kind>
         <file>hid.obj</file>
         <name>hid.obj</name>
      </input_file>
      <input_file id="fl-21">
         <path>.\src\</path>
         <kind>object</kind>
         <file>hwafft.obj</file>
         <name>hwafft.obj</name>
      </input_file>
      <input_file id="fl-22">
         <path>.\src\</path>
         <kind>object</kind>
         <file>i2cID.obj</file>
         <name>i2cID.obj</name>
      </input_file>
      <input_file id="fl-23">
         <path>.\src\</path>
         <kind>object</kind>
         <file>idle.obj</file>
         <name>idle.obj</name>
      </input_file>
      <input_file id="fl-24">
         <path>.\src\</path>
         <kind>object</kind>
         <file>info.obj</file>
         <name>info.obj</name>
      </input_file>
      <input_file id="fl-25">
         <path>.\src\</path>
         <kind>object</kind>
         <file>ioExpander.obj</file>
         <name>ioExpander.obj</name>
      </input_file>
      <input_file id="fl-26">
         <path>.\src\</path>
         <kind>object</kind>
         <file>irq.obj</file>
         <name>irq.obj</name>
      </input_file>
      <input_file id="fl-27">
         <path>.\src\</path>
         <kind>object</kind>
         <file>job.obj</file>
         <name>job.obj</name>
      </input_file>
      <input_file id="fl-28">
         <path>.\src\</path>
         <kind>object</kind>
         <file>logg.obj</file>
         <name>logg.obj</name>
      </input_file>
      <input_file id="fl-29">
         <path>.\src\</path>
         <kind>object</kind>
         <file>main.obj</file>
         <name>main.obj</name>
      </input_file>
      <input_file id="fl-2a">
         <path>.\src\</path>
         <kind>object</kind>
         <file>memCardSelect.obj</file>
         <name>memCardSelect.obj</name>
      </input_file>
      <input_file id="fl-2b">
         <path>.\src\</path>
         <kind>object</kind>
         <file>misc.obj</file>
         <name>misc.obj</name>
      </input_file>
      <input_file id="fl-2c">
         <path>.\src\</path>
         <kind>object</kind>
         <file>misc_asm.obj</file>
         <name>misc_asm.obj</name>
      </input_file>
      <input_file id="fl-2d">
         <path>.\src\</path>
         <kind>object</kind>
         <file>mk_library.obj</file>
         <name>mk_library.obj</name>
      </input_file>
      <input_file id="fl-2e">
         <path>.\src\</path>
         <kind>object</kind>
         <file>mspInterruptHandler.obj</file>
         <name>mspInterruptHandler.obj</name>
      </input_file>
      <input_file id="fl-2f">
         <path>.\src\</path>
         <kind>object</kind>
         <file>mspif.obj</file>
         <name>mspif.obj</name>
      </input_file>
      <input_file id="fl-30">
         <path>.\src\</path>
         <kind>object</kind>
         <file>mux.obj</file>
         <name>mux.obj</name>
      </input_file>
      <input_file id="fl-31">
         <path>.\src\</path>
         <kind>object</kind>
         <file>protect.obj</file>
         <name>protect.obj</name>
      </input_file>
      <input_file id="fl-32">
         <path>.\src\</path>
         <kind>object</kind>
         <file>pstr.obj</file>
         <name>pstr.obj</name>
      </input_file>
      <input_file id="fl-33">
         <path>.\src\</path>
         <kind>object</kind>
         <file>record_app.obj</file>
         <name>record_app.obj</name>
      </input_file>
      <input_file id="fl-34">
         <path>.\src\</path>
         <kind>object</kind>
         <file>sar.obj</file>
         <name>sar.obj</name>
      </input_file>
      <input_file id="fl-35">
         <path>.\src\</path>
         <kind>object</kind>
         <file>schedule.obj</file>
         <name>schedule.obj</name>
      </input_file>
      <input_file id="fl-36">
         <path>.\src\</path>
         <kind>object</kind>
         <file>sd.obj</file>
         <name>sd.obj</name>
      </input_file>
      <input_file id="fl-37">
         <path>.\src\</path>
         <kind>object</kind>
         <file>sensor.obj</file>
         <name>sensor.obj</name>
      </input_file>
      <input_file id="fl-38">
         <path>.\src\</path>
         <kind>object</kind>
         <file>serialEepromV2.obj</file>
         <name>serialEepromV2.obj</name>
      </input_file>
      <input_file id="fl-39">
         <path>.\src\</path>
         <kind>object</kind>
         <file>serialInit.obj</file>
         <name>serialInit.obj</name>
      </input_file>
      <input_file id="fl-3a">
         <path>.\src\</path>
         <kind>object</kind>
         <file>sine.obj</file>
         <name>sine.obj</name>
      </input_file>
      <input_file id="fl-3b">
         <path>.\src\</path>
         <kind>object</kind>
         <file>stats_asm.obj</file>
         <name>stats_asm.obj</name>
      </input_file>
      <input_file id="fl-3c">
         <path>.\src\</path>
         <kind>object</kind>
         <file>swVer.obj</file>
         <name>swVer.obj</name>
      </input_file>
      <input_file id="fl-3d">
         <path>.\src\</path>
         <kind>object</kind>
         <file>sysControl.obj</file>
         <name>sysControl.obj</name>
      </input_file>
      <input_file id="fl-3e">
         <path>.\src\</path>
         <kind>object</kind>
         <file>temperatureLogger.obj</file>
         <name>temperatureLogger.obj</name>
      </input_file>
      <input_file id="fl-3f">
         <path>.\src\</path>
         <kind>object</kind>
         <file>timr.obj</file>
         <name>timr.obj</name>
      </input_file>
      <input_file id="fl-40">
         <path>.\src\</path>
         <kind>object</kind>
         <file>uart.obj</file>
         <name>uart.obj</name>
      </input_file>
      <input_file id="fl-41">
         <path>.\src\</path>
         <kind>object</kind>
         <file>x3cmpv2.obj</file>
         <name>x3cmpv2.obj</name>
      </input_file>
      <input_file id="fl-42">
         <path>.\src\</path>
         <kind>object</kind>
         <file>x3cmpv2a.obj</file>
         <name>x3cmpv2a.obj</name>
      </input_file>
      <input_file id="fl-47">
         <path>C:\Users\Middy\workspace_v8\cslVC5505\Release\</path>
         <kind>archive</kind>
         <file>cslVC5505.lib</file>
         <name>csl_dma.obj</name>
      </input_file>
      <input_file id="fl-48">
         <path>C:\Users\Middy\workspace_v8\cslVC5505\Release\</path>
         <kind>archive</kind>
         <file>cslVC5505.lib</file>
         <name>csl_gpt.obj</name>
      </input_file>
      <input_file id="fl-49">
         <path>C:\Users\Middy\workspace_v8\cslVC5505\Release\</path>
         <kind>archive</kind>
         <file>cslVC5505.lib</file>
         <name>csl_i2s.obj</name>
      </input_file>
      <input_file id="fl-4a">
         <path>C:\Users\Middy\workspace_v8\cslVC5505\Release\</path>
         <kind>archive</kind>
         <file>cslVC5505.lib</file>
         <name>csl_intc.obj</name>
      </input_file>
      <input_file id="fl-4b">
         <path>C:\Users\Middy\workspace_v8\cslVC5505\Release\</path>
         <kind>archive</kind>
         <file>cslVC5505.lib</file>
         <name>csl_irqplug.obj</name>
      </input_file>
      <input_file id="fl-4c">
         <path>C:\Users\Middy\workspace_v8\cslVC5505\Release\</path>
         <kind>archive</kind>
         <file>cslVC5505.lib</file>
         <name>csl_pll.obj</name>
      </input_file>
      <input_file id="fl-4d">
         <path>C:\Users\Middy\workspace_v8\cslVC5505\Release\</path>
         <kind>archive</kind>
         <file>cslVC5505.lib</file>
         <name>vectors.obj</name>
      </input_file>
      <input_file id="fl-61">
         <path>C:\ti\ccsv8\tools\compiler\c5500_4.4.1\lib\</path>
         <kind>archive</kind>
         <file>rts55x.lib</file>
         <name>addd.obj</name>
      </input_file>
      <input_file id="fl-62">
         <path>C:\ti\ccsv8\tools\compiler\c5500_4.4.1\lib\</path>
         <kind>archive</kind>
         <file>rts55x.lib</file>
         <name>boot.obj</name>
      </input_file>
      <input_file id="fl-63">
         <path>C:\ti\ccsv8\tools\compiler\c5500_4.4.1\lib\</path>
         <kind>archive</kind>
         <file>rts55x.lib</file>
         <name>cmpd.obj</name>
      </input_file>
      <input_file id="fl-64">
         <path>C:\ti\ccsv8\tools\compiler\c5500_4.4.1\lib\</path>
         <kind>archive</kind>
         <file>rts55x.lib</file>
         <name>cos.obj</name>
      </input_file>
      <input_file id="fl-65">
         <path>C:\ti\ccsv8\tools\compiler\c5500_4.4.1\lib\</path>
         <kind>archive</kind>
         <file>rts55x.lib</file>
         <name>divd.obj</name>
      </input_file>
      <input_file id="fl-66">
         <path>C:\ti\ccsv8\tools\compiler\c5500_4.4.1\lib\</path>
         <kind>archive</kind>
         <file>rts55x.lib</file>
         <name>divli.obj</name>
      </input_file>
      <input_file id="fl-67">
         <path>C:\ti\ccsv8\tools\compiler\c5500_4.4.1\lib\</path>
         <kind>archive</kind>
         <file>rts55x.lib</file>
         <name>divul.obj</name>
      </input_file>
      <input_file id="fl-68">
         <path>C:\ti\ccsv8\tools\compiler\c5500_4.4.1\lib\</path>
         <kind>archive</kind>
         <file>rts55x.lib</file>
         <name>exit.obj</name>
      </input_file>
      <input_file id="fl-69">
         <path>C:\ti\ccsv8\tools\compiler\c5500_4.4.1\lib\</path>
         <kind>archive</kind>
         <file>rts55x.lib</file>
         <name>fixdi.obj</name>
      </input_file>
      <input_file id="fl-6a">
         <path>C:\ti\ccsv8\tools\compiler\c5500_4.4.1\lib\</path>
         <kind>archive</kind>
         <file>rts55x.lib</file>
         <name>fixdli.obj</name>
      </input_file>
      <input_file id="fl-6b">
         <path>C:\ti\ccsv8\tools\compiler\c5500_4.4.1\lib\</path>
         <kind>archive</kind>
         <file>rts55x.lib</file>
         <name>fixdul.obj</name>
      </input_file>
      <input_file id="fl-6c">
         <path>C:\ti\ccsv8\tools\compiler\c5500_4.4.1\lib\</path>
         <kind>archive</kind>
         <file>rts55x.lib</file>
         <name>fltid.obj</name>
      </input_file>
      <input_file id="fl-6d">
         <path>C:\ti\ccsv8\tools\compiler\c5500_4.4.1\lib\</path>
         <kind>archive</kind>
         <file>rts55x.lib</file>
         <name>fltlid.obj</name>
      </input_file>
      <input_file id="fl-6e">
         <path>C:\ti\ccsv8\tools\compiler\c5500_4.4.1\lib\</path>
         <kind>archive</kind>
         <file>rts55x.lib</file>
         <name>fltud.obj</name>
      </input_file>
      <input_file id="fl-6f">
         <path>C:\ti\ccsv8\tools\compiler\c5500_4.4.1\lib\</path>
         <kind>archive</kind>
         <file>rts55x.lib</file>
         <name>fltuld.obj</name>
      </input_file>
      <input_file id="fl-70">
         <path>C:\ti\ccsv8\tools\compiler\c5500_4.4.1\lib\</path>
         <kind>archive</kind>
         <file>rts55x.lib</file>
         <name>frcmpyd_div.obj</name>
      </input_file>
      <input_file id="fl-71">
         <path>C:\ti\ccsv8\tools\compiler\c5500_4.4.1\lib\</path>
         <kind>archive</kind>
         <file>rts55x.lib</file>
         <name>idiv.obj</name>
      </input_file>
      <input_file id="fl-72">
         <path>C:\ti\ccsv8\tools\compiler\c5500_4.4.1\lib\</path>
         <kind>archive</kind>
         <file>rts55x.lib</file>
         <name>lmpy.obj</name>
      </input_file>
      <input_file id="fl-73">
         <path>C:\ti\ccsv8\tools\compiler\c5500_4.4.1\lib\</path>
         <kind>archive</kind>
         <file>rts55x.lib</file>
         <name>log.obj</name>
      </input_file>
      <input_file id="fl-74">
         <path>C:\ti\ccsv8\tools\compiler\c5500_4.4.1\lib\</path>
         <kind>archive</kind>
         <file>rts55x.lib</file>
         <name>log10.obj</name>
      </input_file>
      <input_file id="fl-75">
         <path>C:\ti\ccsv8\tools\compiler\c5500_4.4.1\lib\</path>
         <kind>archive</kind>
         <file>rts55x.lib</file>
         <name>memcpy.obj</name>
      </input_file>
      <input_file id="fl-76">
         <path>C:\ti\ccsv8\tools\compiler\c5500_4.4.1\lib\</path>
         <kind>archive</kind>
         <file>rts55x.lib</file>
         <name>memset.obj</name>
      </input_file>
      <input_file id="fl-77">
         <path>C:\ti\ccsv8\tools\compiler\c5500_4.4.1\lib\</path>
         <kind>archive</kind>
         <file>rts55x.lib</file>
         <name>modf.obj</name>
      </input_file>
      <input_file id="fl-78">
         <path>C:\ti\ccsv8\tools\compiler\c5500_4.4.1\lib\</path>
         <kind>archive</kind>
         <file>rts55x.lib</file>
         <name>mpyd.obj</name>
      </input_file>
      <input_file id="fl-79">
         <path>C:\ti\ccsv8\tools\compiler\c5500_4.4.1\lib\</path>
         <kind>archive</kind>
         <file>rts55x.lib</file>
         <name>negd.obj</name>
      </input_file>
      <input_file id="fl-7a">
         <path>C:\ti\ccsv8\tools\compiler\c5500_4.4.1\lib\</path>
         <kind>archive</kind>
         <file>rts55x.lib</file>
         <name>pow.obj</name>
      </input_file>
      <input_file id="fl-7b">
         <path>C:\ti\ccsv8\tools\compiler\c5500_4.4.1\lib\</path>
         <kind>archive</kind>
         <file>rts55x.lib</file>
         <name>printf.obj</name>
      </input_file>
      <input_file id="fl-7c">
         <path>C:\ti\ccsv8\tools\compiler\c5500_4.4.1\lib\</path>
         <kind>archive</kind>
         <file>rts55x.lib</file>
         <name>remul.obj</name>
      </input_file>
      <input_file id="fl-7d">
         <path>C:\ti\ccsv8\tools\compiler\c5500_4.4.1\lib\</path>
         <kind>archive</kind>
         <file>rts55x.lib</file>
         <name>round.obj</name>
      </input_file>
      <input_file id="fl-7e">
         <path>C:\ti\ccsv8\tools\compiler\c5500_4.4.1\lib\</path>
         <kind>archive</kind>
         <file>rts55x.lib</file>
         <name>snprintf.obj</name>
      </input_file>
      <input_file id="fl-7f">
         <path>C:\ti\ccsv8\tools\compiler\c5500_4.4.1\lib\</path>
         <kind>archive</kind>
         <file>rts55x.lib</file>
         <name>sprintf.obj</name>
      </input_file>
      <input_file id="fl-80">
         <path>C:\ti\ccsv8\tools\compiler\c5500_4.4.1\lib\</path>
         <kind>archive</kind>
         <file>rts55x.lib</file>
         <name>subd.obj</name>
      </input_file>
      <input_file id="fl-81">
         <path>C:\ti\ccsv8\tools\compiler\c5500_4.4.1\lib\</path>
         <kind>archive</kind>
         <file>rts55x.lib</file>
         <name>trunc.obj</name>
      </input_file>
      <input_file id="fl-82">
         <path>C:\ti\ccsv8\tools\compiler\c5500_4.4.1\lib\</path>
         <kind>archive</kind>
         <file>rts55x.lib</file>
         <name>udiv.obj</name>
      </input_file>
      <input_file id="fl-83">
         <path>C:\ti\ccsv8\tools\compiler\c5500_4.4.1\lib\</path>
         <kind>archive</kind>
         <file>rts55x.lib</file>
         <name>vectors.obj</name>
      </input_file>
      <input_file id="fl-84">
         <path>C:\ti\ccsv8\tools\compiler\c5500_4.4.1\lib\</path>
         <kind>archive</kind>
         <file>rts55x.lib</file>
         <name>_lock.obj</name>
      </input_file>
      <input_file id="fl-85">
         <path>C:\ti\ccsv8\tools\compiler\c5500_4.4.1\lib\</path>
         <kind>archive</kind>
         <file>rts55x.lib</file>
         <name>_printfi.obj</name>
      </input_file>
      <input_file id="fl-86">
         <path>C:\ti\ccsv8\tools\compiler\c5500_4.4.1\lib\</path>
         <kind>archive</kind>
         <file>rts55x.lib</file>
         <name>args_main.obj</name>
      </input_file>
      <input_file id="fl-87">
         <path>C:\ti\ccsv8\tools\compiler\c5500_4.4.1\lib\</path>
         <kind>archive</kind>
         <file>rts55x.lib</file>
         <name>atoi.obj</name>
      </input_file>
      <input_file id="fl-88">
         <path>C:\ti\ccsv8\tools\compiler\c5500_4.4.1\lib\</path>
         <kind>archive</kind>
         <file>rts55x.lib</file>
         <name>autoinit.obj</name>
      </input_file>
      <input_file id="fl-89">
         <path>C:\ti\ccsv8\tools\compiler\c5500_4.4.1\lib\</path>
         <kind>archive</kind>
         <file>rts55x.lib</file>
         <name>ctype.obj</name>
      </input_file>
      <input_file id="fl-8a">
         <path>C:\ti\ccsv8\tools\compiler\c5500_4.4.1\lib\</path>
         <kind>archive</kind>
         <file>rts55x.lib</file>
         <name>defs.obj</name>
      </input_file>
      <input_file id="fl-8b">
         <path>C:\ti\ccsv8\tools\compiler\c5500_4.4.1\lib\</path>
         <kind>archive</kind>
         <file>rts55x.lib</file>
         <name>errno.obj</name>
      </input_file>
      <input_file id="fl-8c">
         <path>C:\ti\ccsv8\tools\compiler\c5500_4.4.1\lib\</path>
         <kind>archive</kind>
         <file>rts55x.lib</file>
         <name>fputc.obj</name>
      </input_file>
      <input_file id="fl-8d">
         <path>C:\ti\ccsv8\tools\compiler\c5500_4.4.1\lib\</path>
         <kind>archive</kind>
         <file>rts55x.lib</file>
         <name>fputs.obj</name>
      </input_file>
      <input_file id="fl-8e">
         <path>C:\ti\ccsv8\tools\compiler\c5500_4.4.1\lib\</path>
         <kind>archive</kind>
         <file>rts55x.lib</file>
         <name>frcmpyd.obj</name>
      </input_file>
      <input_file id="fl-8f">
         <path>C:\ti\ccsv8\tools\compiler\c5500_4.4.1\lib\</path>
         <kind>archive</kind>
         <file>rts55x.lib</file>
         <name>frexp.obj</name>
      </input_file>
      <input_file id="fl-90">
         <path>C:\ti\ccsv8\tools\compiler\c5500_4.4.1\lib\</path>
         <kind>archive</kind>
         <file>rts55x.lib</file>
         <name>isinf.obj</name>
      </input_file>
      <input_file id="fl-91">
         <path>C:\ti\ccsv8\tools\compiler\c5500_4.4.1\lib\</path>
         <kind>archive</kind>
         <file>rts55x.lib</file>
         <name>ldexp.obj</name>
      </input_file>
      <input_file id="fl-92">
         <path>C:\ti\ccsv8\tools\compiler\c5500_4.4.1\lib\</path>
         <kind>archive</kind>
         <file>rts55x.lib</file>
         <name>llmpy.obj</name>
      </input_file>
      <input_file id="fl-93">
         <path>C:\ti\ccsv8\tools\compiler\c5500_4.4.1\lib\</path>
         <kind>archive</kind>
         <file>rts55x.lib</file>
         <name>lowlev.obj</name>
      </input_file>
      <input_file id="fl-94">
         <path>C:\ti\ccsv8\tools\compiler\c5500_4.4.1\lib\</path>
         <kind>archive</kind>
         <file>rts55x.lib</file>
         <name>ltoa.obj</name>
      </input_file>
      <input_file id="fl-95">
         <path>C:\ti\ccsv8\tools\compiler\c5500_4.4.1\lib\</path>
         <kind>archive</kind>
         <file>rts55x.lib</file>
         <name>memccpy.obj</name>
      </input_file>
      <input_file id="fl-96">
         <path>C:\ti\ccsv8\tools\compiler\c5500_4.4.1\lib\</path>
         <kind>archive</kind>
         <file>rts55x.lib</file>
         <name>remli.obj</name>
      </input_file>
      <input_file id="fl-97">
         <path>C:\ti\ccsv8\tools\compiler\c5500_4.4.1\lib\</path>
         <kind>archive</kind>
         <file>rts55x.lib</file>
         <name>trgdrv.obj</name>
      </input_file>
      <input_file id="fl-98">
         <path>C:\ti\ccsv8\tools\compiler\c5500_4.4.1\lib\</path>
         <kind>archive</kind>
         <file>rts55x.lib</file>
         <name>trgmsg.obj</name>
      </input_file>
      <input_file id="fl-99">
         <path>C:\ti\ccsv8\tools\compiler\c5500_4.4.1\lib\</path>
         <kind>archive</kind>
         <file>rts55x.lib</file>
         <name>_io_perm.obj</name>
      </input_file>
      <input_file id="fl-9a">
         <path>C:\ti\ccsv8\tools\compiler\c5500_4.4.1\lib\</path>
         <kind>archive</kind>
         <file>rts55x.lib</file>
         <name>fflush.obj</name>
      </input_file>
      <input_file id="fl-9b">
         <path>C:\ti\ccsv8\tools\compiler\c5500_4.4.1\lib\</path>
         <kind>archive</kind>
         <file>rts55x.lib</file>
         <name>fseek.obj</name>
      </input_file>
      <input_file id="fl-9c">
         <path>C:\ti\ccsv8\tools\compiler\c5500_4.4.1\lib\</path>
         <kind>archive</kind>
         <file>rts55x.lib</file>
         <name>setvbuf.obj</name>
      </input_file>
      <input_file id="fl-9d">
         <path>C:\ti\ccsv8\tools\compiler\c5500_4.4.1\lib\</path>
         <kind>archive</kind>
         <file>rts55x.lib</file>
         <name>fopen.obj</name>
      </input_file>
      <input_file id="fl-9e">
         <path>C:\ti\ccsv8\tools\compiler\c5500_4.4.1\lib\</path>
         <kind>archive</kind>
         <file>rts55x.lib</file>
         <name>memory.obj</name>
      </input_file>
      <input_file id="fl-9f">
         <path>C:\ti\ccsv8\tools\compiler\c5500_4.4.1\lib\</path>
         <kind>archive</kind>
         <file>rts55x.lib</file>
         <name>fclose.obj</name>
      </input_file>
      <input_file id="fl-a0">
         <path>C:\ti\ccsv8\tools\compiler\c5500_4.4.1\lib\</path>
         <kind>archive</kind>
         <file>rts55x.lib</file>
         <name>remove.obj</name>
      </input_file>
   </input_file_list>
   <object_component_list>
      <object_component id="oc-199">
         <name>.swver</name>
         <load_address>0xc0</load_address>
         <run_address>0xc0</run_address>
         <size>0x40</size>
         <input_file_ref idref="fl-3c"/>
      </object_component>
      <object_component id="oc-1e6">
         <name>vectors</name>
         <load_address>0x100</load_address>
         <run_address>0x100</run_address>
         <size>0x100</size>
         <input_file_ref idref="fl-4d"/>
      </object_component>
      <object_component id="oc-285">
         <name>vectors</name>
         <load_address>0x200</load_address>
         <run_address>0x200</run_address>
         <size>0x100</size>
         <input_file_ref idref="fl-83"/>
      </object_component>
      <object_component id="oc-3f">
         <name>.pingpong</name>
         <uninitialized>true</uninitialized>
         <run_address>0xa000</run_address>
         <size>0x1000</size>
         <input_file_ref idref="fl-6"/>
      </object_component>
      <object_component id="oc-36">
         <name>.audout</name>
         <uninitialized>true</uninitialized>
         <run_address>0x5220</run_address>
         <size>0x480</size>
         <input_file_ref idref="fl-5"/>
      </object_component>
      <object_component id="oc-d8">
         <name>.sdbuf</name>
         <uninitialized>true</uninitialized>
         <run_address>0x6000</run_address>
         <size>0x4000</size>
         <input_file_ref idref="fl-1d"/>
      </object_component>
      <object_component id="oc-d0">
         <name>.fmem</name>
         <uninitialized>true</uninitialized>
         <run_address>0x400</run_address>
         <size>0x4e20</size>
         <input_file_ref idref="fl-1c"/>
      </object_component>
      <object_component id="oc-ab">
         <name>.dmem</name>
         <uninitialized>true</uninitialized>
         <run_address>0x10000</run_address>
         <size>0x17ed0</size>
         <input_file_ref idref="fl-17"/>
      </object_component>
      <object_component id="oc-28f">
         <name>.text</name>
         <load_address>0x28000</load_address>
         <run_address>0x28000</run_address>
         <size>0x15a4</size>
         <input_file_ref idref="fl-85"/>
      </object_component>
      <object_component id="oc-1c5">
         <name>.text</name>
         <load_address>0x295a4</load_address>
         <run_address>0x295a4</run_address>
         <size>0x1191</size>
         <input_file_ref idref="fl-47"/>
      </object_component>
      <object_component id="oc-f4">
         <name>.text</name>
         <load_address>0x2a735</load_address>
         <run_address>0x2a735</run_address>
         <size>0xfe7</size>
         <input_file_ref idref="fl-21"/>
      </object_component>
      <object_component id="oc-176">
         <name>.text</name>
         <load_address>0x2b71c</load_address>
         <run_address>0x2b71c</run_address>
         <size>0x8c7</size>
         <input_file_ref idref="fl-36"/>
      </object_component>
      <object_component id="oc-29">
         <name>.text</name>
         <load_address>0x2bfe3</load_address>
         <run_address>0x2bfe3</run_address>
         <size>0x820</size>
         <input_file_ref idref="fl-4"/>
      </object_component>
      <object_component id="oc-14a">
         <name>.text</name>
         <load_address>0x2c803</load_address>
         <run_address>0x2c803</run_address>
         <size>0x7cd</size>
         <input_file_ref idref="fl-2f"/>
      </object_component>
      <object_component id="oc-106">
         <name>.text</name>
         <load_address>0x2cfd0</load_address>
         <run_address>0x2cfd0</run_address>
         <size>0x78b</size>
         <input_file_ref idref="fl-24"/>
      </object_component>
      <object_component id="oc-1cf">
         <name>.text</name>
         <load_address>0x2d75b</load_address>
         <run_address>0x2d75b</run_address>
         <size>0x74a</size>
         <input_file_ref idref="fl-49"/>
      </object_component>
      <object_component id="oc-62">
         <name>.text</name>
         <load_address>0x2dea5</load_address>
         <run_address>0x2dea5</run_address>
         <size>0x6f7</size>
         <input_file_ref idref="fl-c"/>
      </object_component>
      <object_component id="oc-161">
         <name>.text</name>
         <load_address>0x2e59c</load_address>
         <run_address>0x2e59c</run_address>
         <size>0x66f</size>
         <input_file_ref idref="fl-33"/>
      </object_component>
      <object_component id="oc-1b9">
         <name>.text</name>
         <load_address>0x2ec0b</load_address>
         <run_address>0x2ec0b</run_address>
         <size>0x622</size>
         <input_file_ref idref="fl-41"/>
      </object_component>
      <object_component id="oc-3b">
         <name>.text</name>
         <load_address>0x2f22d</load_address>
         <run_address>0x2f22d</run_address>
         <size>0x5ee</size>
         <input_file_ref idref="fl-6"/>
      </object_component>
      <object_component id="oc-d4">
         <name>.text</name>
         <load_address>0x2f81b</load_address>
         <run_address>0x2f81b</run_address>
         <size>0x5ab</size>
         <input_file_ref idref="fl-1d"/>
      </object_component>
      <object_component id="oc-25b">
         <name>.text</name>
         <load_address>0x2fdc6</load_address>
         <run_address>0x2fdc6</run_address>
         <size>0x5a6</size>
         <input_file_ref idref="fl-7a"/>
      </object_component>
      <object_component id="oc-c4">
         <name>.text</name>
         <load_address>0x3036c</load_address>
         <run_address>0x3036c</run_address>
         <size>0x589</size>
         <input_file_ref idref="fl-1b"/>
      </object_component>
      <object_component id="oc-2ca">
         <name>.text</name>
         <load_address>0x308f5</load_address>
         <run_address>0x308f5</run_address>
         <size>0x543</size>
         <input_file_ref idref="fl-93"/>
      </object_component>
      <object_component id="oc-2dc">
         <name>.text</name>
         <load_address>0x30e38</load_address>
         <run_address>0x30e38</run_address>
         <size>0x528</size>
         <input_file_ref idref="fl-97"/>
      </object_component>
      <object_component id="oc-59">
         <name>.text</name>
         <load_address>0x31360</load_address>
         <run_address>0x31360</run_address>
         <size>0x51c</size>
         <input_file_ref idref="fl-b"/>
      </object_component>
      <object_component id="oc-b0">
         <name>.text</name>
         <load_address>0x3187c</load_address>
         <run_address>0x3187c</run_address>
         <size>0x4da</size>
         <input_file_ref idref="fl-18"/>
      </object_component>
      <object_component id="oc-2fd">
         <name>.text</name>
         <load_address>0x31d56</load_address>
         <run_address>0x31d56</run_address>
         <size>0x4b5</size>
         <input_file_ref idref="fl-9e"/>
      </object_component>
      <object_component id="oc-8d">
         <name>.text</name>
         <load_address>0x3220b</load_address>
         <run_address>0x3220b</run_address>
         <size>0x487</size>
         <input_file_ref idref="fl-13"/>
      </object_component>
      <object_component id="oc-126">
         <name>.text</name>
         <load_address>0x32692</load_address>
         <run_address>0x32692</run_address>
         <size>0x47f</size>
         <input_file_ref idref="fl-29"/>
      </object_component>
      <object_component id="oc-4c">
         <name>.text</name>
         <load_address>0x32b11</load_address>
         <run_address>0x32b11</run_address>
         <size>0x410</size>
         <input_file_ref idref="fl-9"/>
      </object_component>
      <object_component id="oc-32">
         <name>.text</name>
         <load_address>0x32f21</load_address>
         <run_address>0x32f21</run_address>
         <size>0x3fc</size>
         <input_file_ref idref="fl-5"/>
      </object_component>
      <object_component id="oc-1fd">
         <name>.text</name>
         <load_address>0x3331d</load_address>
         <run_address>0x3331d</run_address>
         <size>0x3cc</size>
         <input_file_ref idref="fl-65"/>
      </object_component>
      <object_component id="oc-1d6">
         <name>.text</name>
         <load_address>0x336e9</load_address>
         <run_address>0x336e9</run_address>
         <size>0x3ad</size>
         <input_file_ref idref="fl-4a"/>
      </object_component>
      <object_component id="oc-f8">
         <name>.text</name>
         <load_address>0x33a96</load_address>
         <run_address>0x33a96</run_address>
         <size>0x3a7</size>
         <input_file_ref idref="fl-22"/>
      </object_component>
      <object_component id="oc-117">
         <name>.text</name>
         <load_address>0x33e3d</load_address>
         <run_address>0x33e3d</run_address>
         <size>0x3a6</size>
         <input_file_ref idref="fl-27"/>
      </object_component>
      <object_component id="oc-ba">
         <name>.text</name>
         <load_address>0x341e3</load_address>
         <run_address>0x341e3</run_address>
         <size>0x358</size>
         <input_file_ref idref="fl-19"/>
      </object_component>
      <object_component id="oc-1a9">
         <name>.text</name>
         <load_address>0x3453b</load_address>
         <run_address>0x3453b</run_address>
         <size>0x350</size>
         <input_file_ref idref="fl-3f"/>
      </object_component>
      <object_component id="oc-fc">
         <name>.text:retain</name>
         <load_address>0x3488b</load_address>
         <run_address>0x3488b</run_address>
         <size>0x2de</size>
         <input_file_ref idref="fl-22"/>
      </object_component>
      <object_component id="oc-151">
         <name>.text</name>
         <load_address>0x34b69</load_address>
         <run_address>0x34b69</run_address>
         <size>0x2b4</size>
         <input_file_ref idref="fl-30"/>
      </object_component>
      <object_component id="oc-17">
         <name>.text</name>
         <load_address>0x34e1d</load_address>
         <run_address>0x34e1d</run_address>
         <size>0x2a8</size>
         <input_file_ref idref="fl-2"/>
      </object_component>
      <object_component id="oc-1b1">
         <name>.text</name>
         <load_address>0x350c5</load_address>
         <run_address>0x350c5</run_address>
         <size>0x2a2</size>
         <input_file_ref idref="fl-40"/>
      </object_component>
      <object_component id="oc-53">
         <name>.text</name>
         <load_address>0x35367</load_address>
         <run_address>0x35367</run_address>
         <size>0x294</size>
         <input_file_ref idref="fl-a"/>
      </object_component>
      <object_component id="oc-2f7">
         <name>.text</name>
         <load_address>0x355fb</load_address>
         <run_address>0x355fb</run_address>
         <size>0x27f</size>
         <input_file_ref idref="fl-9d"/>
      </object_component>
      <object_component id="oc-97">
         <name>.text</name>
         <load_address>0x3587a</load_address>
         <run_address>0x3587a</run_address>
         <size>0x278</size>
         <input_file_ref idref="fl-15"/>
      </object_component>
      <object_component id="oc-dd">
         <name>.text</name>
         <load_address>0x35af2</load_address>
         <run_address>0x35af2</run_address>
         <size>0x25e</size>
         <input_file_ref idref="fl-1e"/>
      </object_component>
      <object_component id="oc-2c6">
         <name>.text</name>
         <load_address>0x35d50</load_address>
         <run_address>0x35d50</run_address>
         <size>0x25e</size>
         <input_file_ref idref="fl-92"/>
      </object_component>
      <object_component id="oc-1ea">
         <name>.text</name>
         <load_address>0x35fae</load_address>
         <run_address>0x35fae</run_address>
         <size>0x25a</size>
         <input_file_ref idref="fl-61"/>
      </object_component>
      <object_component id="oc-17d">
         <name>.text</name>
         <load_address>0x36208</load_address>
         <run_address>0x36208</run_address>
         <size>0x238</size>
         <input_file_ref idref="fl-37"/>
      </object_component>
      <object_component id="oc-11e">
         <name>.text</name>
         <load_address>0x36440</load_address>
         <run_address>0x36440</run_address>
         <size>0x22b</size>
         <input_file_ref idref="fl-28"/>
      </object_component>
      <object_component id="oc-1f6">
         <name>.text</name>
         <load_address>0x3666b</load_address>
         <run_address>0x3666b</run_address>
         <size>0x218</size>
         <input_file_ref idref="fl-64"/>
      </object_component>
      <object_component id="oc-a7">
         <name>.text</name>
         <load_address>0x36883</load_address>
         <run_address>0x36883</run_address>
         <size>0x211</size>
         <input_file_ref idref="fl-17"/>
      </object_component>
      <object_component id="oc-1ad">
         <name>.text:retain</name>
         <load_address>0x36a94</load_address>
         <run_address>0x36a94</run_address>
         <size>0x20d</size>
         <input_file_ref idref="fl-3f"/>
      </object_component>
      <object_component id="oc-1ca">
         <name>.text</name>
         <load_address>0x36ca1</load_address>
         <run_address>0x36ca1</run_address>
         <size>0x20c</size>
         <input_file_ref idref="fl-48"/>
      </object_component>
      <object_component id="oc-183">
         <name>.text</name>
         <load_address>0x36ead</load_address>
         <run_address>0x36ead</run_address>
         <size>0x20b</size>
         <input_file_ref idref="fl-38"/>
      </object_component>
      <object_component id="oc-e4">
         <name>.text</name>
         <load_address>0x370b8</load_address>
         <run_address>0x370b8</run_address>
         <size>0x1f6</size>
         <input_file_ref idref="fl-1f"/>
      </object_component>
      <object_component id="oc-15b">
         <name>.text</name>
         <load_address>0x372ae</load_address>
         <run_address>0x372ae</run_address>
         <size>0x1f1</size>
         <input_file_ref idref="fl-32"/>
      </object_component>
      <object_component id="oc-170">
         <name>.text</name>
         <load_address>0x3749f</load_address>
         <run_address>0x3749f</run_address>
         <size>0x1eb</size>
         <input_file_ref idref="fl-35"/>
      </object_component>
      <object_component id="oc-1f2">
         <name>.text</name>
         <load_address>0x3768a</load_address>
         <run_address>0x3768a</run_address>
         <size>0x1ea</size>
         <input_file_ref idref="fl-63"/>
      </object_component>
      <object_component id="oc-1e0">
         <name>.text</name>
         <load_address>0x37874</load_address>
         <run_address>0x37874</run_address>
         <size>0x1d4</size>
         <input_file_ref idref="fl-4c"/>
      </object_component>
      <object_component id="oc-69">
         <name>.text</name>
         <load_address>0x37a48</load_address>
         <run_address>0x37a48</run_address>
         <size>0x1d2</size>
         <input_file_ref idref="fl-d"/>
      </object_component>
      <object_component id="oc-20">
         <name>.text</name>
         <load_address>0x37c1a</load_address>
         <run_address>0x37c1a</run_address>
         <size>0x1ca</size>
         <input_file_ref idref="fl-3"/>
      </object_component>
      <object_component id="oc-1c1">
         <name>.text</name>
         <load_address>0x37de4</load_address>
         <run_address>0x37de4</run_address>
         <size>0x180</size>
         <input_file_ref idref="fl-42"/>
      </object_component>
      <object_component id="oc-e0">
         <name>.text:retain</name>
         <load_address>0x37f64</load_address>
         <run_address>0x37f64</run_address>
         <size>0x173</size>
         <input_file_ref idref="fl-1e"/>
      </object_component>
      <object_component id="oc-2af">
         <name>.text</name>
         <load_address>0x380d7</load_address>
         <run_address>0x380d7</run_address>
         <size>0x163</size>
         <input_file_ref idref="fl-8d"/>
      </object_component>
      <object_component id="oc-a3">
         <name>.text:retain</name>
         <load_address>0x3823a</load_address>
         <run_address>0x3823a</run_address>
         <size>0x162</size>
         <input_file_ref idref="fl-16"/>
      </object_component>
      <object_component id="oc-70">
         <name>.text</name>
         <load_address>0x3839c</load_address>
         <run_address>0x3839c</run_address>
         <size>0x161</size>
         <input_file_ref idref="fl-e"/>
      </object_component>
      <object_component id="oc-253">
         <name>.text</name>
         <load_address>0x384fd</load_address>
         <run_address>0x384fd</run_address>
         <size>0x14c</size>
         <input_file_ref idref="fl-78"/>
      </object_component>
      <object_component id="oc-179">
         <name>.text:retain</name>
         <load_address>0x38649</load_address>
         <run_address>0x38649</run_address>
         <size>0x143</size>
         <input_file_ref idref="fl-36"/>
      </object_component>
      <object_component id="oc-194">
         <name>.text</name>
         <load_address>0x3878c</load_address>
         <run_address>0x3878c</run_address>
         <size>0x13b</size>
         <input_file_ref idref="fl-3b"/>
      </object_component>
      <object_component id="oc-1b5">
         <name>.text:retain</name>
         <load_address>0x388c7</load_address>
         <run_address>0x388c7</run_address>
         <size>0x127</size>
         <input_file_ref idref="fl-40"/>
      </object_component>
      <object_component id="oc-93">
         <name>.text</name>
         <load_address>0x389ee</load_address>
         <run_address>0x389ee</run_address>
         <size>0x10b</size>
         <input_file_ref idref="fl-14"/>
      </object_component>
      <object_component id="oc-1a1">
         <name>.text</name>
         <load_address>0x38af9</load_address>
         <run_address>0x38af9</run_address>
         <size>0x107</size>
         <input_file_ref idref="fl-3e"/>
      </object_component>
      <object_component id="oc-81">
         <name>.text</name>
         <load_address>0x38c00</load_address>
         <run_address>0x38c00</run_address>
         <size>0x105</size>
         <input_file_ref idref="fl-11"/>
      </object_component>
      <object_component id="oc-112">
         <name>.text</name>
         <load_address>0x38d05</load_address>
         <run_address>0x38d05</run_address>
         <size>0x100</size>
         <input_file_ref idref="fl-26"/>
      </object_component>
      <object_component id="oc-134">
         <name>.text</name>
         <load_address>0x38e05</load_address>
         <run_address>0x38e05</run_address>
         <size>0xfd</size>
         <input_file_ref idref="fl-2b"/>
      </object_component>
      <object_component id="oc-10d">
         <name>.text</name>
         <load_address>0x38f02</load_address>
         <run_address>0x38f02</run_address>
         <size>0xf6</size>
         <input_file_ref idref="fl-25"/>
      </object_component>
      <object_component id="oc-2c1">
         <name>.text</name>
         <load_address>0x38ff8</load_address>
         <run_address>0x38ff8</run_address>
         <size>0xf2</size>
         <input_file_ref idref="fl-91"/>
      </object_component>
      <object_component id="oc-23a">
         <name>.text</name>
         <load_address>0x390ea</load_address>
         <run_address>0x390ea</run_address>
         <size>0xeb</size>
         <input_file_ref idref="fl-73"/>
      </object_component>
      <object_component id="oc-2f3">
         <name>.text</name>
         <load_address>0x391d5</load_address>
         <run_address>0x391d5</run_address>
         <size>0xe6</size>
         <input_file_ref idref="fl-9c"/>
      </object_component>
      <object_component id="oc-2e7">
         <name>.text</name>
         <load_address>0x392bb</load_address>
         <run_address>0x392bb</run_address>
         <size>0xdd</size>
         <input_file_ref idref="fl-99"/>
      </object_component>
      <object_component id="oc-144">
         <name>.text</name>
         <load_address>0x39398</load_address>
         <run_address>0x39398</run_address>
         <size>0xd6</size>
         <input_file_ref idref="fl-2e"/>
      </object_component>
      <object_component id="oc-ec">
         <name>.text</name>
         <load_address>0x3946e</load_address>
         <run_address>0x3946e</run_address>
         <size>0xd0</size>
         <input_file_ref idref="fl-20"/>
      </object_component>
      <object_component id="oc-2b8">
         <name>.text</name>
         <load_address>0x3953e</load_address>
         <run_address>0x3953e</run_address>
         <size>0xcc</size>
         <input_file_ref idref="fl-8f"/>
      </object_component>
      <object_component id="oc-19b">
         <name>.text</name>
         <load_address>0x3960a</load_address>
         <run_address>0x3960a</run_address>
         <size>0xca</size>
         <input_file_ref idref="fl-3d"/>
      </object_component>
      <object_component id="oc-2eb">
         <name>.text</name>
         <load_address>0x396d4</load_address>
         <run_address>0x396d4</run_address>
         <size>0xc2</size>
         <input_file_ref idref="fl-9a"/>
      </object_component>
      <object_component id="oc-24e">
         <name>.text</name>
         <load_address>0x39796</load_address>
         <run_address>0x39796</run_address>
         <size>0xbf</size>
         <input_file_ref idref="fl-77"/>
      </object_component>
      <object_component id="oc-2e4">
         <name>.text:CIO_breakpoint</name>
         <load_address>0x39855</load_address>
         <run_address>0x39855</run_address>
         <size>0xba</size>
         <input_file_ref idref="fl-98"/>
      </object_component>
      <object_component id="oc-26f">
         <name>.text</name>
         <load_address>0x3990f</load_address>
         <run_address>0x3990f</run_address>
         <size>0xb7</size>
         <input_file_ref idref="fl-7e"/>
      </object_component>
      <object_component id="oc-13f">
         <name>.text</name>
         <load_address>0x399c6</load_address>
         <run_address>0x399c6</run_address>
         <size>0xae</size>
         <input_file_ref idref="fl-2d"/>
      </object_component>
      <object_component id="oc-13b">
         <name>.text</name>
         <load_address>0x39a74</load_address>
         <run_address>0x39a74</run_address>
         <size>0xaa</size>
         <input_file_ref idref="fl-2c"/>
      </object_component>
      <object_component id="oc-2ab">
         <name>.text</name>
         <load_address>0x39b1e</load_address>
         <run_address>0x39b1e</run_address>
         <size>0xa6</size>
         <input_file_ref idref="fl-8c"/>
      </object_component>
      <object_component id="oc-205">
         <name>.text</name>
         <load_address>0x39bc4</load_address>
         <run_address>0x39bc4</run_address>
         <size>0xa1</size>
         <input_file_ref idref="fl-67"/>
      </object_component>
      <object_component id="oc-c0">
         <name>.text</name>
         <load_address>0x39c65</load_address>
         <run_address>0x39c65</run_address>
         <size>0x9a</size>
         <input_file_ref idref="fl-1a"/>
      </object_component>
      <object_component id="oc-12f">
         <name>.text</name>
         <load_address>0x39cff</load_address>
         <run_address>0x39cff</run_address>
         <size>0x8f</size>
         <input_file_ref idref="fl-2a"/>
      </object_component>
      <object_component id="oc-1dc">
         <name>.text</name>
         <load_address>0x39d8e</load_address>
         <run_address>0x39d8e</run_address>
         <size>0x8c</size>
         <input_file_ref idref="fl-4b"/>
      </object_component>
      <object_component id="oc-16a">
         <name>.text</name>
         <load_address>0x39e1a</load_address>
         <run_address>0x39e1a</run_address>
         <size>0x87</size>
         <input_file_ref idref="fl-34"/>
      </object_component>
      <object_component id="oc-2d0">
         <name>.text</name>
         <load_address>0x39ea1</load_address>
         <run_address>0x39ea1</run_address>
         <size>0x7d</size>
         <input_file_ref idref="fl-94"/>
      </object_component>
      <object_component id="oc-cc">
         <name>.text</name>
         <load_address>0x39f1e</load_address>
         <run_address>0x39f1e</run_address>
         <size>0x7b</size>
         <input_file_ref idref="fl-1c"/>
      </object_component>
      <object_component id="oc-304">
         <name>.text</name>
         <load_address>0x39f99</load_address>
         <run_address>0x39f99</run_address>
         <size>0x7b</size>
         <input_file_ref idref="fl-9f"/>
      </object_component>
      <object_component id="oc-218">
         <name>.text</name>
         <load_address>0x3a014</load_address>
         <run_address>0x3a014</run_address>
         <size>0x77</size>
         <input_file_ref idref="fl-6b"/>
      </object_component>
      <object_component id="oc-2b4">
         <name>.text</name>
         <load_address>0x3a08b</load_address>
         <run_address>0x3a08b</run_address>
         <size>0x76</size>
         <input_file_ref idref="fl-8e"/>
      </object_component>
      <object_component id="oc-22e">
         <name>.text</name>
         <load_address>0x3a101</load_address>
         <run_address>0x3a101</run_address>
         <size>0x73</size>
         <input_file_ref idref="fl-70"/>
      </object_component>
      <object_component id="oc-266">
         <name>.text</name>
         <load_address>0x3a174</load_address>
         <run_address>0x3a174</run_address>
         <size>0x72</size>
         <input_file_ref idref="fl-7c"/>
      </object_component>
      <object_component id="oc-273">
         <name>.text</name>
         <load_address>0x3a1e6</load_address>
         <run_address>0x3a1e6</run_address>
         <size>0x70</size>
         <input_file_ref idref="fl-7f"/>
      </object_component>
      <object_component id="oc-214">
         <name>.text</name>
         <load_address>0x3a256</load_address>
         <run_address>0x3a256</run_address>
         <size>0x6f</size>
         <input_file_ref idref="fl-6a"/>
      </object_component>
      <object_component id="oc-1e5">
         <name>.text</name>
         <load_address>0x3a2c5</load_address>
         <run_address>0x3a2c5</run_address>
         <size>0x6d</size>
         <input_file_ref idref="fl-4d"/>
      </object_component>
      <object_component id="oc-2e1">
         <name>.text</name>
         <load_address>0x3a332</load_address>
         <run_address>0x3a332</run_address>
         <size>0x6d</size>
         <input_file_ref idref="fl-98"/>
      </object_component>
      <object_component id="oc-2ef">
         <name>.text</name>
         <load_address>0x3a39f</load_address>
         <run_address>0x3a39f</run_address>
         <size>0x6b</size>
         <input_file_ref idref="fl-9b"/>
      </object_component>
      <object_component id="oc-220">
         <name>.text</name>
         <load_address>0x3a40a</load_address>
         <run_address>0x3a40a</run_address>
         <size>0x67</size>
         <input_file_ref idref="fl-6d"/>
      </object_component>
      <object_component id="oc-18f">
         <name>.text</name>
         <load_address>0x3a471</load_address>
         <run_address>0x3a471</run_address>
         <size>0x60</size>
         <input_file_ref idref="fl-3a"/>
      </object_component>
      <object_component id="oc-76">
         <name>.text</name>
         <load_address>0x3a4d1</load_address>
         <run_address>0x3a4d1</run_address>
         <size>0x5f</size>
         <input_file_ref idref="fl-f"/>
      </object_component>
      <object_component id="oc-26a">
         <name>.text</name>
         <load_address>0x3a530</load_address>
         <run_address>0x3a530</run_address>
         <size>0x5f</size>
         <input_file_ref idref="fl-7d"/>
      </object_component>
      <object_component id="oc-299">
         <name>.text</name>
         <load_address>0x3a58f</load_address>
         <run_address>0x3a58f</run_address>
         <size>0x5c</size>
         <input_file_ref idref="fl-87"/>
      </object_component>
      <object_component id="oc-229">
         <name>.text</name>
         <load_address>0x3a5eb</load_address>
         <run_address>0x3a5eb</run_address>
         <size>0x5b</size>
         <input_file_ref idref="fl-6f"/>
      </object_component>
      <object_component id="oc-43">
         <name>.text</name>
         <load_address>0x3a646</load_address>
         <run_address>0x3a646</run_address>
         <size>0x56</size>
         <input_file_ref idref="fl-7"/>
      </object_component>
      <object_component id="oc-9f">
         <name>.text</name>
         <load_address>0x3a69c</load_address>
         <run_address>0x3a69c</run_address>
         <size>0x55</size>
         <input_file_ref idref="fl-16"/>
      </object_component>
      <object_component id="oc-262">
         <name>.text</name>
         <load_address>0x3a6f1</load_address>
         <run_address>0x3a6f1</run_address>
         <size>0x50</size>
         <input_file_ref idref="fl-7b"/>
      </object_component>
      <object_component id="oc-29d">
         <name>.text</name>
         <load_address>0x3a741</load_address>
         <run_address>0x3a741</run_address>
         <size>0x4d</size>
         <input_file_ref idref="fl-88"/>
      </object_component>
      <object_component id="oc-295">
         <name>.text</name>
         <load_address>0x3a78e</load_address>
         <run_address>0x3a78e</run_address>
         <size>0x4b</size>
         <input_file_ref idref="fl-86"/>
      </object_component>
      <object_component id="oc-2d8">
         <name>.text</name>
         <load_address>0x3a7d9</load_address>
         <run_address>0x3a7d9</run_address>
         <size>0x4b</size>
         <input_file_ref idref="fl-96"/>
      </object_component>
      <object_component id="oc-48">
         <name>.text</name>
         <load_address>0x3a824</load_address>
         <run_address>0x3a824</run_address>
         <size>0x49</size>
         <input_file_ref idref="fl-8"/>
      </object_component>
      <object_component id="oc-100">
         <name>.text</name>
         <load_address>0x3a86d</load_address>
         <run_address>0x3a86d</run_address>
         <size>0x48</size>
         <input_file_ref idref="fl-23"/>
      </object_component>
      <object_component id="oc-201">
         <name>.text</name>
         <load_address>0x3a8b5</load_address>
         <run_address>0x3a8b5</run_address>
         <size>0x48</size>
         <input_file_ref idref="fl-66"/>
      </object_component>
      <object_component id="oc-189">
         <name>.text</name>
         <load_address>0x3a8fd</load_address>
         <run_address>0x3a8fd</run_address>
         <size>0x46</size>
         <input_file_ref idref="fl-39"/>
      </object_component>
      <object_component id="oc-27b">
         <name>.text</name>
         <load_address>0x3a943</load_address>
         <run_address>0x3a943</run_address>
         <size>0x41</size>
         <input_file_ref idref="fl-81"/>
      </object_component>
      <object_component id="oc-246">
         <name>.text</name>
         <load_address>0x3a984</load_address>
         <run_address>0x3a984</run_address>
         <size>0x3f</size>
         <input_file_ref idref="fl-75"/>
      </object_component>
      <object_component id="oc-7d">
         <name>.text</name>
         <load_address>0x3a9c3</load_address>
         <run_address>0x3a9c3</run_address>
         <size>0x3e</size>
         <input_file_ref idref="fl-10"/>
      </object_component>
      <object_component id="oc-209">
         <name>.text</name>
         <load_address>0x3aa01</load_address>
         <run_address>0x3aa01</run_address>
         <size>0x3e</size>
         <input_file_ref idref="fl-68"/>
      </object_component>
      <object_component id="oc-232">
         <name>.text</name>
         <load_address>0x3aa3f</load_address>
         <run_address>0x3aa3f</run_address>
         <size>0x3c</size>
         <input_file_ref idref="fl-71"/>
      </object_component>
      <object_component id="oc-16">
         <name>.text</name>
         <load_address>0x3aa7b</load_address>
         <run_address>0x3aa7b</run_address>
         <size>0x34</size>
         <input_file_ref idref="fl-62"/>
      </object_component>
      <object_component id="oc-86">
         <name>.text</name>
         <load_address>0x3aaaf</load_address>
         <run_address>0x3aaaf</run_address>
         <size>0x30</size>
         <input_file_ref idref="fl-12"/>
      </object_component>
      <object_component id="oc-241">
         <name>.text</name>
         <load_address>0x3aadf</load_address>
         <run_address>0x3aadf</run_address>
         <size>0x2e</size>
         <input_file_ref idref="fl-74"/>
      </object_component>
      <object_component id="oc-210">
         <name>.text</name>
         <load_address>0x3ab0d</load_address>
         <run_address>0x3ab0d</run_address>
         <size>0x2a</size>
         <input_file_ref idref="fl-69"/>
      </object_component>
      <object_component id="oc-280">
         <name>.text</name>
         <load_address>0x3ab37</load_address>
         <run_address>0x3ab37</run_address>
         <size>0x2a</size>
         <input_file_ref idref="fl-82"/>
      </object_component>
      <object_component id="oc-2d4">
         <name>.text</name>
         <load_address>0x3ab61</load_address>
         <run_address>0x3ab61</run_address>
         <size>0x23</size>
         <input_file_ref idref="fl-95"/>
      </object_component>
      <object_component id="oc-2bd">
         <name>.text</name>
         <load_address>0x3ab84</load_address>
         <run_address>0x3ab84</run_address>
         <size>0x1a</size>
         <input_file_ref idref="fl-90"/>
      </object_component>
      <object_component id="oc-277">
         <name>.text</name>
         <load_address>0x3ab9e</load_address>
         <run_address>0x3ab9e</run_address>
         <size>0x14</size>
         <input_file_ref idref="fl-80"/>
      </object_component>
      <object_component id="oc-236">
         <name>.text</name>
         <load_address>0x3abb2</load_address>
         <run_address>0x3abb2</run_address>
         <size>0x13</size>
         <input_file_ref idref="fl-72"/>
      </object_component>
      <object_component id="oc-289">
         <name>.text</name>
         <load_address>0x3abc5</load_address>
         <run_address>0x3abc5</run_address>
         <size>0x12</size>
         <input_file_ref idref="fl-84"/>
      </object_component>
      <object_component id="oc-24a">
         <name>.text</name>
         <load_address>0x3abd7</load_address>
         <run_address>0x3abd7</run_address>
         <size>0x11</size>
         <input_file_ref idref="fl-76"/>
      </object_component>
      <object_component id="oc-257">
         <name>.text</name>
         <load_address>0x3abe8</load_address>
         <run_address>0x3abe8</run_address>
         <size>0x10</size>
         <input_file_ref idref="fl-79"/>
      </object_component>
      <object_component id="oc-225">
         <name>.text</name>
         <load_address>0x3abf8</load_address>
         <run_address>0x3abf8</run_address>
         <size>0xe</size>
         <input_file_ref idref="fl-6e"/>
      </object_component>
      <object_component id="oc-21c">
         <name>.text</name>
         <load_address>0x3ac06</load_address>
         <run_address>0x3ac06</run_address>
         <size>0xc</size>
         <input_file_ref idref="fl-6c"/>
      </object_component>
      <object_component id="oc-308">
         <name>.text</name>
         <load_address>0x3ac12</load_address>
         <run_address>0x3ac12</run_address>
         <size>0xa</size>
         <input_file_ref idref="fl-a0"/>
      </object_component>
      <object_component id="oc-20d">
         <name>.text:CIO_breakpoint</name>
         <load_address>0x3ac1c</load_address>
         <run_address>0x3ac1c</run_address>
         <size>0x7</size>
         <input_file_ref idref="fl-68"/>
      </object_component>
      <object_component id="oc-284">
         <name>.text</name>
         <load_address>0x3ac23</load_address>
         <run_address>0x3ac23</run_address>
         <size>0x2</size>
         <input_file_ref idref="fl-83"/>
      </object_component>
      <object_component id="oc-190">
         <name>.data:.text</name>
         <load_address>0x3ac26</load_address>
         <run_address>0x3ac26</run_address>
         <size>0x2</size>
         <input_file_ref idref="fl-3a"/>
      </object_component>
      <object_component id="oc-6a">
         <name>.bss</name>
         <load_address>0x3ac28</load_address>
         <run_address>0x3ac28</run_address>
         <size>0x644</size>
         <input_file_ref idref="fl-d"/>
      </object_component>
      <object_component id="oc-118">
         <name>.bss</name>
         <load_address>0x3b26c</load_address>
         <run_address>0x3b26c</run_address>
         <size>0x584</size>
         <input_file_ref idref="fl-27"/>
      </object_component>
      <object_component id="oc-1aa">
         <name>.bss</name>
         <load_address>0x3b7f0</load_address>
         <run_address>0x3b7f0</run_address>
         <size>0x31c</size>
         <input_file_ref idref="fl-3f"/>
      </object_component>
      <object_component id="oc-87">
         <name>.bss</name>
         <load_address>0x3bb0c</load_address>
         <run_address>0x3bb0c</run_address>
         <size>0x288</size>
         <input_file_ref idref="fl-12"/>
      </object_component>
      <object_component id="oc-2a3">
         <name>.bss</name>
         <load_address>0x3bd94</load_address>
         <run_address>0x3bd94</run_address>
         <size>0x232</size>
         <input_file_ref idref="fl-8a"/>
      </object_component>
      <object_component id="oc-157">
         <name>.bss</name>
         <load_address>0x3bfc6</load_address>
         <run_address>0x3bfc6</run_address>
         <size>0x2</size>
         <input_file_ref idref="fl-31"/>
      </object_component>
      <object_component id="oc-1ba">
         <name>.bss</name>
         <load_address>0x3bfc8</load_address>
         <run_address>0x3bfc8</run_address>
         <size>0x20c</size>
         <input_file_ref idref="fl-41"/>
      </object_component>
      <object_component id="oc-77">
         <name>.bss</name>
         <load_address>0x3c1d4</load_address>
         <run_address>0x3c1d4</run_address>
         <size>0x200</size>
         <input_file_ref idref="fl-f"/>
      </object_component>
      <object_component id="oc-2dd">
         <name>.bss</name>
         <load_address>0x3c3d4</load_address>
         <run_address>0x3c3d4</run_address>
         <size>0x1a0</size>
         <input_file_ref idref="fl-97"/>
      </object_component>
      <object_component id="oc-e5">
         <name>.bss</name>
         <load_address>0x3c574</load_address>
         <run_address>0x3c574</run_address>
         <size>0x19c</size>
         <input_file_ref idref="fl-1f"/>
      </object_component>
      <object_component id="oc-3c">
         <name>.bss</name>
         <load_address>0x3c710</load_address>
         <run_address>0x3c710</run_address>
         <size>0x134</size>
         <input_file_ref idref="fl-6"/>
      </object_component>
      <object_component id="oc-1d7">
         <name>.bss</name>
         <load_address>0x3c844</load_address>
         <run_address>0x3c844</run_address>
         <size>0x108</size>
         <input_file_ref idref="fl-4a"/>
      </object_component>
      <object_component id="oc-177">
         <name>.bss</name>
         <load_address>0x3c94c</load_address>
         <run_address>0x3c94c</run_address>
         <size>0xe4</size>
         <input_file_ref idref="fl-36"/>
      </object_component>
      <object_component id="oc-2cb">
         <name>.bss</name>
         <load_address>0x3ca30</load_address>
         <run_address>0x3ca30</run_address>
         <size>0xe2</size>
         <input_file_ref idref="fl-93"/>
      </object_component>
      <object_component id="oc-2a7">
         <name>.bss</name>
         <load_address>0x3cb12</load_address>
         <run_address>0x3cb12</run_address>
         <size>0x2</size>
         <input_file_ref idref="fl-8b"/>
      </object_component>
      <object_component id="oc-de">
         <name>.bss</name>
         <load_address>0x3cb14</load_address>
         <run_address>0x3cb14</run_address>
         <size>0x84</size>
         <input_file_ref idref="fl-1e"/>
      </object_component>
      <object_component id="oc-184">
         <name>.bss</name>
         <load_address>0x3cb98</load_address>
         <run_address>0x3cb98</run_address>
         <size>0x84</size>
         <input_file_ref idref="fl-38"/>
      </object_component>
      <object_component id="oc-25c">
         <name>.bss</name>
         <load_address>0x3cc1c</load_address>
         <run_address>0x3cc1c</run_address>
         <size>0x74</size>
         <input_file_ref idref="fl-7a"/>
      </object_component>
      <object_component id="oc-5a">
         <name>.bss</name>
         <load_address>0x3cc90</load_address>
         <run_address>0x3cc90</run_address>
         <size>0x72</size>
         <input_file_ref idref="fl-b"/>
      </object_component>
      <object_component id="oc-2f8">
         <name>.bss</name>
         <load_address>0x3cd02</load_address>
         <run_address>0x3cd02</run_address>
         <size>0x2</size>
         <input_file_ref idref="fl-9d"/>
      </object_component>
      <object_component id="oc-71">
         <name>.bss</name>
         <load_address>0x3cd04</load_address>
         <run_address>0x3cd04</run_address>
         <size>0x70</size>
         <input_file_ref idref="fl-e"/>
      </object_component>
      <object_component id="oc-a8">
         <name>.bss</name>
         <load_address>0x3cd74</load_address>
         <run_address>0x3cd74</run_address>
         <size>0x60</size>
         <input_file_ref idref="fl-17"/>
      </object_component>
      <object_component id="oc-f9">
         <name>.bss</name>
         <load_address>0x3cdd4</load_address>
         <run_address>0x3cdd4</run_address>
         <size>0x58</size>
         <input_file_ref idref="fl-22"/>
      </object_component>
      <object_component id="oc-1d0">
         <name>.bss</name>
         <load_address>0x3ce2c</load_address>
         <run_address>0x3ce2c</run_address>
         <size>0x54</size>
         <input_file_ref idref="fl-49"/>
      </object_component>
      <object_component id="oc-18">
         <name>.bss</name>
         <load_address>0x3ce80</load_address>
         <run_address>0x3ce80</run_address>
         <size>0x48</size>
         <input_file_ref idref="fl-2"/>
      </object_component>
      <object_component id="oc-a0">
         <name>.bss</name>
         <load_address>0x3cec8</load_address>
         <run_address>0x3cec8</run_address>
         <size>0x42</size>
         <input_file_ref idref="fl-16"/>
      </object_component>
      <object_component id="oc-16b">
         <name>.bss</name>
         <load_address>0x3cf0a</load_address>
         <run_address>0x3cf0a</run_address>
         <size>0x2</size>
         <input_file_ref idref="fl-34"/>
      </object_component>
      <object_component id="oc-c5">
         <name>.bss</name>
         <load_address>0x3cf0c</load_address>
         <run_address>0x3cf0c</run_address>
         <size>0x40</size>
         <input_file_ref idref="fl-1b"/>
      </object_component>
      <object_component id="oc-d5">
         <name>.bss</name>
         <load_address>0x3cf4c</load_address>
         <run_address>0x3cf4c</run_address>
         <size>0x3e</size>
         <input_file_ref idref="fl-1d"/>
      </object_component>
      <object_component id="oc-2a">
         <name>.bss</name>
         <load_address>0x3cf8c</load_address>
         <run_address>0x3cf8c</run_address>
         <size>0x38</size>
         <input_file_ref idref="fl-4"/>
      </object_component>
      <object_component id="oc-4d">
         <name>.bss</name>
         <load_address>0x3cfc4</load_address>
         <run_address>0x3cfc4</run_address>
         <size>0x38</size>
         <input_file_ref idref="fl-9"/>
      </object_component>
      <object_component id="oc-1a2">
         <name>.bss</name>
         <load_address>0x3cffc</load_address>
         <run_address>0x3cffc</run_address>
         <size>0x30</size>
         <input_file_ref idref="fl-3e"/>
      </object_component>
      <object_component id="oc-33">
         <name>.bss</name>
         <load_address>0x3d02c</load_address>
         <run_address>0x3d02c</run_address>
         <size>0x2e</size>
         <input_file_ref idref="fl-5"/>
      </object_component>
      <object_component id="oc-23b">
         <name>.bss</name>
         <load_address>0x3d05c</load_address>
         <run_address>0x3d05c</run_address>
         <size>0x20</size>
         <input_file_ref idref="fl-73"/>
      </object_component>
      <object_component id="oc-162">
         <name>.bss</name>
         <load_address>0x3d07c</load_address>
         <run_address>0x3d07c</run_address>
         <size>0x1e</size>
         <input_file_ref idref="fl-33"/>
      </object_component>
      <object_component id="oc-127">
         <name>.bss</name>
         <load_address>0x3d09c</load_address>
         <run_address>0x3d09c</run_address>
         <size>0x1c</size>
         <input_file_ref idref="fl-29"/>
      </object_component>
      <object_component id="oc-1b2">
         <name>.bss</name>
         <load_address>0x3d0b8</load_address>
         <run_address>0x3d0b8</run_address>
         <size>0x14</size>
         <input_file_ref idref="fl-40"/>
      </object_component>
      <object_component id="oc-1f7">
         <name>.bss</name>
         <load_address>0x3d0cc</load_address>
         <run_address>0x3d0cc</run_address>
         <size>0x10</size>
         <input_file_ref idref="fl-64"/>
      </object_component>
      <object_component id="oc-2fe">
         <name>.bss</name>
         <load_address>0x3d0dc</load_address>
         <run_address>0x3d0dc</run_address>
         <size>0xc</size>
         <input_file_ref idref="fl-9e"/>
      </object_component>
      <object_component id="oc-19c">
         <name>.bss</name>
         <load_address>0x3d0e8</load_address>
         <run_address>0x3d0e8</run_address>
         <size>0xa</size>
         <input_file_ref idref="fl-3d"/>
      </object_component>
      <object_component id="oc-11f">
         <name>.bss</name>
         <load_address>0x3d0f4</load_address>
         <run_address>0x3d0f4</run_address>
         <size>0x8</size>
         <input_file_ref idref="fl-28"/>
      </object_component>
      <object_component id="oc-28a">
         <name>.bss</name>
         <load_address>0x3d0fc</load_address>
         <run_address>0x3d0fc</run_address>
         <size>0x8</size>
         <input_file_ref idref="fl-84"/>
      </object_component>
      <object_component id="oc-20a">
         <name>.bss</name>
         <load_address>0x3d104</load_address>
         <run_address>0x3d104</run_address>
         <size>0x8</size>
         <input_file_ref idref="fl-68"/>
      </object_component>
      <object_component id="oc-21">
         <name>.bss</name>
         <load_address>0x3d10c</load_address>
         <run_address>0x3d10c</run_address>
         <size>0x6</size>
         <input_file_ref idref="fl-3"/>
      </object_component>
      <object_component id="oc-cd">
         <name>.bss</name>
         <load_address>0x3d114</load_address>
         <run_address>0x3d114</run_address>
         <size>0x6</size>
         <input_file_ref idref="fl-1c"/>
      </object_component>
      <object_component id="oc-135">
         <name>.bss</name>
         <load_address>0x3d11c</load_address>
         <run_address>0x3d11c</run_address>
         <size>0x6</size>
         <input_file_ref idref="fl-2b"/>
      </object_component>
      <object_component id="oc-14b">
         <name>.bss</name>
         <load_address>0x3d124</load_address>
         <run_address>0x3d124</run_address>
         <size>0x6</size>
         <input_file_ref idref="fl-2f"/>
      </object_component>
      <object_component id="oc-98">
         <name>.bss</name>
         <load_address>0x3d12a</load_address>
         <run_address>0x3d12a</run_address>
         <size>0x4</size>
         <input_file_ref idref="fl-15"/>
      </object_component>
      <object_component id="oc-b1">
         <name>.bss</name>
         <load_address>0x3d12e</load_address>
         <run_address>0x3d12e</run_address>
         <size>0x4</size>
         <input_file_ref idref="fl-18"/>
      </object_component>
      <object_component id="oc-ed">
         <name>.bss</name>
         <load_address>0x3d132</load_address>
         <run_address>0x3d132</run_address>
         <size>0x4</size>
         <input_file_ref idref="fl-20"/>
      </object_component>
      <object_component id="oc-101">
         <name>.bss</name>
         <load_address>0x3d138</load_address>
         <run_address>0x3d138</run_address>
         <size>0x4</size>
         <input_file_ref idref="fl-23"/>
      </object_component>
      <object_component id="oc-108">
         <name>.fdata</name>
         <uninitialized>true</uninitialized>
         <run_address>0x40478</run_address>
         <size>0x200</size>
         <input_file_ref idref="fl-24"/>
      </object_component>
      <object_component id="oc-89">
         <name>.cinit</name>
         <load_address>0x3f628</load_address>
         <run_address>0x3f628</run_address>
         <size>0x2b4</size>
         <input_file_ref idref="fl-12"/>
      </object_component>
      <object_component id="oc-79">
         <name>.cinit</name>
         <load_address>0x3f8dc</load_address>
         <run_address>0x3f8dc</run_address>
         <size>0x206</size>
         <input_file_ref idref="fl-f"/>
      </object_component>
      <object_component id="oc-1bc">
         <name>.cinit</name>
         <load_address>0x3fae2</load_address>
         <run_address>0x3fae2</run_address>
         <size>0x1ae</size>
         <input_file_ref idref="fl-41"/>
      </object_component>
      <object_component id="oc-1ac">
         <name>.cinit</name>
         <load_address>0x3fc90</load_address>
         <run_address>0x3fc90</run_address>
         <size>0xdc</size>
         <input_file_ref idref="fl-3f"/>
      </object_component>
      <object_component id="oc-3e">
         <name>.cinit</name>
         <load_address>0x3fd6c</load_address>
[...]
      </symbol>
      <symbol id="sm-105e">
         <name>__cmpd</name>
         <value>0x3781c</value>
         <object_component_ref idref="oc-1f2"/>
      </symbol>
      <symbol id="sm-105f">
         <name>__neqd</name>
         <value>0x3768a</value>
         <object_component_ref idref="oc-1f2"/>
      </symbol>
      <symbol id="sm-1060">
         <name>__gtrd</name>
         <value>0x37753</value>
         <object_component_ref idref="oc-1f2"/>
      </symbol>
      <symbol id="sm-1061">
         <name>__geqd</name>
         <value>0x3779e</value>
         <object_component_ref idref="oc-1f2"/>
      </symbol>
      <symbol id="sm-1062">
         <name>__leqd</name>
         <value>0x37706</value>
         <object_component_ref idref="oc-1f2"/>
      </symbol>
      <symbol id="sm-1063">
         <name>__lssd</name>
         <value>0x376be</value>
         <object_component_ref idref="oc-1f2"/>
      </symbol>
      <symbol id="sm-1074">
         <name>_cos</name>
         <value>0x3666b</value>
         <object_component_ref idref="oc-1f6"/>
      </symbol>
      <symbol id="sm-1080">
         <name>__divd</name>
         <value>0x3331d</value>
         <object_component_ref idref="oc-1fd"/>
      </symbol>
      <symbol id="sm-108a">
         <name>__divli</name>
         <value>0x3a8b5</value>
         <object_component_ref idref="oc-201"/>
      </symbol>
      <symbol id="sm-1095">
         <name>__divul</name>
         <value>0x39bc4</value>
         <object_component_ref idref="oc-205"/>
      </symbol>
      <symbol id="sm-10a5">
         <name>C$$EXIT</name>
         <value>0x3ac1d</value>
         <object_component_ref idref="oc-20d"/>
      </symbol>
      <symbol id="sm-10a6">
         <name>_exit</name>
         <value>0x3aa01</value>
         <object_component_ref idref="oc-209"/>
      </symbol>
      <symbol id="sm-10a7">
         <name>_abort</name>
         <value>0x3ac1c</value>
         <object_component_ref idref="oc-20d"/>
      </symbol>
      <symbol id="sm-10a8">
         <name>__cleanup_ptr</name>
         <value>0x3d104</value>
         <object_component_ref idref="oc-20a"/>
      </symbol>
      <symbol id="sm-10a9">
         <name>__dtors_ptr</name>
         <value>0x3d108</value>
         <object_component_ref idref="oc-20a"/>
      </symbol>
      <symbol id="sm-10b3">
         <name>__fixdi</name>
         <value>0x3ab0d</value>
         <object_component_ref idref="oc-210"/>
      </symbol>
      <symbol id="sm-10bd">
         <name>__fixdli</name>
         <value>0x3a256</value>
         <object_component_ref idref="oc-214"/>
      </symbol>
      <symbol id="sm-10c7">
         <name>__fixdul</name>
         <value>0x3a014</value>
         <object_component_ref idref="oc-218"/>
      </symbol>
      <symbol id="sm-10d1">
         <name>__fltid</name>
         <value>0x3ac06</value>
         <object_component_ref idref="oc-21c"/>
      </symbol>
      <symbol id="sm-10dd">
         <name>__fltlid</name>
         <value>0x3a40a</value>
         <object_component_ref idref="oc-220"/>
      </symbol>
      <symbol id="sm-10e7">
         <name>__fltud</name>
         <value>0x3abf8</value>
         <object_component_ref idref="oc-225"/>
      </symbol>
      <symbol id="sm-10f3">
         <name>__fltuld</name>
         <value>0x3a5eb</value>
         <object_component_ref idref="oc-229"/>
      </symbol>
      <symbol id="sm-10fd">
         <name>__frcmpyd_div</name>
         <value>0x3a101</value>
         <object_component_ref idref="oc-22e"/>
      </symbol>
      <symbol id="sm-1105">
         <name>__remi</name>
         <value>0x3aa5e</value>
         <object_component_ref idref="oc-232"/>
      </symbol>
      <symbol id="sm-1106">
         <name>__divi</name>
         <value>0x3aa3f</value>
         <object_component_ref idref="oc-232"/>
      </symbol>
      <symbol id="sm-1107">
         <name>I$$MOD</name>
         <value>0x3aa5e</value>
         <object_component_ref idref="oc-232"/>
      </symbol>
      <symbol id="sm-1108">
         <name>I$$DIV</name>
         <value>0x3aa3f</value>
         <object_component_ref idref="oc-232"/>
      </symbol>
      <symbol id="sm-1110">
         <name>__mpyli</name>
         <value>0x3abb2</value>
         <object_component_ref idref="oc-236"/>
      </symbol>
      <symbol id="sm-1111">
         <name>I$$LMPY</name>
         <value>0x3abb2</value>
         <object_component_ref idref="oc-236"/>
      </symbol>
      <symbol id="sm-1122">
         <name>_log</name>
         <value>0x390ea</value>
         <object_component_ref idref="oc-23a"/>
      </symbol>
      <symbol id="sm-112e">
         <name>_log10</name>
         <value>0x3aadf</value>
         <object_component_ref idref="oc-241"/>
      </symbol>
      <symbol id="sm-1136">
         <name>_memcpy</name>
         <value>0x3a984</value>
         <object_component_ref idref="oc-246"/>
      </symbol>
      <symbol id="sm-1140">
         <name>_memset</name>
         <value>0x3abd7</value>
         <object_component_ref idref="oc-24a"/>
      </symbol>
      <symbol id="sm-114c">
         <name>_modf</name>
         <value>0x39796</value>
         <object_component_ref idref="oc-24e"/>
      </symbol>
      <symbol id="sm-1156">
         <name>__mpyd</name>
         <value>0x384fd</value>
         <object_component_ref idref="oc-253"/>
      </symbol>
      <symbol id="sm-1160">
         <name>__negd</name>
         <value>0x3abe8</value>
         <object_component_ref idref="oc-257"/>
      </symbol>
      <symbol id="sm-1171">
         <name>_pow</name>
         <value>0x2fdc6</value>
         <object_component_ref idref="oc-25b"/>
      </symbol>
      <symbol id="sm-117b">
         <name>_printf</name>
         <value>0x3a6f1</value>
         <object_component_ref idref="oc-262"/>
      </symbol>
      <symbol id="sm-1186">
         <name>__remul</name>
         <value>0x3a174</value>
         <object_component_ref idref="oc-266"/>
      </symbol>
      <symbol id="sm-1192">
         <name>__nround</name>
         <value>0x3a530</value>
         <object_component_ref idref="oc-26a"/>
      </symbol>
      <symbol id="sm-119c">
         <name>_snprintf</name>
         <value>0x3990f</value>
         <object_component_ref idref="oc-26f"/>
      </symbol>
      <symbol id="sm-11a6">
         <name>_sprintf</name>
         <value>0x3a1e6</value>
         <object_component_ref idref="oc-273"/>
      </symbol>
      <symbol id="sm-11b0">
         <name>__subd</name>
         <value>0x3ab9e</value>
         <object_component_ref idref="oc-277"/>
      </symbol>
      <symbol id="sm-11bc">
         <name>__trunc</name>
         <value>0x3a943</value>
         <object_component_ref idref="oc-27b"/>
      </symbol>
      <symbol id="sm-11c4">
         <name>__remu</name>
         <value>0x3ab4c</value>
         <object_component_ref idref="oc-280"/>
      </symbol>
      <symbol id="sm-11c5">
         <name>__divu</name>
         <value>0x3ab37</value>
         <object_component_ref idref="oc-280"/>
      </symbol>
      <symbol id="sm-11c6">
         <name>I$$UMOD</name>
         <value>0x3ab4c</value>
         <object_component_ref idref="oc-280"/>
      </symbol>
      <symbol id="sm-11c7">
         <name>I$$UDIV</name>
         <value>0x3ab37</value>
         <object_component_ref idref="oc-280"/>
      </symbol>
      <symbol id="sm-11d1">
         <name>_Reset</name>
         <value>0x200</value>
         <object_component_ref idref="oc-285"/>
      </symbol>
      <symbol id="sm-11df">
         <name>__unlock</name>
         <value>0x3d100</value>
         <object_component_ref idref="oc-28a"/>
      </symbol>
      <symbol id="sm-11e0">
         <name>__lock</name>
         <value>0x3d0fc</value>
         <object_component_ref idref="oc-28a"/>
      </symbol>
      <symbol id="sm-11e1">
         <name>__register_lock</name>
         <value>0x3abcd</value>
         <object_component_ref idref="oc-289"/>
      </symbol>
      <symbol id="sm-11e2">
         <name>__nop</name>
         <value>0x3abd5</value>
         <object_component_ref idref="oc-289"/>
      </symbol>
      <symbol id="sm-11e3">
         <name>__register_unlock</name>
         <value>0x3abc5</value>
         <object_component_ref idref="oc-289"/>
      </symbol>
      <symbol id="sm-11f5">
         <name>__printfi</name>
         <value>0x29362</value>
         <object_component_ref idref="oc-28f"/>
      </symbol>
      <symbol id="sm-11ff">
         <name>__args_main</name>
         <value>0x3a78e</value>
         <object_component_ref idref="oc-295"/>
      </symbol>
      <symbol id="sm-1200">
         <name>__TI_args_main</name>
         <value>0x1</value>
      </symbol>
      <symbol id="sm-120a">
         <name>_atoi</name>
         <value>0x3a58f</value>
         <object_component_ref idref="oc-299"/>
      </symbol>
      <symbol id="sm-1212">
         <name>_auto_init</name>
         <value>0x3a741</value>
         <object_component_ref idref="oc-29d"/>
      </symbol>
      <symbol id="sm-121a">
         <name>__ctypes_</name>
         <value>0x3d5c6</value>
         <object_component_ref idref="oc-31f"/>
      </symbol>
      <symbol id="sm-1224">
         <name>__tmpnams</name>
         <value>0x3be84</value>
         <object_component_ref idref="oc-2a3"/>
      </symbol>
      <symbol id="sm-1225">
         <name>__ft_end</name>
         <value>0x3bfc4</value>
         <object_component_ref idref="oc-2a3"/>
      </symbol>
      <symbol id="sm-1226">
         <name>__ftable</name>
         <value>0x3bd94</value>
         <object_component_ref idref="oc-2a3"/>
      </symbol>
      <symbol id="sm-1230">
         <name>_errno</name>
         <value>0x3cb12</value>
         <object_component_ref idref="oc-2a7"/>
      </symbol>
      <symbol id="sm-123a">
         <name>_putchar</name>
         <value>0x39bb5</value>
         <object_component_ref idref="oc-2ab"/>
      </symbol>
      <symbol id="sm-123b">
         <name>_putc</name>
         <value>0x39b1e</value>
         <object_component_ref idref="oc-2ab"/>
      </symbol>
      <symbol id="sm-123c">
         <name>_fputc</name>
         <value>0x39b1e</value>
         <object_component_ref idref="oc-2ab"/>
      </symbol>
      <symbol id="sm-124a">
         <name>_puts</name>
         <value>0x3820c</value>
         <object_component_ref idref="oc-2af"/>
      </symbol>
      <symbol id="sm-124b">
         <name>_fputs</name>
         <value>0x380d7</value>
         <object_component_ref idref="oc-2af"/>
      </symbol>
      <symbol id="sm-1255">
         <name>__frcmpyd</name>
         <value>0x3a08b</value>
         <object_component_ref idref="oc-2b4"/>
      </symbol>
      <symbol id="sm-1261">
         <name>_frexp</name>
         <value>0x3953e</value>
         <object_component_ref idref="oc-2b8"/>
      </symbol>
      <symbol id="sm-126b">
         <name>___isinf</name>
         <value>0x3ab84</value>
         <object_component_ref idref="oc-2bd"/>
      </symbol>
      <symbol id="sm-1277">
         <name>_ldexp</name>
         <value>0x38ff8</value>
         <object_component_ref idref="oc-2c1"/>
      </symbol>
      <symbol id="sm-1281">
         <name>__divull</name>
         <value>0x35e85</value>
         <object_component_ref idref="oc-2c6"/>
      </symbol>
      <symbol id="sm-1282">
         <name>__mpylli</name>
         <value>0x35dcd</value>
         <object_component_ref idref="oc-2c6"/>
      </symbol>
      <symbol id="sm-1283">
         <name>__remlli</name>
         <value>0x35d9e</value>
         <object_component_ref idref="oc-2c6"/>
      </symbol>
      <symbol id="sm-1284">
         <name>__divlli</name>
         <value>0x35f79</value>
         <object_component_ref idref="oc-2c6"/>
      </symbol>
      <symbol id="sm-1285">
         <name>__remull</name>
         <value>0x35d50</value>
         <object_component_ref idref="oc-2c6"/>
      </symbol>
      <symbol id="sm-1297">
         <name>_add_device</name>
         <value>0x30d48</value>
         <object_component_ref idref="oc-2ca"/>
      </symbol>
      <symbol id="sm-1298">
         <name>_rename</name>
         <value>0x30a6a</value>
         <object_component_ref idref="oc-2ca"/>
      </symbol>
      <symbol id="sm-1299">
         <name>_read</name>
         <value>0x30af9</value>
         <object_component_ref idref="oc-2ca"/>
      </symbol>
      <symbol id="sm-129a">
         <name>_unlink</name>
         <value>0x30a37</value>
         <object_component_ref idref="oc-2ca"/>
      </symbol>
      <symbol id="sm-129b">
         <name>_remove_device</name>
         <value>0x30ac3</value>
         <object_component_ref idref="oc-2ca"/>
      </symbol>
      <symbol id="sm-129c">
         <name>_open</name>
         <value>0x30ba7</value>
         <object_component_ref idref="oc-2ca"/>
      </symbol>
      <symbol id="sm-129d">
         <name>_find_registered_device</name>
         <value>0x30ccc</value>
         <object_component_ref idref="oc-2ca"/>
      </symbol>
      <symbol id="sm-129e">
         <name>_lseek</name>
         <value>0x30c66</value>
         <object_component_ref idref="oc-2ca"/>
      </symbol>
      <symbol id="sm-129f">
         <name>_close</name>
         <value>0x30cd5</value>
         <object_component_ref idref="oc-2ca"/>
      </symbol>
      <symbol id="sm-12a0">
         <name>_write</name>
         <value>0x308f5</value>
         <object_component_ref idref="oc-2ca"/>
      </symbol>
      <symbol id="sm-12aa">
         <name>_ltoa</name>
         <value>0x39ea1</value>
         <object_component_ref idref="oc-2d0"/>
      </symbol>
      <symbol id="sm-12b5">
         <name>_memccpy</name>
         <value>0x3ab61</value>
         <object_component_ref idref="oc-2d4"/>
      </symbol>
      <symbol id="sm-12bf">
         <name>__remli</name>
         <value>0x3a7d9</value>
         <object_component_ref idref="oc-2d8"/>
      </symbol>
      <symbol id="sm-12cb">
         <name>_HOSTopen</name>
         <value>0x31143</value>
         <object_component_ref idref="oc-2dc"/>
      </symbol>
      <symbol id="sm-12cc">
         <name>_HOSTread</name>
         <value>0x310b6</value>
         <object_component_ref idref="oc-2dc"/>
      </symbol>
      <symbol id="sm-12cd">
         <name>_HOSTtime</name>
         <value>0x30faa</value>
         <object_component_ref idref="oc-2dc"/>
      </symbol>
      <symbol id="sm-12ce">
         <name>_getenv</name>
         <value>0x30e38</value>
         <object_component_ref idref="oc-2dc"/>
      </symbol>
      <symbol id="sm-12cf">
         <name>_HOSTrename</name>
         <value>0x31008</value>
         <object_component_ref idref="oc-2dc"/>
      </symbol>
      <symbol id="sm-12d0">
         <name>_HOSTclock</name>
         <value>0x31302</value>
         <object_component_ref idref="oc-2dc"/>
      </symbol>
      <symbol id="sm-12d1">
         <name>_HOSTwrite</name>
         <value>0x30eb3</value>
         <object_component_ref idref="oc-2dc"/>
      </symbol>
      <symbol id="sm-12d2">
         <name>_HOSTlseek</name>
         <value>0x311e2</value>
         <object_component_ref idref="oc-2dc"/>
      </symbol>
      <symbol id="sm-12d3">
         <name>_HOSTunlink</name>
         <value>0x30f40</value>
         <object_component_ref idref="oc-2dc"/>
      </symbol>
      <symbol id="sm-12d4">
         <name>_HOSTclose</name>
         <value>0x31297</value>
         <object_component_ref idref="oc-2dc"/>
      </symbol>
      <symbol id="sm-12e6">
         <name>C$$IO$$</name>
         <value>0x3990a</value>
         <object_component_ref idref="oc-2e4"/>
      </symbol>
      <symbol id="sm-12e7">
         <name>__CIOBUF_</name>
         <value>0x40238</value>
         <object_component_ref idref="oc-2e3"/>
      </symbol>
      <symbol id="sm-12e8">
         <name>_readmsg</name>
         <value>0x3a332</value>
         <object_component_ref idref="oc-2e1"/>
      </symbol>
      <symbol id="sm-12e9">
         <name>_writemsg</name>
         <value>0x39855</value>
         <object_component_ref idref="oc-2e4"/>
      </symbol>
      <symbol id="sm-12f3">
         <name>__rd_ok</name>
         <value>0x3933b</value>
         <object_component_ref idref="oc-2e7"/>
      </symbol>
      <symbol id="sm-12f4">
         <name>__wrt_ok</name>
         <value>0x392bb</value>
         <object_component_ref idref="oc-2e7"/>
      </symbol>
      <symbol id="sm-12fe">
         <name>__doflush</name>
         <value>0x396d4</value>
         <object_component_ref idref="oc-2eb"/>
      </symbol>
      <symbol id="sm-12ff">
         <name>_fflush</name>
         <value>0x3973d</value>
         <object_component_ref idref="oc-2eb"/>
      </symbol>
      <symbol id="sm-1309">
         <name>_fseek</name>
         <value>0x3a39f</value>
         <object_component_ref idref="oc-2ef"/>
      </symbol>
      <symbol id="sm-1313">
         <name>_setvbuf</name>
         <value>0x391d5</value>
         <object_component_ref idref="oc-2f3"/>
      </symbol>
      <symbol id="sm-1322">
         <name>__cleanup</name>
         <value>0x3571c</value>
         <object_component_ref idref="oc-2f7"/>
      </symbol>
      <symbol id="sm-1323">
         <name>_fopen</name>
         <value>0x3583f</value>
         <object_component_ref idref="oc-2f7"/>
      </symbol>
      <symbol id="sm-1324">
         <name>_freopen</name>
         <value>0x35776</value>
         <object_component_ref idref="oc-2f7"/>
      </symbol>
      <symbol id="sm-1334">
         <name>__sys_memory</name>
         <value>0x3e628</value>
         <object_component_ref idref="oc-301"/>
      </symbol>
      <symbol id="sm-1335">
         <name>_chkheap</name>
         <value>0x321dd</value>
         <object_component_ref idref="oc-2fd"/>
      </symbol>
      <symbol id="sm-1336">
         <name>_realloc</name>
         <value>0x31f7c</value>
         <object_component_ref idref="oc-2fd"/>
      </symbol>
      <symbol id="sm-1337">
         <name>_free_memory</name>
         <value>0x32187</value>
         <object_component_ref idref="oc-2fd"/>
      </symbol>
      <symbol id="sm-1338">
         <name>_max_free</name>
         <value>0x3212d</value>
         <object_component_ref idref="oc-2fd"/>
      </symbol>
      <symbol id="sm-1339">
         <name>_free</name>
         <value>0x31d56</value>
         <object_component_ref idref="oc-2fd"/>
      </symbol>
      <symbol id="sm-133a">
         <name>_calloc</name>
         <value>0x321e5</value>
         <object_component_ref idref="oc-2fd"/>
      </symbol>
      <symbol id="sm-133b">
         <name>_malloc</name>
         <value>0x31e87</value>
         <object_component_ref idref="oc-2fd"/>
      </symbol>
      <symbol id="sm-133c">
         <name>_minit</name>
         <value>0x31e22</value>
         <object_component_ref idref="oc-2fd"/>
      </symbol>
      <symbol id="sm-1346">
         <name>_fclose</name>
         <value>0x39f99</value>
         <object_component_ref idref="oc-304"/>
      </symbol>
      <symbol id="sm-1350">
         <name>_remove</name>
         <value>0x3ac12</value>
         <object_component_ref idref="oc-308"/>
      </symbol>
   </symbol_table>
</link_info>
