<?xml version="1.0"?>
<link_info>
   <banner>TMS320C55x Linker PC v4.4.1</banner>
   <copyright>Copyright (c) 1996-2012 Texas Instruments Incorporated</copyright>
   <link_time>0x62cf0330</link_time>
   <output_file>SoundTrapReboot.out</output_file>
   <entry_point>
      <name>_c_int00</name>
      <address>0x450f7</address>
   </entry_point>
   <input_file_list>
      <input_file id="fl-2">
         <path>.\src\</path>
         <kind>object</kind>
         <file>flash.obj</file>
         <name>flash.obj</name>
      </input_file>
      <input_file id="fl-3">
         <path>.\src\</path>
         <kind>object</kind>
         <file>gpio.obj</file>
         <name>gpio.obj</name>
      </input_file>
      <input_file id="fl-4">
         <path>.\src\</path>
         <kind>object</kind>
         <file>main.obj</file>
         <name>main.obj</name>
      </input_file>
      <input_file id="fl-5">
         <path>.\src\</path>
         <kind>object</kind>
         <file>protect.obj</file>
         <name>protect.obj</name>
      </input_file>
      <input_file id="fl-6">
         <path>.\src\</path>
         <kind>object</kind>
         <file>sysControl.obj</file>
         <name>sysControl.obj</name>
      </input_file>
      <input_file id="fl-b">
         <path>C:\Users\Middy\workspace_v8\cslVC5505\Release\</path>
         <kind>archive</kind>
         <file>cslVC5505.lib</file>
         <name>csl_intc.obj</name>
      </input_file>
      <input_file id="fl-c">
         <path>C:\Users\Middy\workspace_v8\cslVC5505\Release\</path>
         <kind>archive</kind>
         <file>cslVC5505.lib</file>
         <name>csl_mmcsd.obj</name>
      </input_file>
      <input_file id="fl-d">
         <path>C:\Users\Middy\workspace_v8\cslVC5505\Release\</path>
         <kind>archive</kind>
         <file>cslVC5505.lib</file>
         <name>csl_dma.obj</name>
      </input_file>
      <input_file id="fl-21">
         <path>C:\ti\ccsv8\tools\compiler\c5500_4.4.1\lib\</path>
         <kind>archive</kind>
         <file>rts55x.lib</file>
         <name>boot.obj</name>
      </input_file>
      <input_file id="fl-22">
         <path>C:\ti\ccsv8\tools\compiler\c5500_4.4.1\lib\</path>
         <kind>archive</kind>
         <file>rts55x.lib</file>
         <name>exit.obj</name>
      </input_file>
      <input_file id="fl-23">
         <path>C:\ti\ccsv8\tools\compiler\c5500_4.4.1\lib\</path>
         <kind>archive</kind>
         <file>rts55x.lib</file>
         <name>lmpy.obj</name>
      </input_file>
      <input_file id="fl-24">
         <path>C:\ti\ccsv8\tools\compiler\c5500_4.4.1\lib\</path>
         <kind>archive</kind>
         <file>rts55x.lib</file>
         <name>udiv.obj</name>
      </input_file>
      <input_file id="fl-25">
         <path>C:\ti\ccsv8\tools\compiler\c5500_4.4.1\lib\</path>
         <kind>archive</kind>
         <file>rts55x.lib</file>
         <name>vectors.obj</name>
      </input_file>
      <input_file id="fl-26">
         <path>C:\ti\ccsv8\tools\compiler\c5500_4.4.1\lib\</path>
         <kind>archive</kind>
         <file>rts55x.lib</file>
         <name>_lock.obj</name>
      </input_file>
      <input_file id="fl-27">
         <path>C:\ti\ccsv8\tools\compiler\c5500_4.4.1\lib\</path>
         <kind>archive</kind>
         <file>rts55x.lib</file>
         <name>args_main.obj</name>
      </input_file>
      <input_file id="fl-28">
         <path>C:\ti\ccsv8\tools\compiler\c5500_4.4.1\lib\</path>
         <kind>archive</kind>
         <file>rts55x.lib</file>
         <name>autoinit.obj</name>
      </input_file>
   </input_file_list>
   <object_component_list>
      <object_component id="oc-4d">
         <name>vectors</name>
         <load_address>0x100</load_address>
         <run_address>0x100</run_address>
         <size>0x100</size>
         <input_file_ref idref="fl-25"/>
      </object_component>
      <object_component id="oc-2f">
         <name>.text</name>
         <load_address>0x40000</load_address>
         <run_address>0x40000</run_address>
         <size>0x323f</size>
         <input_file_ref idref="fl-c"/>
      </object_component>
      <object_component id="oc-34">
         <name>.text</name>
         <load_address>0x4323f</load_address>
         <run_address>0x4323f</run_address>
         <size>0x1191</size>
         <input_file_ref idref="fl-d"/>
      </object_component>
      <object_component id="oc-29">
         <name>.text</name>
         <load_address>0x443d0</load_address>
         <run_address>0x443d0</run_address>
         <size>0x3ad</size>
         <input_file_ref idref="fl-b"/>
      </object_component>
      <object_component id="oc-12">
         <name>.text</name>
         <load_address>0x4477d</load_address>
         <run_address>0x4477d</run_address>
         <size>0x2ab</size>
         <input_file_ref idref="fl-3"/>
      </object_component>
      <object_component id="oc-19">
         <name>.text</name>
         <load_address>0x44a28</load_address>
         <run_address>0x44a28</run_address>
         <size>0x220</size>
         <input_file_ref idref="fl-4"/>
      </object_component>
      <object_component id="oc-15">
         <name>.text:retain</name>
         <load_address>0x44c48</load_address>
         <run_address>0x44c48</run_address>
         <size>0x17a</size>
         <input_file_ref idref="fl-3"/>
      </object_component>
      <object_component id="oc-c">
         <name>.text</name>
         <load_address>0x44dc2</load_address>
         <run_address>0x44dc2</run_address>
         <size>0x14b</size>
         <input_file_ref idref="fl-2"/>
      </object_component>
      <object_component id="oc-23">
         <name>.text</name>
         <load_address>0x44f0d</load_address>
         <run_address>0x44f0d</run_address>
         <size>0x114</size>
         <input_file_ref idref="fl-6"/>
      </object_component>
      <object_component id="oc-5b">
         <name>.text</name>
         <load_address>0x45021</load_address>
         <run_address>0x45021</run_address>
         <size>0x4d</size>
         <input_file_ref idref="fl-28"/>
      </object_component>
      <object_component id="oc-57">
         <name>.text</name>
         <load_address>0x4506e</load_address>
         <run_address>0x4506e</run_address>
         <size>0x4b</size>
         <input_file_ref idref="fl-27"/>
      </object_component>
      <object_component id="oc-3d">
         <name>.text</name>
         <load_address>0x450b9</load_address>
         <run_address>0x450b9</run_address>
         <size>0x3e</size>
         <input_file_ref idref="fl-22"/>
      </object_component>
      <object_component id="oc-b">
         <name>.text</name>
         <load_address>0x450f7</load_address>
         <run_address>0x450f7</run_address>
         <size>0x34</size>
         <input_file_ref idref="fl-21"/>
      </object_component>
      <object_component id="oc-48">
         <name>.text</name>
         <load_address>0x4512b</load_address>
         <run_address>0x4512b</run_address>
         <size>0x2a</size>
         <input_file_ref idref="fl-24"/>
      </object_component>
      <object_component id="oc-44">
         <name>.text</name>
         <load_address>0x45155</load_address>
         <run_address>0x45155</run_address>
         <size>0x13</size>
         <input_file_ref idref="fl-23"/>
      </object_component>
      <object_component id="oc-51">
         <name>.text</name>
         <load_address>0x45168</load_address>
         <run_address>0x45168</run_address>
         <size>0x12</size>
         <input_file_ref idref="fl-26"/>
      </object_component>
      <object_component id="oc-41">
         <name>.text:CIO_breakpoint</name>
         <load_address>0x4517a</load_address>
         <run_address>0x4517a</run_address>
         <size>0x7</size>
         <input_file_ref idref="fl-22"/>
      </object_component>
      <object_component id="oc-4c">
         <name>.text</name>
         <load_address>0x45181</load_address>
         <run_address>0x45181</run_address>
         <size>0x2</size>
         <input_file_ref idref="fl-25"/>
      </object_component>
      <object_component id="oc-39">
         <name>.stack</name>
         <uninitialized>true</uninitialized>
         <run_address>0x45184</run_address>
         <size>0x0</size>
         <input_file_ref idref="fl-21"/>
      </object_component>
      <object_component id="oc-75">
         <name>.stack</name>
         <uninitialized>true</uninitialized>
         <run_address>0x45184</run_address>
         <size>0x0</size>
      </object_component>
      <object_component id="oc-5f">
         <name>.sysstack</name>
         <uninitialized>true</uninitialized>
         <run_address>0x47184</run_address>
         <size>0x0</size>
         <input_file_ref idref="fl-21"/>
      </object_component>
      <object_component id="oc-76">
         <name>.sysstack</name>
         <uninitialized>true</uninitialized>
         <run_address>0x47184</run_address>
         <size>0x0</size>
      </object_component>
      <object_component id="oc-1a">
         <name>.bss</name>
         <load_address>0x48190</load_address>
         <run_address>0x48190</run_address>
         <size>0x204</size>
         <input_file_ref idref="fl-4"/>
      </object_component>
      <object_component id="oc-d">
         <name>.bss</name>
         <load_address>0x48394</load_address>
         <run_address>0x48394</run_address>
         <size>0x124</size>
         <input_file_ref idref="fl-2"/>
      </object_component>
      <object_component id="oc-2a">
         <name>.bss</name>
         <load_address>0x484b8</load_address>
         <run_address>0x484b8</run_address>
         <size>0x108</size>
         <input_file_ref idref="fl-b"/>
      </object_component>
      <object_component id="oc-13">
         <name>.bss</name>
         <load_address>0x485c0</load_address>
         <run_address>0x485c0</run_address>
         <size>0x84</size>
         <input_file_ref idref="fl-3"/>
      </object_component>
      <object_component id="oc-24">
         <name>.bss</name>
         <load_address>0x48644</load_address>
         <run_address>0x48644</run_address>
         <size>0xa</size>
         <input_file_ref idref="fl-6"/>
      </object_component>
      <object_component id="oc-1f">
         <name>.bss</name>
         <load_address>0x4864e</load_address>
         <run_address>0x4864e</run_address>
         <size>0x2</size>
         <input_file_ref idref="fl-5"/>
      </object_component>
      <object_component id="oc-52">
         <name>.bss</name>
         <load_address>0x48650</load_address>
         <run_address>0x48650</run_address>
         <size>0x8</size>
         <input_file_ref idref="fl-26"/>
      </object_component>
      <object_component id="oc-3e">
         <name>.bss</name>
         <load_address>0x48658</load_address>
         <run_address>0x48658</run_address>
         <size>0x8</size>
         <input_file_ref idref="fl-22"/>
      </object_component>
      <object_component id="oc-54">
         <name>.cinit</name>
         <load_address>0x48720</load_address>
         <run_address>0x48720</run_address>
         <size>0x14</size>
         <input_file_ref idref="fl-26"/>
      </object_component>
      <object_component id="oc-40">
         <name>.cinit</name>
         <load_address>0x48734</load_address>
         <run_address>0x48734</run_address>
         <size>0x14</size>
         <input_file_ref idref="fl-22"/>
      </object_component>
      <object_component id="oc-21">
         <name>.cinit</name>
         <load_address>0x48748</load_address>
         <run_address>0x48748</run_address>
         <size>0x8</size>
         <input_file_ref idref="fl-5"/>
      </object_component>
      <object_component id="oc-62">
         <name>.switch:_DMA_config</name>
         <load_address>0x48660</load_address>
         <run_address>0x48660</run_address>
         <size>0x40</size>
         <input_file_ref idref="fl-d"/>
      </object_component>
      <object_component id="oc-61">
         <name>.switch:_DMA_getConfig</name>
         <load_address>0x486a0</load_address>
         <run_address>0x486a0</run_address>
         <size>0x40</size>
         <input_file_ref idref="fl-d"/>
      </object_component>
      <object_component id="oc-60">
         <name>.switch:_DMA_reset</name>
         <load_address>0x486e0</load_address>
         <run_address>0x486e0</run_address>
         <size>0x40</size>
         <input_file_ref idref="fl-d"/>
      </object_component>
      <object_component id="oc-e">
         <name>.debug_info</name>
         <load_address>0x0</load_address>
         <run_address>0x0</run_address>
         <size>0x2adc</size>
         <input_file_ref idref="fl-2"/>
      </object_component>
      <object_component id="oc-14">
         <name>.debug_info</name>
         <load_address>0x2adc</load_address>
         <run_address>0x2adc</run_address>
         <size>0x1212</size>
         <input_file_ref idref="fl-3"/>
      </object_component>
      <object_component id="oc-1b">
         <name>.debug_info</name>
         <load_address>0x3cee</load_address>
         <run_address>0x3cee</run_address>
         <size>0xe1a</size>
         <input_file_ref idref="fl-4"/>
      </object_component>
      <object_component id="oc-20">
         <name>.debug_info</name>
         <load_address>0x4b08</load_address>
         <run_address>0x4b08</run_address>
         <size>0x4e1</size>
         <input_file_ref idref="fl-5"/>
      </object_component>
      <object_component id="oc-25">
         <name>.debug_info</name>
         <load_address>0x4fe9</load_address>
         <run_address>0x4fe9</run_address>
         <size>0xe3c</size>
         <input_file_ref idref="fl-6"/>
      </object_component>
      <object_component id="oc-2b">
         <name>.debug_info</name>
         <load_address>0x5e25</load_address>
         <run_address>0x5e25</run_address>
         <size>0x14d8</size>
         <input_file_ref idref="fl-b"/>
      </object_component>
      <object_component id="oc-30">
         <name>.debug_info</name>
         <load_address>0x72fd</load_address>
         <run_address>0x72fd</run_address>
         <size>0x8967</size>
         <input_file_ref idref="fl-c"/>
      </object_component>
      <object_component id="oc-35">
         <name>.debug_info</name>
         <load_address>0xfc64</load_address>
         <run_address>0xfc64</run_address>
         <size>0x2076</size>
         <input_file_ref idref="fl-d"/>
      </object_component>
      <object_component id="oc-3a">
         <name>.debug_info</name>
         <load_address>0x11cda</load_address>
         <run_address>0x11cda</run_address>
         <size>0xe8</size>
         <input_file_ref idref="fl-21"/>
      </object_component>
      <object_component id="oc-3f">
         <name>.debug_info</name>
         <load_address>0x11dc2</load_address>
         <run_address>0x11dc2</run_address>
         <size>0x5fb</size>
         <input_file_ref idref="fl-22"/>
      </object_component>
      <object_component id="oc-45">
         <name>.debug_info</name>
         <load_address>0x123bd</load_address>
         <run_address>0x123bd</run_address>
         <size>0xbd</size>
         <input_file_ref idref="fl-23"/>
      </object_component>
      <object_component id="oc-49">
         <name>.debug_info</name>
         <load_address>0x1247a</load_address>
         <run_address>0x1247a</run_address>
         <size>0xef</size>
         <input_file_ref idref="fl-24"/>
      </object_component>
      <object_component id="oc-4e">
         <name>.debug_info</name>
         <load_address>0x12569</load_address>
         <run_address>0x12569</run_address>
         <size>0xbc</size>
         <input_file_ref idref="fl-25"/>
      </object_component>
      <object_component id="oc-53">
         <name>.debug_info</name>
         <load_address>0x12625</load_address>
         <run_address>0x12625</run_address>
         <size>0x5bc</size>
         <input_file_ref idref="fl-26"/>
      </object_component>
      <object_component id="oc-58">
         <name>.debug_info</name>
         <load_address>0x12be1</load_address>
         <run_address>0x12be1</run_address>
         <size>0x586</size>
         <input_file_ref idref="fl-27"/>
      </object_component>
      <object_component id="oc-5c">
         <name>.debug_info</name>
         <load_address>0x13167</load_address>
         <run_address>0x13167</run_address>
         <size>0xcd</size>
         <input_file_ref idref="fl-28"/>
      </object_component>
      <object_component id="oc-78">
         <name>.debug_info</name>
         <load_address>0x13234</load_address>
         <run_address>0x13234</run_address>
         <size>0x6e</size>
      </object_component>
      <object_component id="oc-f">
         <name>.debug_frame</name>
         <load_address>0x0</load_address>
         <run_address>0x0</run_address>
         <size>0x10b</size>
         <input_file_ref idref="fl-2"/>
      </object_component>
      <object_component id="oc-16">
         <name>.debug_frame</name>
         <load_address>0x10b</load_address>
         <run_address>0x10b</run_address>
         <size>0x356</size>
         <input_file_ref idref="fl-3"/>
      </object_component>
      <object_component id="oc-1c">
         <name>.debug_frame</name>
         <load_address>0x461</load_address>
         <run_address>0x461</run_address>
         <size>0x154</size>
         <input_file_ref idref="fl-4"/>
      </object_component>
      <object_component id="oc-26">
         <name>.debug_frame</name>
         <load_address>0x5b5</load_address>
         <run_address>0x5b5</run_address>
         <size>0x116</size>
         <input_file_ref idref="fl-6"/>
      </object_component>
      <object_component id="oc-2c">
         <name>.debug_frame</name>
         <load_address>0x6cb</load_address>
         <run_address>0x6cb</run_address>
         <size>0x276</size>
         <input_file_ref idref="fl-b"/>
      </object_component>
      <object_component id="oc-31">
         <name>.debug_frame</name>
         <load_address>0x941</load_address>
         <run_address>0x941</run_address>
         <size>0x665</size>
         <input_file_ref idref="fl-c"/>
      </object_component>
      <object_component id="oc-36">
         <name>.debug_frame</name>
         <load_address>0xfa6</load_address>
         <run_address>0xfa6</run_address>
         <size>0x1fd</size>
         <input_file_ref idref="fl-d"/>
      </object_component>
      <object_component id="oc-10">
         <name>.debug_line</name>
         <load_address>0x0</load_address>
         <run_address>0x0</run_address>
         <size>0xaa</size>
         <input_file_ref idref="fl-2"/>
      </object_component>
      <object_component id="oc-17">
         <name>.debug_line</name>
         <load_address>0xaa</load_address>
         <run_address>0xaa</run_address>
         <size>0x262</size>
         <input_file_ref idref="fl-3"/>
      </object_component>
      <object_component id="oc-1d">
         <name>.debug_line</name>
         <load_address>0x30c</load_address>
         <run_address>0x30c</run_address>
         <size>0x145</size>
         <input_file_ref idref="fl-4"/>
      </object_component>
      <object_component id="oc-27">
         <name>.debug_line</name>
         <load_address>0x451</load_address>
         <run_address>0x451</run_address>
         <size>0xd6</size>
         <input_file_ref idref="fl-6"/>
      </object_component>
      <object_component id="oc-2d">
         <name>.debug_line</name>
         <load_address>0x527</load_address>
         <run_address>0x527</run_address>
         <size>0x2d5</size>
         <input_file_ref idref="fl-b"/>
      </object_component>
      <object_component id="oc-32">
         <name>.debug_line</name>
         <load_address>0x7fc</load_address>
         <run_address>0x7fc</run_address>
         <size>0x1bae</size>
         <input_file_ref idref="fl-c"/>
      </object_component>
      <object_component id="oc-37">
         <name>.debug_line</name>
         <load_address>0x23aa</load_address>
         <run_address>0x23aa</run_address>
         <size>0xa7a</size>
         <input_file_ref idref="fl-d"/>
      </object_component>
      <object_component id="oc-3b">
         <name>.debug_line</name>
         <load_address>0x2e24</load_address>
         <run_address>0x2e24</run_address>
         <size>0x54</size>
         <input_file_ref idref="fl-21"/>
      </object_component>
      <object_component id="oc-42">
         <name>.debug_line</name>
         <load_address>0x2e78</load_address>
         <run_address>0x2e78</run_address>
         <size>0x51</size>
         <input_file_ref idref="fl-22"/>
      </object_component>
      <object_component id="oc-46">
         <name>.debug_line</name>
         <load_address>0x2ec9</load_address>
         <run_address>0x2ec9</run_address>
         <size>0x3c</size>
         <input_file_ref idref="fl-23"/>
      </object_component>
      <object_component id="oc-4a">
         <name>.debug_line</name>
         <load_address>0x2f05</load_address>
         <run_address>0x2f05</run_address>
         <size>0x58</size>
         <input_file_ref idref="fl-24"/>
      </object_component>
      <object_component id="oc-4f">
         <name>.debug_line</name>
         <load_address>0x2f5d</load_address>
         <run_address>0x2f5d</run_address>
         <size>0x37</size>
         <input_file_ref idref="fl-25"/>
      </object_component>
      <object_component id="oc-55">
         <name>.debug_line</name>
         <load_address>0x2f94</load_address>
         <run_address>0x2f94</run_address>
         <size>0x57</size>
         <input_file_ref idref="fl-26"/>
      </object_component>
      <object_component id="oc-59">
         <name>.debug_line</name>
         <load_address>0x2feb</load_address>
         <run_address>0x2feb</run_address>
         <size>0x41</size>
         <input_file_ref idref="fl-27"/>
      </object_component>
      <object_component id="oc-5d">
         <name>.debug_line</name>
         <load_address>0x302c</load_address>
         <run_address>0x302c</run_address>
         <size>0x55</size>
         <input_file_ref idref="fl-28"/>
      </object_component>
      <object_component id="oc-11">
         <name>.debug_abbrev</name>
         <load_address>0x0</load_address>
         <run_address>0x0</run_address>
         <size>0x147</size>
         <input_file_ref idref="fl-2"/>
      </object_component>
      <object_component id="oc-18">
         <name>.debug_abbrev</name>
         <load_address>0x147</load_address>
         <run_address>0x147</run_address>
         <size>0x1be</size>
         <input_file_ref idref="fl-3"/>
      </object_component>
      <object_component id="oc-1e">
         <name>.debug_abbrev</name>
         <load_address>0x305</load_address>
         <run_address>0x305</run_address>
         <size>0x17f</size>
         <input_file_ref idref="fl-4"/>
      </object_component>
      <object_component id="oc-22">
         <name>.debug_abbrev</name>
         <load_address>0x484</load_address>
         <run_address>0x484</run_address>
         <size>0x54</size>
         <input_file_ref idref="fl-5"/>
      </object_component>
      <object_component id="oc-28">
         <name>.debug_abbrev</name>
         <load_address>0x4d8</load_address>
         <run_address>0x4d8</run_address>
         <size>0x116</size>
         <input_file_ref idref="fl-6"/>
      </object_component>
      <object_component id="oc-2e">
         <name>.debug_abbrev</name>
         <load_address>0x5ee</load_address>
         <run_address>0x5ee</run_address>
         <size>0x1a5</size>
         <input_file_ref idref="fl-b"/>
      </object_component>
      <object_component id="oc-33">
         <name>.debug_abbrev</name>
         <load_address>0x793</load_address>
         <run_address>0x793</run_address>
         <size>0x1cf</size>
         <input_file_ref idref="fl-c"/>
      </object_component>
      <object_component id="oc-38">
         <name>.debug_abbrev</name>
         <load_address>0x962</load_address>
         <run_address>0x962</run_address>
         <size>0x15f</size>
         <input_file_ref idref="fl-d"/>
      </object_component>
      <object_component id="oc-3c">
         <name>.debug_abbrev</name>
         <load_address>0xac1</load_address>
         <run_address>0xac1</run_address>
         <size>0x3a</size>
         <input_file_ref idref="fl-21"/>
      </object_component>
      <object_component id="oc-43">
         <name>.debug_abbrev</name>
         <load_address>0xafb</load_address>
         <run_address>0xafb</run_address>
         <size>0xf7</size>
         <input_file_ref idref="fl-22"/>
      </object_component>
      <object_component id="oc-47">
         <name>.debug_abbrev</name>
         <load_address>0xbf2</load_address>
         <run_address>0xbf2</run_address>
         <size>0x38</size>
         <input_file_ref idref="fl-23"/>
      </object_component>
      <object_component id="oc-4b">
         <name>.debug_abbrev</name>
         <load_address>0xc2a</load_address>
         <run_address>0xc2a</run_address>
         <size>0x38</size>
         <input_file_ref idref="fl-24"/>
      </object_component>
      <object_component id="oc-50">
         <name>.debug_abbrev</name>
         <load_address>0xc62</load_address>
         <run_address>0xc62</run_address>
         <size>0x26</size>
         <input_file_ref idref="fl-25"/>
      </object_component>
      <object_component id="oc-56">
         <name>.debug_abbrev</name>
         <load_address>0xc88</load_address>
         <run_address>0xc88</run_address>
         <size>0x9f</size>
         <input_file_ref idref="fl-26"/>
      </object_component>
      <object_component id="oc-5a">
         <name>.debug_abbrev</name>
         <load_address>0xd27</load_address>
         <run_address>0xd27</run_address>
         <size>0xec</size>
         <input_file_ref idref="fl-27"/>
      </object_component>
      <object_component id="oc-5e">
         <name>.debug_abbrev</name>
         <load_address>0xe13</load_address>
         <run_address>0xe13</run_address>
         <size>0x44</size>
         <input_file_ref idref="fl-28"/>
      </object_component>
      <object_component id="oc-79">
         <name>.debug_abbrev</name>
         <load_address>0xe57</load_address>
         <run_address>0xe57</run_address>
         <size>0xd</size>
      </object_component>
   </object_component_list>
   <logical_group_list>
      <logical_group id="lg-2">
         <name>vectors</name>
         <load_address>0x100</load_address>
         <run_address>0x100</run_address>
         <size>0x100</size>
         <contents>
            <object_component_ref idref="oc-4d"/>
         </contents>
      </logical_group>
      <logical_group id="lg-3">
         <name>.text</name>
         <load_address>0x40000</load_address>
         <run_address>0x40000</run_address>
         <size>0x5184</size>
         <contents>
            <object_component_ref idref="oc-2f"/>
            <object_component_ref idref="oc-34"/>
            <object_component_ref idref="oc-29"/>
            <object_component_ref idref="oc-12"/>
            <object_component_ref idref="oc-19"/>
            <object_component_ref idref="oc-15"/>
            <object_component_ref idref="oc-c"/>
            <object_component_ref idref="oc-23"/>
            <object_component_ref idref="oc-5b"/>
            <object_component_ref idref="oc-57"/>
            <object_component_ref idref="oc-3d"/>
            <object_component_ref idref="oc-b"/>
            <object_component_ref idref="oc-48"/>
            <object_component_ref idref="oc-44"/>
            <object_component_ref idref="oc-51"/>
            <object_component_ref idref="oc-41"/>
            <object_component_ref idref="oc-4c"/>
         </contents>
      </logical_group>
      <logical_group id="lg-4">
         <name>.stack</name>
         <run_address>0x45184</run_address>
         <size>0x2000</size>
         <contents>
            <object_component_ref idref="oc-39"/>
            <object_component_ref idref="oc-75"/>
         </contents>
      </logical_group>
      <logical_group id="lg-5">
         <name>.sysstack</name>
         <run_address>0x47184</run_address>
         <size>0x1000</size>
         <contents>
            <object_component_ref idref="oc-5f"/>
            <object_component_ref idref="oc-76"/>
         </contents>
      </logical_group>
      <logical_group id="lg-6">
         <name>.data</name>
         <run_address>0x40000</run_address>
         <size>0x0</size>
         <contents>
         </contents>
      </logical_group>
      <logical_group id="lg-7">
         <name>.bss</name>
         <load_address>0x48190</load_address>
         <run_address>0x48190</run_address>
         <size>0x4d0</size>
         <contents>
            <object_component_ref idref="oc-1a"/>
            <object_component_ref idref="oc-d"/>
            <object_component_ref idref="oc-2a"/>
            <object_component_ref idref="oc-13"/>
            <object_component_ref idref="oc-24"/>
            <object_component_ref idref="oc-1f"/>
            <object_component_ref idref="oc-52"/>
            <object_component_ref idref="oc-3e"/>
         </contents>
      </logical_group>
      <logical_group id="lg-8">
         <name>.cinit</name>
         <load_address>0x48720</load_address>
         <run_address>0x48720</run_address>
         <size>0x32</size>
         <contents>
            <object_component_ref idref="oc-54"/>
            <object_component_ref idref="oc-40"/>
            <object_component_ref idref="oc-21"/>
         </contents>
      </logical_group>
      <logical_group id="lg-9">
         <name>.const</name>
         <run_address>0x0</run_address>
         <size>0x0</size>
         <contents>
         </contents>
      </logical_group>
      <logical_group id="lg-a">
         <name>.switch</name>
         <load_address>0x48660</load_address>
         <run_address>0x48660</run_address>
         <size>0xc0</size>
         <contents>
            <object_component_ref idref="oc-62"/>
            <object_component_ref idref="oc-61"/>
            <object_component_ref idref="oc-60"/>
         </contents>
      </logical_group>
      <logical_group id="lg-6c">
         <name>.debug_info</name>
         <load_address>0x0</load_address>
         <run_address>0x0</run_address>
         <size>0x132a2</size>
         <contents>
            <object_component_ref idref="oc-e"/>
            <object_component_ref idref="oc-14"/>
            <object_component_ref idref="oc-1b"/>
            <object_component_ref idref="oc-20"/>
            <object_component_ref idref="oc-25"/>
            <object_component_ref idref="oc-2b"/>
            <object_component_ref idref="oc-30"/>
            <object_component_ref idref="oc-35"/>
            <object_component_ref idref="oc-3a"/>
            <object_component_ref idref="oc-3f"/>
            <object_component_ref idref="oc-45"/>
            <object_component_ref idref="oc-49"/>
            <object_component_ref idref="oc-4e"/>
            <object_component_ref idref="oc-53"/>
            <object_component_ref idref="oc-58"/>
            <object_component_ref idref="oc-5c"/>
            <object_component_ref idref="oc-78"/>
         </contents>
      </logical_group>
      <logical_group id="lg-6e">
         <name>.debug_frame</name>
         <load_address>0x0</load_address>
         <run_address>0x0</run_address>
         <size>0x11a3</size>
         <contents>
            <object_component_ref idref="oc-f"/>
            <object_component_ref idref="oc-16"/>
            <object_component_ref idref="oc-1c"/>
            <object_component_ref idref="oc-26"/>
            <object_component_ref idref="oc-2c"/>
            <object_component_ref idref="oc-31"/>
            <object_component_ref idref="oc-36"/>
         </contents>
      </logical_group>
      <logical_group id="lg-70">
         <name>.debug_line</name>
         <load_address>0x0</load_address>
         <run_address>0x0</run_address>
         <size>0x3081</size>
         <contents>
            <object_component_ref idref="oc-10"/>
            <object_component_ref idref="oc-17"/>
            <object_component_ref idref="oc-1d"/>
            <object_component_ref idref="oc-27"/>
            <object_component_ref idref="oc-2d"/>
            <object_component_ref idref="oc-32"/>
            <object_component_ref idref="oc-37"/>
            <object_component_ref idref="oc-3b"/>
            <object_component_ref idref="oc-42"/>
            <object_component_ref idref="oc-46"/>
            <object_component_ref idref="oc-4a"/>
            <object_component_ref idref="oc-4f"/>
            <object_component_ref idref="oc-55"/>
            <object_component_ref idref="oc-59"/>
            <object_component_ref idref="oc-5d"/>
         </contents>
      </logical_group>
      <logical_group id="lg-72">
         <name>.debug_abbrev</name>
         <load_address>0x0</load_address>
         <run_address>0x0</run_address>
         <size>0xe64</size>
         <contents>
            <object_component_ref idref="oc-11"/>
            <object_component_ref idref="oc-18"/>
            <object_component_ref idref="oc-1e"/>
            <object_component_ref idref="oc-22"/>
            <object_component_ref idref="oc-28"/>
            <object_component_ref idref="oc-2e"/>
            <object_component_ref idref="oc-33"/>
            <object_component_ref idref="oc-38"/>
            <object_component_ref idref="oc-3c"/>
            <object_component_ref idref="oc-43"/>
            <object_component_ref idref="oc-47"/>
            <object_component_ref idref="oc-4b"/>
            <object_component_ref idref="oc-50"/>
            <object_component_ref idref="oc-56"/>
            <object_component_ref idref="oc-5a"/>
            <object_component_ref idref="oc-5e"/>
            <object_component_ref idref="oc-79"/>
         </contents>
      </logical_group>
   </logical_group_list>
   <placement_map>
      <memory_area>
         <name>MMR</name>
         <page_id>0x0</page_id>
         <origin>0x0</origin>
         <length>0xc0</length>
         <used_space>0x0</used_space>
         <unused_space>0xc0</unused_space>
         <attributes>RW</attributes>
         <usage_details>
         </usage_details>
      </memory_area>
      <memory_area>
         <name>VEC</name>
         <page_id>0x0</page_id>
         <origin>0xc0</origin>
         <length>0x300</length>
         <used_space>0x100</used_space>
         <unused_space>0x200</unused_space>
         <attributes>RX</attributes>
         <usage_details>
            <available_space>
               <start_address>0xc0</start_address>
               <size>0x40</size>
            </available_space>
            <allocated_space>
               <start_address>0x100</start_address>
               <size>0x100</size>
               <logical_group_ref idref="lg-2"/>
            </allocated_space>
            <available_space>
               <start_address>0x200</start_address>
               <size>0x1c0</size>
            </available_space>
         </usage_details>
      </memory_area>
      <memory_area>
         <name>SARAM</name>
         <page_id>0x0</page_id>
         <origin>0x40000</origin>
         <length>0xe000</length>
         <used_space>0x8746</used_space>
         <unused_space>0x58ba</unused_space>
         <attributes>RW</attributes>
         <usage_details>
            <allocated_space>
               <start_address>0x40000</start_address>
               <size>0x0</size>
               <logical_group_ref idref="lg-6"/>
            </allocated_space>
            <allocated_space>
               <start_address>0x40000</start_address>
               <size>0x5184</size>
               <logical_group_ref idref="lg-3"/>
            </allocated_space>
            <allocated_space>
               <start_address>0x45184</start_address>
               <size>0x2000</size>
               <logical_group_ref idref="lg-4"/>
            </allocated_space>
            <allocated_space>
               <start_address>0x47184</start_address>
               <size>0x1000</size>
               <logical_group_ref idref="lg-5"/>
            </allocated_space>
            <available_space>
               <start_address>0x48184</start_address>
               <size>0xc</size>
            </available_space>
            <allocated_space>
               <start_address>0x48190</start_address>
               <size>0x4d0</size>
               <logical_group_ref idref="lg-7"/>
            </allocated_space>
            <allocated_space>
               <start_address>0x48660</start_address>
               <size>0xc0</size>
               <logical_group_ref idref="lg-a"/>
            </allocated_space>
            <allocated_space>
               <start_address>0x48720</start_address>
               <size>0x32</size>
               <logical_group_ref idref="lg-8"/>
            </allocated_space>
            <available_space>
               <start_address>0x48752</start_address>
               <size>0x58ae</size>
            </available_space>
         </usage_details>
      </memory_area>
   </placement_map>
   <symbol_table>
      <symbol id="sm-0">
         <name>$TI_capability$C5500$CallingConvention</name>
         <value>0x2</value>
      </symbol>
      <symbol id="sm-1">
         <name>$TI_capability$C5500$MemoryModel</name>
         <value>0x2</value>
      </symbol>
      <symbol id="sm-2">
         <name>$TI_capability_requires_rev3</name>
         <value>0x1</value>
      </symbol>
      <symbol id="sm-3">
         <name>cinit</name>
         <value>0x48720</value>
      </symbol>
      <symbol id="sm-4">
         <name>___cinit__</name>
         <value>0x48720</value>
      </symbol>
      <symbol id="sm-5">
         <name>pinit</name>
         <value>0xffffffff</value>
      </symbol>
      <symbol id="sm-6">
         <name>___pinit__</name>
         <value>0xffffffff</value>
      </symbol>
      <symbol id="sm-7">
         <name>binit</name>
         <value>0xffffffff</value>
      </symbol>
      <symbol id="sm-8">
         <name>___binit__</name>
         <value>0xffffffff</value>
      </symbol>
      <symbol id="sm-9">
         <name>__STACK_SIZE</name>
         <value>0x2000</value>
      </symbol>
      <symbol id="sm-a">
         <name>__STACK_END</name>
         <value>0x47184</value>
      </symbol>
      <symbol id="sm-b">
         <name>___c_args__</name>
         <value>0xffffffff</value>
      </symbol>
      <symbol id="sm-c">
         <name>__SYSSTACK_SIZE</name>
         <value>0x1000</value>
      </symbol>
      <symbol id="sm-d">
         <name>.text</name>
         <value>0x40000</value>
      </symbol>
      <symbol id="sm-e">
         <name>___text__</name>
         <value>0x40000</value>
      </symbol>
      <symbol id="sm-f">
         <name>etext</name>
         <value>0x45184</value>
      </symbol>
      <symbol id="sm-10">
         <name>___etext__</name>
         <value>0x45184</value>
      </symbol>
      <symbol id="sm-11">
         <name>.data</name>
         <value>0x40000</value>
      </symbol>
      <symbol id="sm-12">
         <name>___data__</name>
         <value>0x40000</value>
      </symbol>
      <symbol id="sm-13">
         <name>edata</name>
         <value>0x40000</value>
      </symbol>
      <symbol id="sm-14">
         <name>___edata__</name>
         <value>0x40000</value>
      </symbol>
      <symbol id="sm-15">
         <name>.bss</name>
         <value>0x48190</value>
      </symbol>
      <symbol id="sm-16">
         <name>___bss__</name>
         <value>0x48190</value>
      </symbol>
      <symbol id="sm-17">
         <name>end</name>
         <value>0x48660</value>
      </symbol>
      <symbol id="sm-18">
         <name>___end__</name>
         <value>0x48660</value>
      </symbol>
      <symbol id="sm-4e">
         <name>_pMmcsdContObj</name>
         <value>0x48398</value>
         <object_component_ref idref="oc-d"/>
      </symbol>
      <symbol id="sm-4f">
         <name>_cardCsdObj</name>
         <value>0x48474</value>
         <object_component_ref idref="oc-d"/>
      </symbol>
      <symbol id="sm-50">
         <name>_flashRead</name>
         <value>0x44dc2</value>
         <object_component_ref idref="oc-c"/>
      </symbol>
      <symbol id="sm-51">
         <name>_flashInit</name>
         <value>0x44dee</value>
         <object_component_ref idref="oc-c"/>
      </symbol>
      <symbol id="sm-52">
         <name>_cardIdObj</name>
         <value>0x48454</value>
         <object_component_ref idref="oc-d"/>
      </symbol>
      <symbol id="sm-53">
         <name>_mmcsdHandle</name>
         <value>0x48394</value>
         <object_component_ref idref="oc-d"/>
      </symbol>
      <symbol id="sm-54">
         <name>_mmcCardObj</name>
         <value>0x48418</value>
         <object_component_ref idref="oc-d"/>
      </symbol>
      <symbol id="sm-84">
         <name>_gpioSetVal</name>
         <value>0x44812</value>
         <object_component_ref idref="oc-12"/>
      </symbol>
      <symbol id="sm-85">
         <name>_gpioGetVal</name>
         <value>0x4497d</value>
         <object_component_ref idref="oc-12"/>
      </symbol>
      <symbol id="sm-86">
         <name>_gpioInterruptHandlerRegister</name>
         <value>0x449d3</value>
         <object_component_ref idref="oc-12"/>
      </symbol>
      <symbol id="sm-87">
         <name>_gpioIsr</name>
         <value>0x44c48</value>
         <object_component_ref idref="oc-15"/>
      </symbol>
      <symbol id="sm-88">
         <name>_gpioRegs</name>
         <value>0x485c0</value>
         <object_component_ref idref="oc-13"/>
      </symbol>
      <symbol id="sm-89">
         <name>_gpioInit</name>
         <value>0x44a01</value>
         <object_component_ref idref="oc-12"/>
      </symbol>
      <symbol id="sm-8a">
         <name>_gpioInterruptHandlerDeRegister</name>
         <value>0x449ec</value>
         <object_component_ref idref="oc-12"/>
      </symbol>
      <symbol id="sm-8b">
         <name>_GPIO_Isrs</name>
         <value>0x485c4</value>
         <object_component_ref idref="oc-13"/>
      </symbol>
      <symbol id="sm-8c">
         <name>_gpioSetDir</name>
         <value>0x4478d</value>
         <object_component_ref idref="oc-12"/>
      </symbol>
      <symbol id="sm-8d">
         <name>_gpioEnableInterrupt</name>
         <value>0x44893</value>
         <object_component_ref idref="oc-12"/>
      </symbol>
      <symbol id="sm-cf">
         <name>_main</name>
         <value>0x44b4d</value>
         <object_component_ref idref="oc-19"/>
      </symbol>
      <symbol id="sm-d0">
         <name>_fatal</name>
         <value>0x44ab2</value>
         <object_component_ref idref="oc-19"/>
      </symbol>
      <symbol id="sm-d1">
         <name>_flashLed</name>
         <value>0x44a28</value>
         <object_component_ref idref="oc-19"/>
      </symbol>
      <symbol id="sm-d2">
         <name>_pageAddress</name>
         <value>0x48390</value>
         <object_component_ref idref="oc-1a"/>
      </symbol>
      <symbol id="sm-d3">
         <name>_sdBuf</name>
         <value>0x48190</value>
         <object_component_ref idref="oc-1a"/>
      </symbol>
      <symbol id="sm-d4">
         <name>_bufAddress</name>
         <value>0x48392</value>
         <object_component_ref idref="oc-1a"/>
      </symbol>
      <symbol id="sm-d5">
         <name>_sdRead32</name>
         <value>0x44b24</value>
         <object_component_ref idref="oc-19"/>
      </symbol>
      <symbol id="sm-d6">
         <name>_sdRead16</name>
         <value>0x44ad3</value>
         <object_component_ref idref="oc-19"/>
      </symbol>
      <symbol id="sm-e0">
         <name>_protectm</name>
         <value>0x4864e</value>
         <object_component_ref idref="oc-1f"/>
      </symbol>
      <symbol id="sm-f0">
         <name>_DeviceId</name>
         <value>0x48646</value>
         <object_component_ref idref="oc-24"/>
      </symbol>
      <symbol id="sm-f1">
         <name>_sysControlCalcId</name>
         <value>0x44f0d</value>
         <object_component_ref idref="oc-23"/>
      </symbol>
      <symbol id="sm-f2">
         <name>_sysControlInit</name>
         <value>0x44fab</value>
         <object_component_ref idref="oc-23"/>
      </symbol>
      <symbol id="sm-f3">
         <name>_sysCtrlReg</name>
         <value>0x48644</value>
         <object_component_ref idref="oc-24"/>
      </symbol>
      <symbol id="sm-f4">
         <name>_sysControlResetPeripheral</name>
         <value>0x44f77</value>
         <object_component_ref idref="oc-23"/>
      </symbol>
      <symbol id="sm-124">
         <name>_IRQ_restore</name>
         <value>0x4448e</value>
         <object_component_ref idref="oc-29"/>
      </symbol>
      <symbol id="sm-125">
         <name>_IRQ_getArg</name>
         <value>0x445b4</value>
         <object_component_ref idref="oc-29"/>
      </symbol>
      <symbol id="sm-126">
         <name>_IRQ_setArg</name>
         <value>0x44467</value>
         <object_component_ref idref="oc-29"/>
      </symbol>
      <symbol id="sm-127">
         <name>_IRQ_getConfig</name>
         <value>0x44568</value>
         <object_component_ref idref="oc-29"/>
      </symbol>
      <symbol id="sm-128">
         <name>_IRQ_test</name>
         <value>0x443ea</value>
         <object_component_ref idref="oc-29"/>
      </symbol>
      <symbol id="sm-129">
         <name>_IRQ_clear</name>
         <value>0x4472b</value>
         <object_component_ref idref="oc-29"/>
      </symbol>
      <symbol id="sm-12a">
         <name>_IRQ_disable</name>
         <value>0x44669</value>
         <object_component_ref idref="oc-29"/>
      </symbol>
      <symbol id="sm-12b">
         <name>_IRQ_globalRestore</name>
         <value>0x443de</value>
         <object_component_ref idref="oc-29"/>
      </symbol>
      <symbol id="sm-12c">
         <name>_IRQ_map</name>
         <value>0x444ea</value>
         <object_component_ref idref="oc-29"/>
      </symbol>
      <symbol id="sm-12d">
         <name>_IRQ_clearAll</name>
         <value>0x4471b</value>
         <object_component_ref idref="oc-29"/>
      </symbol>
      <symbol id="sm-12e">
         <name>_IRQ_globalDisable</name>
         <value>0x443d0</value>
         <object_component_ref idref="oc-29"/>
      </symbol>
      <symbol id="sm-12f">
         <name>_IRQ_globalEnable</name>
         <value>0x4455a</value>
         <object_component_ref idref="oc-29"/>
      </symbol>
      <symbol id="sm-130">
         <name>_IRQ_disableAll</name>
         <value>0x4465b</value>
         <object_component_ref idref="oc-29"/>
      </symbol>
      <symbol id="sm-131">
         <name>_IRQ_config</name>
         <value>0x446d1</value>
         <object_component_ref idref="oc-29"/>
      </symbol>
      <symbol id="sm-132">
         <name>_IRQ_init</name>
         <value>0x4450d</value>
         <object_component_ref idref="oc-29"/>
      </symbol>
      <symbol id="sm-133">
         <name>_IRQ_enable</name>
         <value>0x445ef</value>
         <object_component_ref idref="oc-29"/>
      </symbol>
      <symbol id="sm-134">
         <name>_IRQ_setVecs</name>
         <value>0x44449</value>
         <object_component_ref idref="oc-29"/>
      </symbol>
      <symbol id="sm-419">
         <name>_MMC_clearResponse</name>
         <value>0x4319f</value>
         <object_component_ref idref="oc-2f"/>
      </symbol>
      <symbol id="sm-41a">
         <name>_MMC_ierDisable</name>
         <value>0x40765</value>
         <object_component_ref idref="oc-2f"/>
      </symbol>
      <symbol id="sm-41b">
         <name>_MMC_stop</name>
         <value>0x41145</value>
         <object_component_ref idref="oc-2f"/>
      </symbol>
      <symbol id="sm-41c">
         <name>_MMC_open</name>
         <value>0x42687</value>
         <object_component_ref idref="oc-2f"/>
      </symbol>
      <symbol id="sm-41d">
         <name>_MMC_write</name>
         <value>0x407e8</value>
         <object_component_ref idref="oc-2f"/>
      </symbol>
      <symbol id="sm-41e">
         <name>_MMC_setDmaChanConfig</name>
         <value>0x41459</value>
         <object_component_ref idref="oc-2f"/>
      </symbol>
      <symbol id="sm-41f">
         <name>_MMC_read</name>
         <value>0x41e75</value>
         <object_component_ref idref="oc-2f"/>
      </symbol>
      <symbol id="sm-420">
         <name>_MMC_eventDisable</name>
         <value>0x42e46</value>
         <object_component_ref idref="oc-2f"/>
      </symbol>
      <symbol id="sm-421">
         <name>_MMC_config</name>
         <value>0x430d9</value>
         <object_component_ref idref="oc-2f"/>
      </symbol>
      <symbol id="sm-422">
         <name>_MMC_getConfig</name>
         <value>0x4287c</value>
         <object_component_ref idref="oc-2f"/>
      </symbol>
      <symbol id="sm-423">
         <name>_MMC_setDataTransferCallback</name>
         <value>0x41514</value>
         <object_component_ref idref="oc-2f"/>
      </symbol>
      <symbol id="sm-424">
         <name>_MMC_sendCmd</name>
         <value>0x417d0</value>
         <object_component_ref idref="oc-2f"/>
      </symbol>
      <symbol id="sm-425">
         <name>_MMC_saveStatus</name>
         <value>0x41dbf</value>
         <object_component_ref idref="oc-2f"/>
      </symbol>
      <symbol id="sm-426">
         <name>_MMC_intEnable</name>
         <value>0x40796</value>
         <object_component_ref idref="oc-2f"/>
      </symbol>
      <symbol id="sm-427">
         <name>_MMC_getCardStatus</name>
         <value>0x42901</value>
         <object_component_ref idref="oc-2f"/>
      </symbol>
      <symbol id="sm-428">
         <name>_MMC_deselectCard</name>
         <value>0x43055</value>
         <object_component_ref idref="oc-2f"/>
      </symbol>
      <symbol id="sm-429">
         <name>_MMC_sendOpCond</name>
         <value>0x41707</value>
         <object_component_ref idref="oc-2f"/>
      </symbol>
      <symbol id="sm-42a">
         <name>_MMC_sendAllCID</name>
         <value>0x4186c</value>
         <object_component_ref idref="oc-2f"/>
      </symbol>
      <symbol id="sm-42b">
         <name>_MMC_close</name>
         <value>0x4315e</value>
         <object_component_ref idref="oc-2f"/>
      </symbol>
      <symbol id="sm-42c">
         <name>_MMC_dxrdy</name>
         <value>0x42ff9</value>
         <object_component_ref idref="oc-2f"/>
      </symbol>
      <symbol id="sm-42d">
         <name>_MMC_selectCard</name>
         <value>0x419d3</value>
         <object_component_ref idref="oc-2f"/>
      </symbol>
      <symbol id="sm-42e">
         <name>_MMC_sendGoIdle</name>
         <value>0x41765</value>
         <object_component_ref idref="oc-2f"/>
      </symbol>
      <symbol id="sm-42f">
         <name>_SD_configurePullup</name>
         <value>0x4069b</value>
         <object_component_ref idref="oc-2f"/>
      </symbol>
      <symbol id="sm-430">
         <name>_MMC_setCardPtr</name>
         <value>0x4157a</value>
         <object_component_ref idref="oc-2f"/>
      </symbol>
      <symbol id="sm-431">
         <name>_MMC_ierEnable</name>
         <value>0x407b7</value>
         <object_component_ref idref="oc-2f"/>
      </symbol>
      <symbol id="sm-432">
         <name>_SD_sendAllCID</name>
         <value>0x400fe</value>
         <object_component_ref idref="oc-2f"/>
      </symbol>
      <symbol id="sm-433">
         <name>_MMC_setupNative</name>
         <value>0x411d2</value>
         <object_component_ref idref="oc-2f"/>
      </symbol>
      <symbol id="sm-434">
         <name>_MMC_drrdy</name>
         <value>0x43026</value>
         <object_component_ref idref="oc-2f"/>
      </symbol>
      <symbol id="sm-435">
         <name>_SD_getCardCsd</name>
         <value>0x4027a</value>
         <object_component_ref idref="oc-2f"/>
      </symbol>
      <symbol id="sm-436">
         <name>_MMC_setWriteBlkEraseCnt</name>
         <value>0x41259</value>
         <object_component_ref idref="oc-2f"/>
      </symbol>
      <symbol id="sm-437">
         <name>_MMC_getNumberOfCards</name>
         <value>0x42851</value>
         <object_component_ref idref="oc-2f"/>
      </symbol>
      <symbol id="sm-438">
         <name>_MMC_setDmaHandle</name>
         <value>0x41415</value>
         <object_component_ref idref="oc-2f"/>
      </symbol>
      <symbol id="sm-439">
         <name>_MMC_getStatus</name>
         <value>0x42820</value>
         <object_component_ref idref="oc-2f"/>
      </symbol>
      <symbol id="sm-43a">
         <name>_MMC_getCardCsd</name>
         <value>0x429c6</value>
         <object_component_ref idref="oc-2f"/>
      </symbol>
      <symbol id="sm-43b">
         <name>_MMC_sendRca</name>
         <value>0x41631</value>
         <object_component_ref idref="oc-2f"/>
      </symbol>
      <symbol id="sm-43c">
         <name>_MMC_setEndianMode</name>
         <value>0x413b0</value>
         <object_component_ref idref="oc-2f"/>
      </symbol>
      <symbol id="sm-43d">
         <name>_MMC_setCardType</name>
         <value>0x4154d</value>
         <object_component_ref idref="oc-2f"/>
      </symbol>
      <symbol id="sm-43e">
         <name>_MMC_eventEnable</name>
         <value>0x42c93</value>
         <object_component_ref idref="oc-2f"/>
      </symbol>
      <symbol id="sm-43f">
         <name>_MMC_init</name>
         <value>0x427f5</value>
         <object_component_ref idref="oc-2f"/>
      </symbol>
      <symbol id="sm-440">
         <name>_SD_setBusWidth</name>
         <value>0x40000</value>
         <object_component_ref idref="oc-2f"/>
      </symbol>
      <symbol id="sm-441">
         <name>_MMC_setCallBack</name>
         <value>0x41597</value>
         <object_component_ref idref="oc-2f"/>
      </symbol>
      <symbol id="sm-442">
         <name>_MMC_setRca</name>
         <value>0x4132d</value>
         <object_component_ref idref="oc-2f"/>
      </symbol>
      <symbol id="sm-443">
         <name>_MMC_checkReadDmaDone</name>
         <value>0x41df6</value>
         <object_component_ref idref="oc-2f"/>
      </symbol>
      <symbol id="sm-444">
         <name>_MMC_setBlockLength</name>
         <value>0x415c3</value>
         <object_component_ref idref="oc-2f"/>
      </symbol>
      <symbol id="sm-4e9">
         <name>_DMA_init</name>
         <value>0x43764</value>
         <object_component_ref idref="oc-34"/>
      </symbol>
      <symbol id="sm-4ea">
         <name>_DMA_getConfig</name>
         <value>0x43805</value>
         <object_component_ref idref="oc-34"/>
      </symbol>
      <symbol id="sm-4eb">
         <name>_DMA_config</name>
         <value>0x43b77</value>
         <object_component_ref idref="oc-34"/>
      </symbol>
      <symbol id="sm-4ec">
         <name>_DMA_swapWords</name>
         <value>0x4323f</value>
         <object_component_ref idref="oc-34"/>
      </symbol>
      <symbol id="sm-4ed">
         <name>_DMA_stop</name>
         <value>0x43274</value>
         <object_component_ref idref="oc-34"/>
      </symbol>
      <symbol id="sm-4ee">
         <name>_DMA_open</name>
         <value>0x436d8</value>
         <object_component_ref idref="oc-34"/>
      </symbol>
      <symbol id="sm-4ef">
         <name>_DMA_start</name>
         <value>0x43354</value>
         <object_component_ref idref="oc-34"/>
      </symbol>
      <symbol id="sm-4f0">
         <name>_DMA_getLastTransferType</name>
         <value>0x4378f</value>
         <object_component_ref idref="oc-34"/>
      </symbol>
      <symbol id="sm-4f1">
         <name>_DMA_close</name>
         <value>0x443bc</value>
         <object_component_ref idref="oc-34"/>
      </symbol>
      <symbol id="sm-4f2">
         <name>_DMA_reset</name>
         <value>0x43434</value>
         <object_component_ref idref="oc-34"/>
      </symbol>
      <symbol id="sm-4fe">
         <name>__sysstack</name>
         <value>0x47184</value>
         <object_component_ref idref="oc-5f"/>
      </symbol>
      <symbol id="sm-4ff">
         <name>_c_int00</name>
         <value>0x450f7</value>
         <object_component_ref idref="oc-b"/>
      </symbol>
      <symbol id="sm-500">
         <name>__stack</name>
         <value>0x45184</value>
         <object_component_ref idref="oc-39"/>
      </symbol>
      <symbol id="sm-510">
         <name>C$$EXIT</name>
         <value>0x4517b</value>
         <object_component_ref idref="oc-41"/>
      </symbol>
      <symbol id="sm-511">
         <name>_exit</name>
         <value>0x450b9</value>
         <object_component_ref idref="oc-3d"/>
      </symbol>
      <symbol id="sm-512">
         <name>_abort</name>
         <value>0x4517a</value>
         <object_component_ref idref="oc-41"/>
      </symbol>
      <symbol id="sm-513">
         <name>__cleanup_ptr</name>
         <value>0x48658</value>
         <object_component_ref idref="oc-3e"/>
      </symbol>
      <symbol id="sm-514">
         <name>__dtors_ptr</name>
         <value>0x4865c</value>
         <object_component_ref idref="oc-3e"/>
      </symbol>
      <symbol id="sm-51c">
         <name>__mpyli</name>
         <value>0x45155</value>
         <object_component_ref idref="oc-44"/>
      </symbol>
      <symbol id="sm-51d">
         <name>I$$LMPY</name>
         <value>0x45155</value>
         <object_component_ref idref="oc-44"/>
      </symbol>
      <symbol id="sm-525">
         <name>__remu</name>
         <value>0x45140</value>
         <object_component_ref idref="oc-48"/>
      </symbol>
      <symbol id="sm-526">
         <name>__divu</name>
         <value>0x4512b</value>
         <object_component_ref idref="oc-48"/>
      </symbol>
      <symbol id="sm-527">
         <name>I$$UMOD</name>
         <value>0x45140</value>
         <object_component_ref idref="oc-48"/>
      </symbol>
      <symbol id="sm-528">
         <name>I$$UDIV</name>
         <value>0x4512b</value>
         <object_component_ref idref="oc-48"/>
      </symbol>
      <symbol id="sm-532">
         <name>_Reset</name>
         <value>0x100</value>
         <object_component_ref idref="oc-4d"/>
      </symbol>
      <symbol id="sm-540">
         <name>__unlock</name>
         <value>0x48654</value>
         <object_component_ref idref="oc-52"/>
      </symbol>
      <symbol id="sm-541">
         <name>__lock</name>
         <value>0x48650</value>
         <object_component_ref idref="oc-52"/>
      </symbol>
      <symbol id="sm-542">
         <name>__register_lock</name>
         <value>0x45170</value>
         <object_component_ref idref="oc-51"/>
      </symbol>
      <symbol id="sm-543">
         <name>__nop</name>
         <value>0x45178</value>
         <object_component_ref idref="oc-51"/>
      </symbol>
      <symbol id="sm-544">
         <name>__register_unlock</name>
         <value>0x45168</value>
         <object_component_ref idref="oc-51"/>
      </symbol>
      <symbol id="sm-54e">
         <name>__args_main</name>
         <value>0x4506e</value>
         <object_component_ref idref="oc-57"/>
      </symbol>
      <symbol id="sm-54f">
         <name>__TI_args_main</name>
         <value>0x1</value>
      </symbol>
      <symbol id="sm-557">
         <name>_auto_init</name>
         <value>0x45021</value>
         <object_component_ref idref="oc-5b"/>
      </symbol>
   </symbol_table>
</link_info>
